10-19 18:02:08.397 D/LocationManager( 7002): ... Custom sailplane overlay updated successfully (track=0.0deg)
10-19 18:02:08.404 D/WindowManager( 2747): setActiveRecents, recents=ActivityRecord{9f7c36 u0 com.sec.android.app.launcher/com.android.quickstep.RecentsActivity t20062}, task=Task{c4b6c4b #20537 type=standard A=10516:com.example.xcpro.debug}, caller=com.android.server.wm.InputMonitor.setActiveRecents:32 com.android.server.wm.Transition.handleLegacyRecentsStartBehavior:107 com.android.server.wm.Transition.onTransactionReady:2212 
10-19 18:02:08.404 I/SurfaceControlRegistry( 2747): show, t=StartTransaction_SyncId<4007> sc=ActivityRecord{9f7c36 u0 com.sec.android.app.launcher/com.android.quickstep.RecentsActivity t20062}, caller=android.view.SurfaceControl$Transaction.show:3232 com.android.server.wm.Transition.onTransactionReady:2273 com.android.server.wm.BLASTSyncEngine$SyncGroup.finishNow:195 com.android.server.wm.BLASTSyncEngine.onSurfacePlacement:269 com.android.server.wm.RootWindowContainer.performSurfacePlacementNoTrace:471 com.android.server.wm.RootWindowContainer.performSurfacePlacement:9 
10-19 18:02:08.404 I/SurfaceControlRegistry( 2747): hide, t=FinishTransaction_SyncId<4007> sc=TransientLaunchOverlayToken{1d901e1 token=android.os.BinderProxy@22825eb}, caller=android.view.SurfaceControl$Transaction.hide:3258 com.android.server.wm.Transition.buildFinishTransaction:143 com.android.server.wm.Transition.onTransactionReady:2397 com.android.server.wm.BLASTSyncEngine$SyncGroup.finishNow:195 com.android.server.wm.BLASTSyncEngine.onSurfacePlacement:269 com.android.server.wm.RootWindowContainer.performSurfacePlacementNoTrace:471 
10-19 18:02:08.404 I/SurfaceFlinger( 1950): [Transition Root: Task=20062#68723] attach to parent LayerHierarchy{RequestedLayerState{DefaultTaskDisplayArea_d0#11 parentId=10} 18 children}
10-19 18:02:08.405 I/HoneySpace.AnimationSession( 4221): ToggleRecentsView, TaskListView appear completed.
10-19 18:02:08.405 I/HoneySpace.AnimationSession( 4221): [-1/7] waitReadyToAddView
10-19 18:02:08.405 W/Layer   ( 1950): gatherBufferInfo: Received unknown dataspace from gralloc
10-19 18:02:08.405 I/HoneySpace.AnimationSession( 4221): [0/7] Add recentsUI to OverlayWindow
10-19 18:02:08.405 I/HoneySpace.LeashOverlayWindowImpl( 4221): addSimpleRecentsUi
10-19 18:02:08.406 I/HoneySpace.HoneyFactoryImpl( 4221): createAlone honeyInfo=HoneyInfo(parentHoney=null, packageName=null, type=simple_suggestedapps), honeyData=HoneyData(id=-998, data=null, bundleData=null, savedState=null), context=android.window.WindowContext@d546260
10-19 18:02:08.406 I/HoneySpace.DefaultPlugin( 4221): createHoney honeyInfo=HoneyInfo(parentHoney=null, packageName=null, type=simple_suggestedapps) honeyData=HoneyData(id=-998, data=null, bundleData=null, savedState=null) context=android.window.WindowContext@d546260
10-19 18:02:08.406 V/WindowManager( 2747): Calling onTransitionReady: {id=4007 t=TO_FRONT f=0x80 trk=0 r=[0@Point(0, 0)] c=[
10-19 18:02:08.406 V/WindowManager( 2747):         {null m=TO_FRONT f=TRANSLUCENT|FLAG_IS_SYSTEM_WINDOW|TRANSIENT_LAUNCH_OVERLAY leash=Surface(name=TransientLaunchOverlayToken{1d901e1 token=android.os.BinderProxy@22825eb})/@0x96d2504 sb=Rect(0, 0 - 1080, 2316) eb=Rect(0, 0 - 1080, 2316) d=0 inset=Rect(0, 0 - 0, 0)},
10-19 18:02:08.406 V/WindowManager( 2747):         {WCT{RemoteToken{e6cad22 Task{3848737 #20062 type=recents I=com.sec.android.app.launcher/com.android.quickstep.RecentsActivity}}} m=TO_FRONT f=SHOW_WALLPAPER|MOVE_TO_TOP|EDGE_EXTENSION_RESTRICTION leash=Surface(name=Task=20062)/@0xd65ed17 sb=Rect(0, 0 - 1080, 2316) eb=Rect(0, 0 - 1080, 2316) d=0 taskParent=-1 inset=Rect(0, 75 - 0, 144)},
10-19 18:02:08.406 V/WindowManager( 2747):         {WCT{RemoteToken{e2673b8 Task{c4b6c4b #20537 type=standard A=10516:com.example.xcpro.debug}}} m=TO_BACK f=EDGE_EXTENSION_RESTRICTION leash=Surface(name=Task=20537)/@0xdc3c82a sb=Rect(0, 0 - 1080, 2316) eb=Rect(0, 0 - 1080, 2316) d=0 taskParent=-1 inset=Rect(0, 75 - 0, 0) dim=true},
10-19 18:02:08.406 V/WindowManager( 2747):         {null m=TO_FRONT f=IS_WALLPAPER|IS_FIXED_PORTRAIT p=WCT{RemoteToken{f51d9dd RemoteWallpaperAnim:1:1@248854733}} leash=Surface(name=WallpaperWindowToken{e104fc1 token=android.os.Binder@7dc88cb})/@0x58552ee sb=Rect(0, 0 - 1080, 2316) eb=Rect(0, 0 - 1080, 2316) d=0 inset=Rect(0, 0 - 0, 0)}
10-19 18:02:08.406 V/WindowManager( 2747):     ]}
10-19 18:02:08.408 I/HoneySpace.SimpleSuggestedAppsPot( 4221): onCreate - honey=l4.f@f2bedc9 (HoneySpaceInfo(name=OneUI))  honeyScope=CoroutineScope(coroutineContext=[SupervisorJobImpl{Active}@a9dacce, Dispatchers.Main.immediate])
10-19 18:02:08.408 I/HoneySpace.SimpleSuggestedAppsPot( 4221): createView
10-19 18:02:08.408 D/PowerManagerService( 2747): [api] setPowerBoost(L) boost:0, durationMs:0, caller (uid: 1000 pid: 2747) <- m() in com.android.server.display.DisplayManagerService$BinderService$$ExternalSyntheticOutline0:1
10-19 18:02:08.408 I/ActivityTaskManager( 2747): done cause=notifyTransitionStarting drawn timestamp=613913158135287 info=TransitionInfo{3c30d44 a=ActivityRecord{9f7c36 u0 com.sec.android.app.launcher/com.android.quickstep.RecentsActivity t20062} d=true}
10-19 18:02:08.410 V/WindowManagerShell( 3782): onTransitionReady(transaction=11798275841138)
10-19 18:02:08.413 I/SurfaceFlinger( 1950): Layer [Input Consumer recents_animation_input_consumer#134] hidden!! flag(0)
10-19 18:02:08.413 I/HoneySpace.TaskThumbnailSourceImpl( 4221): Request task thumbnail, taskId=20525, isLowResolution=false
10-19 18:02:08.413 I/SurfaceFlinger( 1950): Layer [Task=20062#5310] hidden!! flag(0)
10-19 18:02:08.413 I/SurfaceFlinger( 1950): [LayerHierarchy{RequestedLayerState{Input Consumer recents_animation_input_consumer#134 relativeParentId=68692 z=2} no children}] RelativeParent to LayerHierarchy{RequestedLayerState{Task=20537#68692 parentId=11 z=13} 2 children}
10-19 18:02:08.413 W/Layer   ( 1950): gatherBufferInfo: Received unknown dataspace from gralloc
10-19 18:02:08.414 W/Layer   ( 1950): gatherBufferInfo: Received unknown dataspace from gralloc
10-19 18:02:08.414 V/WindowManagerShell( 3782): onTransitionReady (#4007) android.os.BinderProxy@80b0c9d: {id=4007 t=TO_FRONT f=0x80 trk=0 r=[0@Point(0, 0)] c=[{null m=TO_FRONT f=TRANSLUCENT|FLAG_IS_SYSTEM_WINDOW|TRANSIENT_LAUNCH_OVERLAY leash=Surface(name=TransientLaunchOverlayToken{1d901e1 token=android.os.BinderProxy@22825eb})/@0xb54b4e3 sb=Rect(0, 0 - 1080, 2316) eb=Rect(0, 0 - 1080, 2316) d=0 inset=Rect(0, 0 - 0, 0)},{WCT{android.window.IWindowContainerToken$Stub$Proxy@77c890c} m=TO_FRONT f=SHOW_WALLPAPER|MOVE_TO_TOP|EDGE_EXTENSION_RESTRICTION leash=Surface(name=Task=20062)/@0xcc05ee0 sb=Rect(0, 0 - 1080, 2316) eb=Rect(0, 0 - 1080, 2316) d=0 taskParent=-1 inset=Rect(0, 75 - 0, 144)},{WCT{android.window.IWindowContainerToken$Stub$Proxy@d103255} m=TO_BACK f=EDGE_EXTENSION_RESTRICTION leash=Surface(name=Task=20537)/@0xc10d599 sb=Rect(0, 0 - 1080, 2316) eb=Rect(0, 0 - 1080, 2316) d=0 taskParent=-1 inset=Rect(0, 75 - 0, 0) dim=true},{null m=TO_FRONT f=IS_WALLPAPER|IS_FIXED_PORTRAIT p=WCT{android.window.IWindowContainerToken$Stub$Proxy@1f9846a} leash=Surface(name=WallpaperWindowToken{e104fc1 token=android.os.Binder@7dc88cb})/@0x195c05e sb=Rect(0, 0 - 1080, 2316) eb=Rect(0, 0 - 1080, 2316) d=0 inset=Rect(0, 0 - 0, 0)}]}
10-19 18:02:08.414 I/SurfaceControlRegistry( 3782): show, t=StartTransaction_SyncId<4007> sc=WallpaperWindowToken{e104fc1 token=android.os.Binder@7dc88cb}, caller=android.view.SurfaceControl$Transaction.show:3232 com.android.wm.shell.transition.Transitions.dispatchReady:557 com.android.wm.shell.transition.Transitions.onTransitionReady:243 com.android.wm.shell.transition.Transitions$TransitionPlayerImpl$$ExternalSyntheticLambda0.run:13 android.os.Handler.handleCallback:959 android.os.Handler.dispatchMessage:100 
10-19 18:02:08.415 I/SurfaceControlRegistry( 3782): hide, t=FinishTransaction_SyncId<4007> sc=Task=20537, caller=android.view.SurfaceControl$Transaction.hide:3258 com.android.wm.shell.transition.Transitions.dispatchReady:929 com.android.wm.shell.transition.Transitions.onTransitionReady:243 com.android.wm.shell.transition.Transitions$TransitionPlayerImpl$$ExternalSyntheticLambda0.run:13 android.os.Handler.handleCallback:959 android.os.Handler.dispatchMessage:100 
10-19 18:02:08.415 I/SurfaceControlRegistry( 3782): show, t=StartTransaction_SyncId<4007> sc=Task=20062, caller=android.view.SurfaceControl$Transaction.show:3232 com.android.wm.shell.transition.Transitions.dispatchReady:934 com.android.wm.shell.transition.Transitions.onTransitionReady:243 com.android.wm.shell.transition.Transitions$TransitionPlayerImpl$$ExternalSyntheticLambda0.run:13 android.os.Handler.handleCallback:959 android.os.Handler.dispatchMessage:100 
10-19 18:02:08.415 I/SurfaceControlRegistry( 3782): show, t=FinishTransaction_SyncId<4007> sc=Task=20062, caller=android.view.SurfaceControl$Transaction.show:3232 com.android.wm.shell.transition.Transitions.dispatchReady:988 com.android.wm.shell.transition.Transitions.onTransitionReady:243 com.android.wm.shell.transition.Transitions$TransitionPlayerImpl$$ExternalSyntheticLambda0.run:13 android.os.Handler.handleCallback:959 android.os.Handler.dispatchMessage:100 
10-19 18:02:08.415 V/WindowManagerShell( 3782): Playing animation for (#4007) android.os.BinderProxy@80b0c9d@0
10-19 18:02:08.415 I/SurfaceControlRegistry( 3782): show, t=StartTransaction_SyncId<4007> sc=Transition Root: Task=20062, caller=android.view.SurfaceControl$Transaction.show:3232 com.android.wm.shell.transition.Transitions.playTransition:81 com.android.wm.shell.transition.Transitions.processReadyQueue:250 com.android.wm.shell.transition.Transitions.dispatchReady:1007 com.android.wm.shell.transition.Transitions.onTransitionReady:243 com.android.wm.shell.transition.Transitions$TransitionPlayerImpl$$ExternalSyntheticLambda0.run:13 
10-19 18:02:08.415 V/WindowManagerShell( 3782):  try firstHandler com.android.wm.shell.recents.RecentsTransitionHandler@3e9e3db
10-19 18:02:08.415 V/ShellRecents( 3782): [14466932] RecentsController.start
10-19 18:02:08.415 D/BaroCalc( 7002): > Skip sample: invalid gpsAltitude (null)
10-19 18:02:08.415 I/SurfaceFlinger( 1950): id=68724 createSurf, flag=84000, Surface(name=TransientLaunchOverlayToken{1d901e1 token=android.os.BinderProxy@22825eb})/@0xb54b4e3_transition-leash#68724
10-19 18:02:08.416 I/HoneySpace.RecentTasks( 4221): onRecentTasksChanged
10-19 18:02:08.418 I/SurfaceControlRegistry( 3782): show, t=StartTransaction_SyncId<4007> sc=TransientLaunchOverlayToken{1d901e1 token=android.os.BinderProxy@22825eb}, caller=android.view.SurfaceControl$Transaction.show:3232 com.android.wm.shell.shared.TransitionUtil.createLeash:443 com.android.wm.shell.shared.TransitionUtil.newTarget:1 com.android.wm.shell.recents.RecentsTransitionHandler.startAnimation:1348 com.android.wm.shell.transition.Transitions.playTransition:642 com.android.wm.shell.transition.Transitions.processReadyQueue:250 
10-19 18:02:08.418 I/SurfaceFlinger( 1950): id=68725 createSurf, flag=84000, Surface(name=Task=20062)/@0xcc05ee0_transition-leash#68725
10-19 18:02:08.420 D/ElevationCache( 7002): ... Cache HIT: 62m at (-33.8943776, 151.2692477) [hit rate: 85%]
10-19 18:02:08.420 D/SimpleAGL( 7002): ... AGL raw: 17m (Alt: 79m, Ground: 62m, Speed: 0m/s)
10-19 18:02:08.421 D/BoundBrokerSvc( 6295): onUnbind: Intent { act=com.google.android.gms.auth.api.signin.service.START pkg=com.google.android.gms }
10-19 18:02:08.421 I/SurfaceFlinger( 1950): [Surface(name=TransientLaunchOverlayToken{1d901e1 token=android.os.BinderProxy@22825eb})/@0xb54b4e3_transition-leash#68724] attach to parent LayerHierarchy{RequestedLayerState{Transition Root: Task=20062#68723 parentId=11} 1 children}
10-19 18:02:08.421 I/SurfaceFlinger( 1950): [Surface(name=Task=20062)/@0xcc05ee0_transition-leash#68725] attach to parent LayerHierarchy{RequestedLayerState{Transition Root: Task=20062#68723 parentId=11} 2 children}
10-19 18:02:08.421 D/MapInitializer( 7002): ^3 Waiting for SkySight authentication... attempt 8
10-19 18:02:08.422 D/MapInitializer( 7002): "* Camera idle, zoom: 9.628437500000002
10-19 18:02:08.422 V/APM_AudioPolicyManager( 1936): setAppState(portId:14983, state:2)
10-19 18:02:08.422 W/Layer   ( 1950): gatherBufferInfo: Received unknown dataspace from gralloc
10-19 18:02:08.422 W/Layer   ( 1950): gatherBufferInfo: Received unknown dataspace from gralloc
10-19 18:02:08.423 D/SystemUIService( 3782): SYSUI_RAM_OPTIMIZATION onTrimMemory=20
10-19 18:02:08.423 I/HoneySpace.PhoneIconStyleFactory( 4221): init densityDpi=480
10-19 18:02:08.423 D/[secipm]( 2747): mSecIpmManager report to nap
10-19 18:02:08.423 D/CentralSurfaces( 3782): SYSUI_RAM_OPTIMIZATION onTrimMemory=20
10-19 18:02:08.423 I/PkgPredictorService-SecIpmManagerServiceImpl( 2747): reportToNAP uid:10142 com.sec.android.app.launcher/com.android.quickstep.RecentsActivity thisTime:84
10-19 18:02:08.423 D/PkgPredictorService-SecIpmManagerServiceImpl( 2747): reportToNAP: mHeavyLaunchCounter is false
10-19 18:02:08.424 D/FlightDataManager( 7002): Live flight data updated: GPS fixed=RealTimeFlightData(latitude=-33.8943776, longitude=151.2692477, gpsAltitude=86.9000015258789, baroAltitude=79.61918903778991, agl=17.617593953786766, verticalSpeed=0.0, pressureAltitude=79.75772124853633, baroGpsDelta=-7.280812488088998, baroConfidence=LOW, qnhCalibrationAgeSeconds=-1, groundSpeed=0.0, track=0.0, accuracy=88.54299926757812, satelliteCount=0, flightTime=00:00, timestamp=1760857328418, currentPressureHPa=1003.7047729492188, qnh=1013.25, isQNHCalibrated=false, windSpeed=0.0, windDirection=0.0, thermalAverage=0.0, currentLD=0.0, netto=0.0, varioOptimized=0.0, varioLegacy=0.0, varioRaw=0.0, varioGPS=0.0, varioComplementary=0.8001262238489941, lastUpdateTime=1760857328423, calculationSource=GPS+BARO+COMPASS+IMU+TE+AGL+50Hz)
10-19 18:02:08.424 D/PkgPredictorService-SecIpmManagerServiceImpl( 2747): ACTION_FOREGROUND_FINISH_EVENT sCurForegroundApp :com.sec.android.app.launcher
10-19 18:02:08.424 I/SurfaceControlRegistry( 3782): show, t=StartTransaction_SyncId<4007> sc=Task=20062, caller=android.view.SurfaceControl$Transaction.show:3232 com.android.wm.shell.shared.TransitionUtil.createLeash:443 com.android.wm.shell.recents.RecentsTransitionHandler.startAnimation:816 com.android.wm.shell.transition.Transitions.playTransition:642 com.android.wm.shell.transition.Transitions.processReadyQueue:250 com.android.wm.shell.transition.Transitions.dispatchReady:1007 
10-19 18:02:08.424 D/LocationManager( 7002): " GPS Data: fixed=RealTimeFlightData(latitude=-33.8943776, longitude=151.2692477, gpsAltitude=86.9000015258789, baroAltitude=79.61918903778991, agl=17.617593953786766, verticalSpeed=0.0, pressureAltitude=79.75772124853633, baroGpsDelta=-7.280812488088998, baroConfidence=LOW, qnhCalibrationAgeSeconds=-1, groundSpeed=0.0, track=0.0, accuracy=88.54299926757812, satelliteCount=0, flightTime=00:00, timestamp=1760857328418, currentPressureHPa=1003.7047729492188, qnh=1013.25, isQNHCalibrated=false, windSpeed=0.0, windDirection=0.0, thermalAverage=0.0, currentLD=0.0, netto=0.0, varioOptimized=0.0, varioLegacy=0.0, varioRaw=0.0, varioGPS=0.0, varioComplementary=0.8001262238489941, lastUpdateTime=1760857328423, calculationSource=GPS+BARO+COMPASS+IMU+TE+AGL+50Hz), lat=-33.8943776, lon=151.2692477, accuracy=88.54299926757812, gpsAlt=86.9000015258789m, speed=0.0kt, track=0.0deg
10-19 18:02:08.424 D/LocationManager( 7002): oe User location updated: -33.8943776, 151.2692477
10-19 18:02:08.424 D/LocationManager( 7002): --o Map available for sailplane overlay update, style=true
10-19 18:02:08.425 V/ShellRecents( 3782):   setting recents activity layer=7
10-19 18:02:08.425 I/HoneySpace.SimpleSuggestedAppsPot( 4221): createLayoutStyle
10-19 18:02:08.425 I/HoneySpace.SuggestedAppsViewModel( 4221): setLayoutStyle insets: Insets{left=0, top=75, right=0, bottom=144}, itemSizeLevel: MEDIUM
10-19 18:02:08.425 I/SurfaceFlinger( 1950): id=68726 createSurf, flag=84000, Surface(name=Task=20537)/@0xc10d599_transition-leash#68726
10-19 18:02:08.425 D/HWUI    ( 3782): CacheManager::trimMemory(20)
10-19 18:02:08.425 V/WindowManager( 2747): Sent Transition (#4007) createdAt=10-19 18:02:08.299
10-19 18:02:08.425 I/HoneySpace.PhoneIconStyleFactory( 4221): init densityDpi=480
10-19 18:02:08.425 D/SailplaneLocationOverlay( 7002): ... Location updated: lat=-33.8943776, lon=151.2692477, track=0deg, magHeading=0deg, mode=NORTH_UP, iconRotation=0deg
10-19 18:02:08.425 V/WindowManager( 2747):     startWCT=WindowContainerTransaction { changes = {} hops = [{PendingIntent: options=Bundle[{android.activity.splashScreenStyle=-1, android.activity.sourceInfo=android.app.ActivityOptions$SourceInfo@1df6f62, android:activity.isMlLaunch=-1, android.activity.splitTaskDeferResume=false, android.pendingIntent.backgroundActivityAllowed=1, android:activity.isActiveLaunch=false, android.activity.launchTypeDnD=false, android:activity.startedFromWindowTypeLauncher=false, android:activity.unhandledDropLaunch=false, android:activity.launchInFocusedStageRoot=false, android:activity.animAbortListener=null, android.activity.disableSplashScreen=false, android.activity.startAssistantActivity=false, android:activity.applyBigFreeformSize=false, android.activity.enterPipWhileLaunching=false, android.activity.splitPosition=0, android.activity.preserveTaskWindowingMode=false, android:activity.enterSplitSideWithAdjacentFlag=0, android.activity.transientLaunch=true}]}] errorCallbackToken=null taskFragmentOrganizer=null }
10-19 18:02:08.425 I/HoneySpace.SimpleSuggestedAppsPot( 4221): onViewCreated
10-19 18:02:08.425 V/WindowManager( 2747):     info={id=4007 t=TO_FRONT f=0x80 trk=0 r=[0@Point(0, 0)] c=[
10-19 18:02:08.425 V/WindowManager( 2747):         {null m=TO_FRONT f=TRANSLUCENT|FLAG_IS_SYSTEM_WINDOW|TRANSIENT_LAUNCH_OVERLAY leash=Surface(name=TransientLaunchOverlayToken{1d901e1 token=android.os.BinderProxy@22825eb})/@0x96d2504 sb=Rect(0, 0 - 1080, 2316) eb=Rect(0, 0 - 1080, 2316) d=0 inset=Rect(0, 0 - 0, 0)},
10-19 18:02:08.425 V/WindowManager( 2747):         {WCT{RemoteToken{e6cad22 Task{3848737 #20062 type=recents I=com.sec.android.app.launcher/com.android.quickstep.RecentsActivity}}} m=TO_FRONT f=SHOW_WALLPAPER|MOVE_TO_TOP|EDGE_EXTENSION_RESTRICTION leash=Surface(name=Task=20062)/@0xd65ed17 sb=Rect(0, 0 - 1080, 2316) eb=Rect(0, 0 - 1080, 2316) d=0 taskParent=-1 inset=Rect(0, 75 - 0, 144)},
10-19 18:02:08.425 V/WindowManager( 2747):         {WCT{RemoteToken{e2673b8 Task{c4b6c4b #20537 type=standard A=10516:com.example.xcpro.debug}}} m=TO_BACK f=EDGE_EXTENSION_RESTRICTION leash=Surface(name=Task=20537)/@0xdc3c82a sb=Rect(0, 0 - 1080, 2316) eb=Rect(0, 0 - 1080, 2316) d=0 taskParent=-1 inset=Rect(0, 75 - 0, 0) dim=true},
10-19 18:02:08.425 V/WindowManager( 2747):         {null m=TO_FRONT f=IS_WALLPAPER|IS_FIXED_PORTRAIT p=WCT{RemoteToken{f51d9dd RemoteWallpaperAnim:1:1@248854733}} leash=Surface(name=WallpaperWindowToken{e104fc1 token=android.os.Binder@7dc88cb})/@0x58552ee sb=Rect(0, 0 - 1080, 2316) eb=Rect(0, 0 - 1080, 2316) d=0 inset=Rect(0, 0 - 0, 0)}
10-19 18:02:08.425 V/WindowManager( 2747):     ]}
10-19 18:02:08.425 I/SurfaceControlRegistry( 3782): show, t=StartTransaction_SyncId<4007> sc=Task=20537, caller=android.view.SurfaceControl$Transaction.show:3232 com.android.wm.shell.shared.TransitionUtil.createLeash:443 com.android.wm.shell.recents.RecentsTransitionHandler.startAnimation:816 com.android.wm.shell.transition.Transitions.playTransition:642 com.android.wm.shell.transition.Transitions.processReadyQueue:250 com.android.wm.shell.transition.Transitions.dispatchReady:1007 
10-19 18:02:08.425 V/ShellRecents( 3782):   adding pausing leaf taskId=20537 at layer=10
10-19 18:02:08.426 V/ShellRecents( 3782):  Excluded change from remote targets, change={null m=TO_FRONT f=IS_WALLPAPER|IS_FIXED_PORTRAIT p=WCT{android.window.IWindowContainerToken$Stub$Proxy@1f9846a} leash=Surface(name=WallpaperWindowToken{e104fc1 token=android.os.Binder@7dc88cb})/@0x195c05e sb=Rect(0, 0 - 1080, 2316) eb=Rect(0, 0 - 1080, 2316) d=0 inset=Rect(0, 0 - 0, 0)}
10-19 18:02:08.426 V/ShellRecents( 3782): Applying transaction=11798275841138
10-19 18:02:08.426 I/HoneySpace.SimpleSuggestedAppsPot( 4221): onViewAttachedToWindow
10-19 18:02:08.426 D/LocationManager( 7002): " NORTH_UP: Camera following location at -33.8943776, 151.2692477
10-19 18:02:08.426 D/LocationManager( 7002): ... Custom sailplane overlay updated successfully (track=0.0deg)
10-19 18:02:08.426 I/HoneySpace.LeashOverlayWindowImpl( 4221): simple suggested apps add complete
10-19 18:02:08.426 I/HoneySpace.LeashOverlayWindowImpl( 4221): simple tasklist already added
10-19 18:02:08.427 I/HoneySpace.AnimationSession( 4221): [1/7] Request taskPosition from RecentscreenPot
10-19 18:02:08.427 I/HoneySpace.AnimationSession( 4221): getTaskViewPosition, wait response
10-19 18:02:08.427 I/SurfaceControlRegistry( 3782): apply, t=StartTransaction_SyncId<4007>, caller=android.view.SurfaceControl$Transaction.apply:3135 android.view.SurfaceControl$Transaction.apply:3122 android.view.SurfaceControl$Transaction.apply:3078 com.android.wm.shell.recents.RecentsTransitionHandler.startAnimation:1455 com.android.wm.shell.transition.Transitions.playTransition:642 com.android.wm.shell.transition.Transitions.processReadyQueue:250 
10-19 18:02:08.427 V/ShellRecents( 3782): Trying to get a handler for takeover but the flag is disabled
10-19 18:02:08.427 V/ShellRecents( 3782): [14466932] RecentsController.start: calling onAnimationStart with 3 apps
10-19 18:02:08.428 V/APM_AudioPolicyManager( 1936): setAppState(portId:14983, state:2)
10-19 18:02:08.429 I/HoneySpace.AnimationSession( 4221): [2/7] Send TaskList to TaskListPot, startingInfo : RecentEnterStartingInfo(recentsViewTargetPosition=1, showAnimStartPosition=1, isLeashTargetCenter=false)
10-19 18:02:08.429 D/LocationManager( 7002): " GPS Data: fixed=RealTimeFlightData(latitude=-33.8943776, longitude=151.2692477, gpsAltitude=86.9000015258789, baroAltitude=79.61918903778991, agl=17.617593953786766, verticalSpeed=0.0, pressureAltitude=79.75772124853633, baroGpsDelta=-7.280812488088998, baroConfidence=LOW, qnhCalibrationAgeSeconds=-1, groundSpeed=0.0, track=0.0, accuracy=88.54299926757812, satelliteCount=0, flightTime=00:00, timestamp=1760857328418, currentPressureHPa=1003.7047729492188, qnh=1013.25, isQNHCalibrated=false, windSpeed=0.0, windDirection=0.0, thermalAverage=0.0, currentLD=0.0, netto=0.0, varioOptimized=0.0, varioLegacy=0.0, varioRaw=0.0, varioGPS=0.0, varioComplementary=0.8001262238489941, lastUpdateTime=1760857328423, calculationSource=GPS+BARO+COMPASS+IMU+TE+AGL+50Hz), lat=-33.8943776, lon=151.2692477, accuracy=88.54299926757812, gpsAlt=86.9000015258789m, speed=0.0kt, track=0.0deg
10-19 18:02:08.429 D/LocationManager( 7002): oe User location updated: -33.8943776, 151.2692477
10-19 18:02:08.429 D/LocationManager( 7002): --o Map available for sailplane overlay update, style=true
10-19 18:02:08.429 D/SailplaneLocationOverlay( 7002): ... Location updated: lat=-33.8943776, lon=151.2692477, track=0deg, magHeading=0deg, mode=NORTH_UP, iconRotation=0deg
10-19 18:02:08.430 I/HoneySpace.GestureEventController( 4221): SetGestureTaskList, SendGestureTaskList(taskList=[[#20537=com.example.xcpro.debug], [#20525=com.samsung.android.messaging], [#20529=com.fresha.Business], [#20530=com.sec.android.app.camera], [#20519=com.samsung.android.dialer], [#20518=com.authy.authy], [#20488=com.airbnb.android], [#20517=com.google.android.youtube], [#20509=com.coinbase.android], [#20513=com.facebook.katana], [#20514=com.google.android.googlequicksearchbox], [#20485=com.whatsapp]], initPosition=1, runningTaskId=20537, showAnimStartPosition=1, isLeashTargetCenter=false, forSimple=true)
10-19 18:02:08.430 I/SurfaceFlinger( 1950): Layer [TransientLaunchOverlayToken{1d901e1 token=android.os.BinderProxy@22825eb}#135] hidden!! flag(0)
10-19 18:02:08.430 I/SurfaceFlinger( 1950): Layer [WallpaperWindowToken{e104fc1 token=android.os.Binder@7dc88cb}#76] hidden!! flag(0)
10-19 18:02:08.430 E/SurfaceFlinger( 1950): alpha changed 1.000 -> 0.000 - Surface(name=Task=20062)/@0xcc05ee0_transition-leash#68725
10-19 18:02:08.430 E/SurfaceFlinger( 1950): alpha changed 1.000 -> 0.000 - Surface(name=TransientLaunchOverlayToken{1d901e1 token=android.os.BinderProxy@22825eb})/@0xb54b4e3_transition-leash#68724
10-19 18:02:08.430 I/HoneySpace.GestureEventController( 4221): SetGestureTaskList, SendGestureTaskList(taskList=[[#20537=com.example.xcpro.debug], [#20525=com.samsung.android.messaging], [#20529=com.fresha.Business], [#20530=com.sec.android.app.camera], [#20519=com.samsung.android.dialer], [#20518=com.authy.authy], [#20488=com.airbnb.android], [#20517=com.google.android.youtube], [#20509=com.coinbase.android], [#20513=com.facebook.katana], [#20514=com.google.android.googlequicksearchbox], [#20485=com.whatsapp]], initPosition=1, runningTaskId=20537, showAnimStartPosition=1, isLeashTargetCenter=false, forSimple=false)
10-19 18:02:08.430 I/SurfaceFlinger( 1950): Layer [RecentsTransitionOverlay$_4221#138] hidden!! flag(0)
10-19 18:02:08.430 I/SurfaceFlinger( 1950): Layer [ActivityRecord{9f7c36 u0 com.sec.and[...]ickstep.RecentsActivity t20062}#5311] hidden!! flag(0)
10-19 18:02:08.430 I/SurfaceFlinger( 1950): Layer [com.sec.android.app.launcher/com.and[...]uickstep.RecentsActivity$_4221#68722] hidden!! flag(0)
10-19 18:02:08.430 I/HoneySpace.TaskListLoadCheckerImpl( 4221): setLoadingCondition: 8, loadingCondition: 11
10-19 18:02:08.430 I/SurfaceFlinger( 1950): Layer [Transition Root: Task=20062#68723] hidden!! flag(0)
10-19 18:02:08.430 I/SurfaceFlinger( 1950): Layer [com.android.systemui.wallpapers.ImageWallpaper$_3782#86] hidden!! flag(0)
10-19 18:02:08.430 I/SurfaceFlinger( 1950): [LayerHierarchy{RequestedLayerState{TransientLaunchOverlayToken{1d901e1 token=android.os.BinderProxy@22825eb}#135 parentId=68724} 1 children}] reparent to LayerHierarchy{RequestedLayerState{Surface(name=TransientLaunchOverlayToken{1d901e1 token=android.os.BinderProxy@22825eb})/@0xb54b4e3_transition-leash#68724 parentId=68723 relativeParentId=5310 z=1} 1 children}
10-19 18:02:08.430 I/SurfaceFlinger( 1950): [LayerHierarchy{RequestedLayerState{Task=20062#5310 parentId=68725} 1 children}] reparent to LayerHierarchy{RequestedLayerState{Surface(name=Task=20062)/@0xcc05ee0_transition-leash#68725 parentId=68723 z=7} 1 children}
10-19 18:02:08.430 I/SurfaceFlinger( 1950): [LayerHierarchy{RequestedLayerState{Task=20537#68692 parentId=68726} 2 children}] reparent to LayerHierarchy{RequestedLayerState{Surface(name=Task=20537)/@0xc10d599_transition-leash#68726 parentId=68723 z=10} 1 children}
10-19 18:02:08.430 I/SurfaceFlinger( 1950): [LayerHierarchy{RequestedLayerState{Surface(name=TransientLaunchOverlayToken{1d901e1 token=android.os.BinderProxy@22825eb})/@0xb54b4e3_transition-leash#68724 parentId=68723 relativeParentId=5310 z=1} 1 children}] reparent to LayerHierarchy{RequestedLayerState{Transition Root: Task=20062#68723 parentId=11 z=13} 2 children}
10-19 18:02:08.430 I/SurfaceFlinger( 1950): [LayerHierarchy{RequestedLayerState{Surface(name=TransientLaunchOverlayToken{1d901e1 token=android.os.BinderProxy@22825eb})/@0xb54b4e3_transition-leash#68724 parentId=68723 relativeParentId=5310 z=1} 1 children}] RelativeParent to LayerHierarchy{RequestedLayerState{Task=20062#5310 parentId=68725} 2 children}
10-19 18:02:08.430 I/SurfaceFlinger( 1950): [LayerHierarchy{RequestedLayerState{Surface(name=Task=20062)/@0xcc05ee0_transition-leash#68725 parentId=68723 z=7} 1 children}] reparent to LayerHierarchy{RequestedLayerState{Transition Root: Task=20062#68723 parentId=11 z=13} 2 children}
10-19 18:02:08.430 I/SurfaceFlinger( 1950): [Surface(name=Task=20537)/@0xc10d599_transition-leash#68726] attach to parent LayerHierarchy{RequestedLayerState{Transition Root: Task=20062#68723 parentId=11 z=13} 3 children}
10-19 18:02:08.430 D/LocationManager( 7002): " NORTH_UP: Camera following location at -33.8943776, 151.2692477
10-19 18:02:08.430 D/LocationManager( 7002): ... Custom sailplane overlay updated successfully (track=0.0deg)
10-19 18:02:08.430 I/HoneySpace.ShellTransitionManager( 4221): startGestureTransition, onAnimationStart, scope:CoroutineScope(coroutineContext=[SupervisorJobImpl{Active}@a17f784, Dispatchers.Default])
10-19 18:02:08.430 D/BaroCalc( 7002): > Skip sample: invalid gpsAltitude (null)
10-19 18:02:08.430 I/HoneySpace.TaskListViewModel( 4221): updateRunningTaskId: 20537
10-19 18:02:08.431 W/Layer   ( 1950): gatherBufferInfo: Received unknown dataspace from gralloc
10-19 18:02:08.431 W/Layer   ( 1950): gatherBufferInfo: Received unknown dataspace from gralloc
10-19 18:02:08.431 W/Layer   ( 1950): gatherBufferInfo: Received unknown dataspace from gralloc
10-19 18:02:08.431 I/HoneySpace.TaskListViewModel( 4221): groupTasks: [[#20537=com.example.xcpro.debug], [#20525=com.samsung.android.messaging], [#20529=com.fresha.Business], [#20530=com.sec.android.app.camera], [#20519=com.samsung.android.dialer], [#20518=com.authy.authy], [#20488=com.airbnb.android], [#20517=com.google.android.youtube], [#20509=com.coinbase.android], [#20513=com.facebook.katana], [#20514=com.google.android.googlequicksearchbox], [#20485=com.whatsapp]]
10-19 18:02:08.431 V/WindowManagerShell( 3782):  animated by firstHandler
10-19 18:02:08.432 I/HoneySpace.TaskListViewModel( 4221): isClearAll: 12, 0, false
10-19 18:02:08.432 I/HoneySpace.TaskListPot( 4221): emptyMessageEnabled false
10-19 18:02:08.432 I/HoneySpace.TaskAdapter( 4221): applyLoadPlans() => tasks: 12 / 12
10-19 18:02:08.433 I/HoneySpace.TaskListViewModel( 4221): applyTaskListData: 12
10-19 18:02:08.433 I/HoneySpace.TiltStackLayoutManager( 4221): scrollToPosition: 1, scrollOffset: 6810, itemCount: 12
10-19 18:02:08.433 I/HoneySpace.SimpleTaskListPot( 4221): taskListApply
10-19 18:02:08.433 I/HoneySpace.TaskListViewModel( 4221): isClearAll: 12, 0, false
10-19 18:02:08.433 I/HoneySpace.TiltStackLayoutManager( 4221): scrollToPosition: 1, scrollOffset: 8172, itemCount: 12
10-19 18:02:08.433 I/HoneySpace.SuggestedAppsProgressRepositoryImpl( 4221): taskLaunchProgress: 0.0, recentsEnteringProgress: 0.0, timeoutProgress: 0.0, enabledProgress: 1.0, closeRecentsProgress: 1.0
10-19 18:02:08.433 I/HoneySpace.TaskIconProgressRepositoryImpl( 4221): taskLaunchProgress: 0.0, recentsEnteringFromAppsProgress: 0.0
10-19 18:02:08.433 I/HoneySpace.CloseAllProgressRepositoryImpl( 4221): taskLaunchProgress: 0.0, recentsEnteringProgress: 0.0
10-19 18:02:08.433 I/HoneySpace.SubViewsProgressRepositoryImpl( 4221): taskLaunchProgress: 0.0, recentsEnteringProgress: 0.0
10-19 18:02:08.433 I/HoneySpace.SuggestedAppsProgressRepositoryImpl( 4221): taskLaunchProgress: 0.0, recentsEnteringProgress: 0.0, timeoutProgress: 0.0, enabledProgress: 1.0, closeRecentsProgress: 1.0
10-19 18:02:08.433 I/HoneySpace.FadingEdgeEffectProgressRepositoryImpl( 4221): alphaProgress: 0.0
10-19 18:02:08.434 W/View    ( 4221): requestLayout() improperly called by android.widget.FrameLayout{623aa2e V.E...... ......I. 0,0-0,0 #7f0a05f0 app:id/suggestedAppsContainer} during layout: running second layout pass
10-19 18:02:08.434 W/View    ( 4221): requestLayout() improperly called by D4.j1{4a909e8 I.ED..... ......ID 0,0-1080,2316} during layout: running second layout pass
10-19 18:02:08.434 I/HoneySpace.TiltStackLayoutManager( 4221): onLayoutChildren() => itemCount: 12, childCount: 5
10-19 18:02:08.434 I/HoneySpace.TaskView( 4221): bindTaskView, tasks = [[id=20537 windowingMode=1 user=0 lastActiveTime=776411749] null], view: 523eb15
10-19 18:02:08.435 I/HoneySpace.TaskAdapter( 4221): attach [position: 0], taskData size: 12, item: ComponentInfo{com.example.xcpro.debug/com.example.xcpro.MainActivity}, animReady: 4, firstBindingComplete: 5, view: 523eb15
10-19 18:02:08.435 I/HoneySpace.HistoryViewModel@75180480@OneUI( 4221): Illegal access. Unknown type. skip load history items
10-19 18:02:08.435 I/HoneySpace.TaskDataRepositoryImpl( 4221): getTaskIconLabelComponent key: id=20537 windowingMode=1 user=0 lastActiveTime=776411749
10-19 18:02:08.435 I/HoneySpace.TaskDataRepositoryImpl( 4221): Request icon and label, id=20537, iconAndLabel: IconAndLabel(icon=android.graphics.Bitmap@1e5ce59, label=XCPro), componentKey: com.example.xcpro.debug/com.example.xcpro.MainActivity#UserHandle{0}
10-19 18:02:08.436 I/HoneySpace.TaskView( 4221): bindTaskView, tasks = [[id=20525 windowingMode=1 user=0 lastActiveTime=776411417] null], view: 6870fb0
10-19 18:02:08.436 I/HoneySpace.TaskAdapter( 4221): attach [position: 1], taskData size: 12, item: ComponentInfo{com.samsung.android.messaging/com.android.mms.ui.ConversationComposer}, animReady: 4, firstBindingComplete: 5, view: 6870fb0
10-19 18:02:08.436 I/HoneySpace.TaskView( 4221): bindTaskView, tasks = [[id=20529 windowingMode=1 user=0 lastActiveTime=776404535] null], view: e256458
10-19 18:02:08.436 D/SurfaceFlinger( 1950): Display 4630947232161729154 HWC layers:
10-19 18:02:08.436 D/SurfaceFlinger( 1950):        CLIENT |   0xb400007004454770 | 0000 | RGBA_8888    |    0.0    0.0 1080.0 2316.0 |    0    0 1080 2316 | Wallpaper BBQ wrapper 5_system#87 (1)
10-19 18:02:08.436 D/SurfaceFlinger( 1950):        CLIENT |   0xb4000070044a0b80 | 0001 | RGBA_8888    |    0.0    0.0 1080.0 2316.0 |    0    0 1080 2316 | com.sec.android.app.launcher/com.and[...]uickstep.RecentsActivity$_4221#68722 (1)
10-19 18:02:08.436 D/SurfaceFlinger( 1950):        DEVICE |   0xb400007004474b40 | 0000 | RGBx_8888    |    0.0    0.0 1080.0 2241.0 |    0   75 1080 2316 | SurfaceView[com.example.xcpro.debug/[...]e.xcpro.MainActivity]@0(BLAST)#68709 (746)
10-19 18:02:08.436 D/SurfaceFlinger( 1950):        DEVICE |   0xb400007004490950 | 0001 | RGBA_8888    |    0.0    0.0 1080.0 2316.0 |    0    0 1080 2316 | com.example.xcpro.debug/com.example.xcpro.MainActivity$_7002#68704 (579)
10-19 18:02:08.436 D/SurfaceFlinger( 1950):        DEVICE |   0xb400007004474900 | 0001 | RGBA_8888    |    0.0    0.0 1080.0   75.0 |    0    0 1080   75 | StatusBar$_3782#103 (204000)
10-19 18:02:08.436 D/SurfaceFlinger( 1950):        DEVICE |   0xb4000070044613a0 | 0001 | RGBA_8888    |    0.0    0.0   67.0  297.0 | 1013  810 1080 1107 |
10-19 18:02:08.436 D/SurfaceFlinger( 1950):  com.sec.android.app.launcher/com.sam[...]l.app.CocktailBarService$_4221#68630 (1)
10-19 18:02:08.436 D/SurfaceFlinger( 1950):        DEVICE |   0xb400007004457590 | 0001 | RGBA_8888    |    0.0    0.0 1080.0  144.0 |    0 2172 1080 2316 | NavigationBar0$_3782#95 (97814)
10-19 18:02:08.436 D/SurfaceFlinger( 1950): 
10-19 18:02:08.436 I/HoneySpace.TaskAdapter( 4221): attach [position: 2], taskData size: 12, item: ComponentInfo{com.fresha.Business/com.fresha.Business.MainActivity}, animReady: 4, firstBindingComplete: 5, view: e256458
10-19 18:02:08.436 I/HoneySpace.TaskDataRepositoryImpl( 4221): getTaskIconLabelComponent key: id=20525 windowingMode=1 user=0 lastActiveTime=776411417
10-19 18:02:08.436 I/HoneySpace.TaskView( 4221): bindTaskView, tasks = [[id=20530 windowingMode=1 user=0 lastActiveTime=764214560] null], view: 66da963
10-19 18:02:08.436 I/HoneySpace.TaskDataRepositoryImpl( 4221): Request icon and label, id=20525, iconAndLabel: IconAndLabel(icon=android.graphics.Bitmap@32e14ae, label=Messages), componentKey: com.samsung.android.messaging/com.android.mms.ui.ConversationComposer#UserHandle{0}
10-19 18:02:08.436 I/HoneySpace.TaskAdapter( 4221): attach [position: 3], taskData size: 12, item: ComponentInfo{com.sec.android.app.camera/com.sec.android.app.camera.Camera}, animReady: 4, firstBindingComplete: 5, view: 66da963
10-19 18:02:08.436 I/HoneySpace.TaskDataRepositoryImpl( 4221): getTaskIconLabelComponent key: id=20529 windowingMode=1 user=0 lastActiveTime=776404535
10-19 18:02:08.437 I/HoneySpace.TaskDataRepositoryImpl( 4221): Request icon and label, id=20529, iconAndLabel: IconAndLabel(icon=android.graphics.Bitmap@b960bef, label=Fresha Partner), componentKey: com.fresha.Business/.MainActivity#UserHandle{0}
10-19 18:02:08.437 I/HoneySpace.TaskDataRepositoryImpl( 4221): getTaskIconLabelComponent key: id=20530 windowingMode=1 user=0 lastActiveTime=764214560
10-19 18:02:08.437 I/HoneySpace.TaskDataRepositoryImpl( 4221): Request icon and label, id=20530, iconAndLabel: IconAndLabel(icon=android.graphics.Bitmap@c3edd83, label=Camera), componentKey: com.sec.android.app.camera/.Camera#UserHandle{0}
10-19 18:02:08.438 I/HoneySpace.TaskView( 4221): bindTaskView, tasks = [[id=20519 windowingMode=1 user=0 lastActiveTime=762677763] null], view: 958032c
10-19 18:02:08.438 I/HoneySpace.TaskAdapter( 4221): attach [position: 4], taskData size: 12, item: ComponentInfo{com.samsung.android.dialer/com.samsung.android.dialer.DialtactsActivity}, animReady: 4, firstBindingComplete: 5, view: 958032c
10-19 18:02:08.438 I/HoneySpace.TaskAdapter( 4221): onCreateViewHolder: 5
10-19 18:02:08.438 I/HoneySpace.TaskDataRepositoryImpl( 4221): getTaskIconLabelComponent key: id=20519 windowingMode=1 user=0 lastActiveTime=762677763
10-19 18:02:08.438 I/HoneySpace.TaskDataRepositoryImpl( 4221): Request icon and label, id=20519, iconAndLabel: IconAndLabel(icon=android.graphics.Bitmap@4e231dc, label=Phone), componentKey: com.samsung.android.dialer/.DialtactsActivity#UserHandle{0}
10-19 18:02:08.438 W/Layer   ( 1950): gatherBufferInfo: Received unknown dataspace from gralloc
10-19 18:02:08.438 W/Layer   ( 1950): gatherBufferInfo: Received unknown dataspace from gralloc
10-19 18:02:08.438 D/SurfaceFlinger( 1950): GPIS:: requestGPISForClientComposition
10-19 18:02:08.445 I/HoneySpace.SimpleTaskListPot( 4221): taskViewAddComplete
10-19 18:02:08.445 I/HoneySpace.CloseAllProgressRepositoryImpl( 4221): taskLaunchProgress: 0.0, recentsEnteringProgress: 0.0
10-19 18:02:08.445 I/HoneySpace.SimpleRecentViewControllerImpl( 4221): sendTaskViewRects, rv : D4.j1{4a909e8 I.ED..... ......ID 0,0-1080,2316}
10-19 18:02:08.445 I/HoneySpace.SimpleRecentViewControllerImpl( 4221): sendTaskViewRects, true, false, 1080, 2316
10-19 18:02:08.445 I/HoneySpace.SimpleRecentViewControllerImpl( 4221): sendTaskViewRects, first sendTaskViewInfo.
10-19 18:02:08.446 I/HoneySpace.SimpleRecentViewControllerImpl( 4221): sendTaskViewRects, second sendTaskViewInfo.
10-19 18:02:08.446 I/HoneySpace.SimpleRecentViewControllerImpl( 4221): sendTaskViewInfo
10-19 18:02:08.446 I/HoneySpace.SimpleRecentViewControllerImpl( 4221): taskViewInfo emit
10-19 18:02:08.446 I/HoneySpace.RecentInteraction( 4221): Receive taskView animation information.
10-19 18:02:08.446 I/HoneySpace.AnimationSession( 4221): startSimpleSuggestedAppsShowAnimation
10-19 18:02:08.446 I/HoneySpace.AnimationSession( 4221): [3/7] start recent enter animation
10-19 18:02:08.446 I/HoneySpace.RecentsAnimationManager( 4221): startRecentsEnterAnimation
10-19 18:02:08.446 I/HoneySpace.MultiStateCallback( 4221): [135281753] Adding [STATE_GESTURE_START_RECENTS_SCREEN (256)] to [STATE_START_RECENTS_TRANSITION, STATE_GESTURE_START_BYKEY (16388)]
10-19 18:02:08.446 I/HoneySpace.InputConsumerProxy( 4221): start recents proxy
10-19 18:02:08.446 I/HoneySpace.AnimationSession( 4221): startRecentEnterAnimation
10-19 18:02:08.446 I/HoneySpace.AnimationSession( 4221): controlByView with taskListView true
10-19 18:02:08.446 I/HoneySpace.TaskViewInteraction( 4221): startRecentEnterAnimation
10-19 18:02:08.446 I/HoneySpace.TaskThumbnailSourceImpl( 4221): Request task thumbnail, taskId=20529, isLowResolution=false
10-19 18:02:08.446 I/HoneySpace.GestureTaskListView( 4221): animateToRecentViewPosition : [20537, 20525, 20529, 20530, 20519], [RectF(927.0, 285.0, 1642.0181, 1674.0878), RectF(199.0, 316.0, 879.8199, 1638.65), RectF(-1036.0, 378.0, -423.30743, 1568.297), RectF(-1165.0, 440.0, -620.1336, 1498.5289), RectF(-1329.0, 440.0, -784.2, 1498.4)]
10-19 18:02:08.446 I/HoneySpace.TaskThumbnailSourceImpl( 4221): Request task thumbnail, taskId=20530, isLowResolution=false
10-19 18:02:08.446 W/Layer   ( 1950): gatherBufferInfo: Received unknown dataspace from gralloc
10-19 18:02:08.446 I/HoneySpace.BackgroundManagerImpl( 4221): setProgress: com.honeyspace.sdk.RecentScreen$Normal@d70d34, p=0.0, ch=223634016, open=true
10-19 18:02:08.446 I/HoneySpace.TaskThumbnailSourceImpl( 4221): Request task thumbnail, taskId=20519, isLowResolution=false
10-19 18:02:08.446 W/Layer   ( 1950): gatherBufferInfo: Received unknown dataspace from gralloc
10-19 18:02:08.446 I/HoneySpace.BackgroundManagerImpl( 4221): setProgressToScrimView[ch=223634016]: progress = 0.0, dim = 0.1, currentDimAlpha={29789367=0.0, 223634016=0.0, 82160814=0.1}
10-19 18:02:08.447 I/HoneySpace.WallpaperBlurView( 4221): clear blur 0.0 false
10-19 18:02:08.447 I/HoneySpace.WallpaperBlurView( 4221): clear view
10-19 18:02:08.447 I/HoneySpace.BackgroundManagerImpl( 4221): setProgressToBlurView[ch=223634016, st =  com.honeyspace.sdk.RecentScreen$Normal@d70d34, progress = 0.0, wb= 0.0]
10-19 18:02:08.447 I/HoneySpace.RecentInteraction( 4221): showSimpleSuggestedApps
10-19 18:02:08.447 I/HoneySpace.GestureTaskListView( 4221): Not yet load completed thumbnail. : 0
10-19 18:02:08.447 I/HoneySpace.SimpleSuggestedAppsPot( 4221): show SimpleSuggestedAppsPot
10-19 18:02:08.447 I/HoneySpace.SimpleSuggestedAppsPot( 4221): show
10-19 18:02:08.447 I/HoneySpace.SimpleSuggestedAppsPot( 4221): loadItems
10-19 18:02:08.447 I/HoneySpace.SuggestedAppsViewModel( 4221): loadItems()
10-19 18:02:08.447 I/HoneySpace.SimpleSuggestedAppsPot( 4221): waitForLoadingComplete
10-19 18:02:08.447 I/HoneySpace.TaskIconProgressRepositoryImpl( 4221): taskLaunchProgress: 0.0, recentsEnteringFromAppsProgress: 0.0
10-19 18:02:08.447 I/HoneySpace.SuggestedAppsRepositoryImpl( 4221): fetchSuggestedApps()
10-19 18:02:08.449 I/SoundAlive_SRC384 arch64( 1936): SoundAlive_SRC384: Instance 3867 Init(outFs 8, InFs 7, chnum 1, outBW 3, inBW 3)
10-19 18:02:08.449 I/Samsung_SoundAlive_SRC arch64( 1936): SRC384 version Samsung SoundAlive SRC ver320 arch64  2021.08.04 (Cppref for ARM64, ver.300.c 32bit 07_10_2016 based)
10-19 18:02:08.449 I/SoundAlive_SRC384 arch64( 1936): SoundAlive_SRC384: Instance 3866 Init(outFs 8, InFs 7, chnum 1, outBW 3, inBW 3)
10-19 18:02:08.449 I/Samsung_SoundAlive_SRC arch64( 1936): SRC384 version Samsung SoundAlive SRC ver320 arch64  2021.08.04 (Cppref for ARM64, ver.300.c 32bit 07_10_2016 based)
10-19 18:02:08.449 I/HoneySpace.BackgroundManagerImpl( 4221): setProgress: com.honeyspace.sdk.RecentScreen$Normal@d70d34, p=0.0, ch=223634016, open=true
10-19 18:02:08.449 I/HoneySpace.BackgroundManagerImpl( 4221): setProgressToScrimView[ch=223634016]: progress = 0.0, dim = 0.1, currentDimAlpha={29789367=0.0, 223634016=0.0, 82160814=0.1}
10-19 18:02:08.449 I/HoneySpace.WallpaperBlurView( 4221): clear blur 0.0 false
10-19 18:02:08.449 I/HoneySpace.WallpaperBlurView( 4221): clear view
10-19 18:02:08.449 I/HoneySpace.BackgroundManagerImpl( 4221): setProgressToBlurView[ch=223634016, st =  com.honeyspace.sdk.RecentScreen$Normal@d70d34, progress = 0.0, wb= 0.0]
10-19 18:02:08.449 I/HoneySpace.GroupTask( 4221): userId:0, isDeviceLocked:false
10-19 18:02:08.450 I/HoneySpace.SuggestedAppsRepositoryImpl( 4221): getTaskListData() collected: 12
10-19 18:02:08.450 I/HoneySpace.SuggestedItemsFacade( 4221): updateTaskList : 12
10-19 18:02:08.452 I/HoneySpace.BadgeDataSourceImpl( 4221): Get notification count. PK(p='com.google.android.gm', u=UserHandle{0}) - forceBadgeCount: false, notification listener: 8, badge provider: 0
10-19 18:02:08.452 I/HoneySpace.BadgeDataSourceImpl( 4221): Get notification count. PK(p='com.whatsapp', u=UserHandle{0}) - forceBadgeCount: false, notification listener: 5, badge provider: 19
10-19 18:02:08.452 I/HoneySpace.BadgeDataSourceImpl( 4221): Get notification count. PK(p='com.airbnb.android', u=UserHandle{0}) - forceBadgeCount: false, notification listener: 2, badge provider: 0
10-19 18:02:08.452 I/HoneySpace.BadgeDataSourceImpl( 4221): Get notification count. PK(p='com.coinbase.android', u=UserHandle{0}) - forceBadgeCount: false, notification listener: 1, badge provider: 0
10-19 18:02:08.452 I/HoneySpace.SuggestedAppsRepositoryImpl( 4221): getDPSData() collected: 9
10-19 18:02:08.452 I/HoneySpace.SuggestedItemsFacade( 4221): updateItems :  9
10-19 18:02:08.453 I/HoneySpace.SuggestedItemsFacade( 4221): DPS items : Fresha Partner, com.fresha.Business/.MainActivity#UserHandle{0}
10-19 18:02:08.453 I/HoneySpace.SuggestedItemsFacade( 4221): DPS items : Messages, com.samsung.android.messaging/com.android.mms.ui.ConversationComposer#UserHandle{0}
10-19 18:02:08.453 I/HoneySpace.SuggestedItemsFacade( 4221): DPS items : Gmail, com.google.android.gm/.ConversationListActivityGmail#UserHandle{0}
10-19 18:02:08.453 I/HoneySpace.SuggestedItemsFacade( 4221): DPS items : Phone, com.samsung.android.dialer/.DialtactsActivity#UserHandle{0}
10-19 18:02:08.453 I/HoneySpace.SuggestedItemsFacade( 4221): DPS items : WhatsApp, com.whatsapp/.Main#UserHandle{0}
10-19 18:02:08.453 I/HoneySpace.SuggestedItemsFacade( 4221): DPS items : Camera, com.sec.android.app.camera/.Camera#UserHandle{0}
10-19 18:02:08.453 I/HoneySpace.SuggestedItemsFacade( 4221): DPS items : Airbnb, com.airbnb.android/.feat.splashscreen.SplashScreenActivity#UserHandle{0}
10-19 18:02:08.453 I/HoneySpace.SuggestedItemsFacade( 4221): DPS items : Coinbase, com.coinbase.android/com.coinbase.retailnativeruntime.LaunchActivity#UserHandle{0}
10-19 18:02:08.453 I/HoneySpace.SuggestedItemsFacade( 4221): DPS items : Gallery, com.sec.android.gallery3d/com.samsung.android.gallery.app.activity.GalleryActivity#UserHandle{0}
10-19 18:02:08.453 I/HoneySpace.FilteredItemProvider( 4221): collect filtered items o, [PK(p='com.example.xcpro.debug', u=UserHandle{0}), PK(p='com.samsung.android.messaging', u=UserHandle{0}), PK(p='com.fresha.Business', u=UserHandle{0})]
10-19 18:02:08.453 I/HoneySpace.FilteredItemProvider( 4221): collect filtered items f, [PK(p='com.samsung.android.appseparation', u=UserHandle{0})]
10-19 18:02:08.453 I/HoneySpace.FilteredItemProvider( 4221): collect filtered items h, []
10-19 18:02:08.453 I/HoneySpace.FilteredItemProvider( 4221): collect filtered items m, [PK(p='com.tinder', u=UserHandle{0}), PK(p='com.example.nettoui', u=UserHandle{0}), PK(p='com.example.skysight', u=UserHandle{0}), PK(p='com.example.modlib1', u=UserHandle{0}), PK(p='com.example.dftasks', u=UserHandle{0}), PK(p='com.example.dfcards', u=UserHandle{0}), PK(p='com.example.hawkvario', u=UserHandle{0}), PK(p='com.example.flightapp', u=UserHandle{0}), PK(p='com.example.ogntracker', u=UserHandle{0}), PK(p='com.example.ogntrackeraus', u=UserHandle{0}), PK(p='ai.x.grok', u=UserHandle{0}), PK(p='com.example.varioversion4', u=UserHandle{0}), PK(p='com.example.thermalvario1', u=UserHandle{0})]
10-19 18:02:08.453 I/HoneySpace.FilteredItemProvider( 4221): collect filtered items b, []
10-19 18:02:08.453 I/HoneySpace.FilteredItemProvider( 4221): collect filtered items d, []
10-19 18:02:08.453 I/HoneySpace.SuggestedItemsFacade( 4221): filteredItem : PK(p='com.example.xcpro.debug', u=UserHandle{0})
10-19 18:02:08.453 I/HoneySpace.SuggestedItemsFacade( 4221): filteredItem : PK(p='com.samsung.android.messaging', u=UserHandle{0})
10-19 18:02:08.453 I/HoneySpace.SuggestedItemsFacade( 4221): item removed by filter - PK(p='com.samsung.android.messaging', u=UserHandle{0})
10-19 18:02:08.453 I/HoneySpace.SuggestedItemsFacade( 4221): filteredItem : PK(p='com.fresha.Business', u=UserHandle{0})
10-19 18:02:08.453 I/HoneySpace.SuggestedItemsFacade( 4221): item removed by filter - PK(p='com.fresha.Business', u=UserHandle{0})
10-19 18:02:08.453 I/HoneySpace.SuggestedItemsFacade( 4221): filteredItem : PK(p='com.samsung.android.appseparation', u=UserHandle{0})
10-19 18:02:08.453 I/HoneySpace.SuggestedItemsFacade( 4221): filteredItem : PK(p='com.tinder', u=UserHandle{0})
10-19 18:02:08.453 I/HoneySpace.SuggestedItemsFacade( 4221): filteredItem : PK(p='com.example.nettoui', u=UserHandle{0})
10-19 18:02:08.453 I/HoneySpace.SuggestedItemsFacade( 4221): filteredItem : PK(p='com.example.skysight', u=UserHandle{0})
10-19 18:02:08.453 I/HoneySpace.SuggestedItemsFacade( 4221): filteredItem : PK(p='com.example.modlib1', u=UserHandle{0})
10-19 18:02:08.453 I/HoneySpace.SuggestedItemsFacade( 4221): filteredItem : PK(p='com.example.dftasks', u=UserHandle{0})
10-19 18:02:08.453 I/HoneySpace.SuggestedItemsFacade( 4221): filteredItem : PK(p='com.example.dfcards', u=UserHandle{0})
10-19 18:02:08.453 I/HoneySpace.SuggestedItemsFacade( 4221): filteredItem : PK(p='com.example.hawkvario', u=UserHandle{0})
10-19 18:02:08.453 I/HoneySpace.SuggestedItemsFacade( 4221): filteredItem : PK(p='com.example.flightapp', u=UserHandle{0})
10-19 18:02:08.453 I/HoneySpace.SuggestedItemsFacade( 4221): filteredItem : PK(p='com.example.ogntracker', u=UserHandle{0})
10-19 18:02:08.453 I/HoneySpace.SuggestedItemsFacade( 4221): filteredItem : PK(p='com.example.ogntrackeraus', u=UserHandle{0})
10-19 18:02:08.453 I/HoneySpace.SuggestedItemsFacade( 4221): filteredItem : PK(p='ai.x.grok', u=UserHandle{0})
10-19 18:02:08.453 I/HoneySpace.SuggestedItemsFacade( 4221): filteredItem : PK(p='com.example.varioversion4', u=UserHandle{0})
10-19 18:02:08.453 I/HoneySpace.SuggestedItemsFacade( 4221): filteredItem : PK(p='com.example.thermalvario1', u=UserHandle{0})
10-19 18:02:08.453 I/HoneySpace.BadgeDataSourceImpl( 4221): Get notification count. PK(p='com.google.android.gm', u=UserHandle{0}) - forceBadgeCount: false, notification listener: 8, badge provider: 0
10-19 18:02:08.453 I/HoneySpace.BadgeDataSourceImpl( 4221): Get notification count. PK(p='com.whatsapp', u=UserHandle{0}) - forceBadgeCount: false, notification listener: 5, badge provider: 19
10-19 18:02:08.453 I/HoneySpace.SuggestedItemsFacade( 4221): after getFilteredDPSItems: 4 / max: 4
10-19 18:02:08.453 I/HoneySpace.SuggestedItemsFacade( 4221): getFinalItems() : 4 / 4, 4
10-19 18:02:08.453 I/HoneySpace.SuggestedItemsFacade( 4221): getFinalItems : Gmail, com.google.android.gm/.ConversationListActivityGmail#UserHandle{0}
