10-19 18:02:08.302 V/WindowManager( 2747): Transition 4007: Set ActivityRecord{9f7c36 u0 com.sec.android.app.launcher/com.android.quickstep.RecentsActivity t20062} as transient-launch, caller=com.android.server.wm.ActivityStartController.startExistingRecents:192 com.android.server.wm.WindowOrganizerController.applyHierarchyOp:31 com.android.server.wm.WindowOrganizerController.applyTransaction:110 
10-19 18:02:08.302 D/ActivityTaskManager( 2747): scheduleTopResumedActivityChanged, onTop=false, r=ActivityRecord{ed5391a u0 com.example.xcpro.debug/com.example.xcpro.MainActivity t20537}, caller=com.android.server.wm.ActivityTaskSupervisor.scheduleTopResumedActivityStateLossIfNeeded:11 com.android.server.wm.ActivityTaskSupervisor.updateTopResumedActivityIfNeeded:19 com.android.server.wm.TaskDisplayArea.positionChildAt:270 com.android.server.wm.Task.moveToFront:443 com.android.server.wm.ActivityStartController.startExistingRecents:201 com.android.server.wm.WindowOrganizerController.applyHierarchyOp:31 
10-19 18:02:08.303 I/SemDvfsHyPerManager( 2747): acquire hyper - AMS_ACT_RESUME/2747@37, type = -999
10-19 18:02:08.303 D/ActivityManagerPerformance( 2747): AMP_acquire() ACT_RESUME
10-19 18:02:08.303 I/ActivityManager( 2747): Changes in 10142 5 to 2, 56 to 127
10-19 18:02:08.303 I/HYPER-HAL( 1841): [RequestManager.cpp]acquire(): Acquired ID : 3876757  [2747 / 37]    HINT : AMS_ACT_RESUME    list : 
10-19 18:02:08.304 V/WindowManager( 2747): Collecting in transition 4007: ActivityRecord{9f7c36 u0 com.sec.android.app.launcher/com.android.quickstep.RecentsActivity t20062}, caller=com.android.server.wm.TransitionController.collect:7 com.android.server.wm.ActivityRecord.setVisibility:189 com.android.server.wm.TaskFragment.resumeTopActivity:1735 com.android.server.wm.ActivityStartController.startExistingRecents:206 com.android.server.wm.WindowOrganizerController.applyHierarchyOp:31 
10-19 18:02:08.304 D/WindowManager( 2747): prepareSync <SYNC_STATE_WAITING_FOR_DRAW>, mPrepareSyncSeqId=0, win=Window{903f91f u0 com.sec.android.app.launcher/com.android.quickstep.RecentsActivity}
10-19 18:02:08.304 V/WindowManager( 2747): Setting visibility of Window{903f91f u0 com.sec.android.app.launcher/com.android.quickstep.RecentsActivity}: true, caller=com.android.server.wm.WindowContainer.sendAppVisibilityToClients:19 com.android.server.wm.WindowToken.setClientVisible:49 com.android.server.wm.ActivityRecord.setVisibility:392 com.android.server.wm.TaskFragment.resumeTopActivity:1735 com.android.server.wm.ActivityStartController.startExistingRecents:206 
10-19 18:02:08.304 I/HoneySpace.RecentscreenPot( 4221): updateSuggestedAppsState, suggestedAppsEnabled: true
10-19 18:02:08.305 W/Layer   ( 1950): gatherBufferInfo: Received unknown dataspace from gralloc
10-19 18:02:08.305 W/Layer   ( 1950): gatherBufferInfo: Received unknown dataspace from gralloc
10-19 18:02:08.305 I/SoundAlive_SRC384 arch64( 1936): SoundAlive_SRC384: Instance 3866 Init(outFs 8, InFs 7, chnum 1, outBW 3, inBW 3)
10-19 18:02:08.305 I/Samsung_SoundAlive_SRC arch64( 1936): SRC384 version Samsung SoundAlive SRC ver320 arch64  2021.08.04 (Cppref for ARM64, ver.300.c 32bit 07_10_2016 based)
10-19 18:02:08.306 V/WindowManager( 2747): rotationForOrientation(orient=SCREEN_ORIENTATION_LOCKED (14), last=ROTATION_0 (0)); user=ROTATION_0 (0) 
10-19 18:02:08.306 D/WindowManager( 2747): rotationForOrientation, orientationSource=ActivityRecord{9f7c36 u0 com.sec.android.app.launcher/com.android.quickstep.RecentsActivity t20062}
10-19 18:02:08.306 V/WindowManager( 2747): Computed rotation=ROTATION_0 (0) for display id=0 based on lastOrientation=SCREEN_ORIENTATION_LOCKED (14) and oldRotation=ROTATION_0 (0), caller=com.android.server.wm.DisplayRotation.updateOrientation:25 com.android.server.wm.DisplayContent.updateOrientation:65 com.android.server.wm.DisplayContent.updateOrientation:11 com.android.server.wm.RootWindowContainer.ensureVisibilityAndConfig:7 com.android.server.wm.TaskFragment.resumeTopActivity:1836 com.android.server.wm.ActivityStartController.startExistingRecents:206 
10-19 18:02:08.307 D/WindowManagerServiceExt( 2747): updateTaskbarTargetIfNeeded: reset
10-19 18:02:08.307 I/SemDvfsHyPerManager( 2747): acquire hyper - AMS_APP_LAUNCH/2747@22, type = -999
10-19 18:02:08.308 D/FreeformController( 2747): beginPostLayoutPolicyLw: forceHideRequester changed, old=null, new=Window{db0b7f4 u0 RecentsTransitionOverlay}
10-19 18:02:08.308 D/FreeformController( 2747): setBlockToAddForceHideFreeformTasks: blockToAddForceHide=true, Caller=com.android.server.wm.DisplayPolicy.finishPostLayoutPolicyLw:121
10-19 18:02:08.309 D/BLASTSyncEngine( 2747): SyncGroup 4007:  Unfinished container: ActivityRecord{9f7c36 u0 com.sec.android.app.launcher/com.android.quickstep.RecentsActivity t20062} mSyncState=2
10-19 18:02:08.309 V/WindowManager( 2747): Relayout Window{db0b7f4 u0 RecentsTransitionOverlay}: viewVisibility=0 req=1x1 ty=2632 d0
10-19 18:02:08.309 V/APM_AudioPolicyManager( 1936): setAppState(portId:14983, state:2)
10-19 18:02:08.309 I/ShellTransitions( 3782): startTransition done, active=android.os.BinderProxy@80b0c9d@-1
10-19 18:02:08.309 V/ShellRecents( 3782): [14466932] RecentsController.setTransition: id=android.os.BinderProxy@80b0c9d
10-19 18:02:08.310 D/BLASTSyncEngine( 2747): SyncGroup 4007:  Unfinished container: ActivityRecord{9f7c36 u0 com.sec.android.app.launcher/com.android.quickstep.RecentsActivity t20062} mSyncState=2
10-19 18:02:08.312 D/BaroCalc( 7002): > Skip sample: invalid gpsAltitude (null)
10-19 18:02:08.313 W/Layer   ( 1950): gatherBufferInfo: Received unknown dataspace from gralloc
10-19 18:02:08.314 W/Layer   ( 1950): gatherBufferInfo: Received unknown dataspace from gralloc
10-19 18:02:08.314 W/Layer   ( 1950): gatherBufferInfo: Received unknown dataspace from gralloc
10-19 18:02:08.314 D/SGM:FgCheckThread( 2747): noteResumeComponent(), received pkgName: com.sec.android.app.launcher, userId: 0
10-19 18:02:08.316 D/ElevationCache( 7002): ... Cache HIT: 62m at (-33.8943776, 151.2692477) [hit rate: 85%]
10-19 18:02:08.316 D/SimpleAGL( 7002): ... AGL raw: 17m (Alt: 79m, Ground: 62m, Speed: 0m/s)
10-19 18:02:08.316 D/MapInitializer( 7002): "* Camera idle, zoom: 9.628437500000002
10-19 18:02:08.316 D/SGM:GameManager( 2747): identifyGamePackage. com.sec.android.app.launcher, mCurrentUserId: 0, callerUserId: 0, callingMethodInfo: com.samsung.android.game.SemGameManager.isGamePackage(SemGameManager.java:105)
10-19 18:02:08.316 D/SGM:SemGameManager( 2747): isGamePackage(), pkgName=com.sec.android.app.launcher, ret=false
10-19 18:02:08.316 I/HoneySpace.RecentTasks( 4221): onRecentTasksChanged
10-19 18:02:08.317 D/LocationManager( 7002): " GPS Data: fixed=RealTimeFlightData(latitude=-33.8943776, longitude=151.2692477, gpsAltitude=86.9000015258789, baroAltitude=79.61232056293495, agl=17.610837224288503, verticalSpeed=0.0, pressureAltitude=79.59799229948158, baroGpsDelta=-7.287680962943952, baroConfidence=LOW, qnhCalibrationAgeSeconds=-1, groundSpeed=0.0, track=0.0, accuracy=88.54299926757812, satelliteCount=0, flightTime=00:00, timestamp=1760857328295, currentPressureHPa=1003.7238159179688, qnh=1013.25, isQNHCalibrated=false, windSpeed=0.0, windDirection=0.0, thermalAverage=0.0, currentLD=0.0, netto=0.0, varioOptimized=0.0, varioLegacy=0.0, varioRaw=0.0, varioGPS=0.0, varioComplementary=0.30486080342507765, lastUpdateTime=1760857328297, calculationSource=GPS+BARO+COMPASS+IMU+TE+AGL+50Hz), lat=-33.8943776, lon=151.2692477, accuracy=88.54299926757812, gpsAlt=86.9000015258789m, speed=0.0kt, track=0.0deg
10-19 18:02:08.317 D/LocationManager( 7002): oe User location updated: -33.8943776, 151.2692477
10-19 18:02:08.317 D/LocationManager( 7002): --o Map available for sailplane overlay update, style=true
10-19 18:02:08.317 I/CocktailBarManagerServiceContainer( 2747): handleMessage: entry what = 5
10-19 18:02:08.317 D/SailplaneLocationOverlay( 7002): ... Location updated: lat=-33.8943776, lon=151.2692477, track=0deg, magHeading=0deg, mode=NORTH_UP, iconRotation=0deg
10-19 18:02:08.318 D/LocationManager( 7002): " NORTH_UP: Camera following location at -33.8943776, 151.2692477
10-19 18:02:08.318 D/LocationManager( 7002): ... Custom sailplane overlay updated successfully (track=0.0deg)
10-19 18:02:08.319 D/FlightDataManager( 7002): Live flight data updated: GPS fixed=RealTimeFlightData(latitude=-33.8943776, longitude=151.2692477, gpsAltitude=86.9000015258789, baroAltitude=79.61362117879466, agl=17.612320562934954, verticalSpeed=0.0, pressureAltitude=79.59799229948158, baroGpsDelta=-7.286380347084247, baroConfidence=LOW, qnhCalibrationAgeSeconds=-1, groundSpeed=0.0, track=0.0, accuracy=88.54299926757812, satelliteCount=0, flightTime=00:00, timestamp=1760857328315, currentPressureHPa=1003.7238159179688, qnh=1013.25, isQNHCalibrated=false, windSpeed=0.0, windDirection=0.0, thermalAverage=0.0, currentLD=0.0, netto=0.0, varioOptimized=0.0, varioLegacy=0.0, varioRaw=0.0, varioGPS=0.0, varioComplementary=0.0914582410275233, lastUpdateTime=1760857328319, calculationSource=GPS+BARO+COMPASS+IMU+TE+AGL+50Hz)
10-19 18:02:08.320 V/WindowManager( 2747): Relayout hash=db0b7f4, pid=4221, syncId=-1: mAttrs={(0,0)(fillxfill) gr=BOTTOM CENTER_VERTICAL sim={adjust=pan} layoutInDisplayCutoutMode=always ty=TRANSIENT_LAUNCH_OVERLAY fmt=TRANSLUCENT if=INPUT_FEATURE_NO_INPUT_CHANNEL
10-19 18:02:08.320 V/WindowManager( 2747):   fl=118
10-19 18:02:08.320 V/WindowManager( 2747):   pfl=10000040
10-19 18:02:08.320 V/WindowManager( 2747):   bhv=1
10-19 18:02:08.320 V/WindowManager( 2747):   frameRateBoostOnTouch=true
10-19 18:02:08.320 V/WindowManager( 2747):   dvrrWindowFrameRateHint=true naviIconColor=0
10-19 18:02:08.320 V/WindowManager( 2747):   sfl=4020000}
10-19 18:02:08.320 D/LocationManager( 7002): " GPS Data: fixed=RealTimeFlightData(latitude=-33.8943776, longitude=151.2692477, gpsAltitude=86.9000015258789, baroAltitude=79.61362117879466, agl=17.612320562934954, verticalSpeed=0.0, pressureAltitude=79.59799229948158, baroGpsDelta=-7.286380347084247, baroConfidence=LOW, qnhCalibrationAgeSeconds=-1, groundSpeed=0.0, track=0.0, accuracy=88.54299926757812, satelliteCount=0, flightTime=00:00, timestamp=1760857328315, currentPressureHPa=1003.7238159179688, qnh=1013.25, isQNHCalibrated=false, windSpeed=0.0, windDirection=0.0, thermalAverage=0.0, currentLD=0.0, netto=0.0, varioOptimized=0.0, varioLegacy=0.0, varioRaw=0.0, varioGPS=0.0, varioComplementary=0.0914582410275233, lastUpdateTime=1760857328319, calculationSource=GPS+BARO+COMPASS+IMU+TE+AGL+50Hz), lat=-33.8943776, lon=151.2692477, accuracy=88.54299926757812, gpsAlt=86.9000015258789m, speed=0.0kt, track=0.0deg
10-19 18:02:08.317 I/SDHMS:LOAD( 6559): type: LoadsFreqs, value: 0:0:0:0:0:0:0:0:0:0:0:0
10-19 18:02:08.320 D/LocationManager( 7002): oe User location updated: -33.8943776, 151.2692477
10-19 18:02:08.320 D/LocationManager( 7002): --o Map available for sailplane overlay update, style=true
10-19 18:02:08.320 I/SDHMS:l ( 6559): handleResumeComponent : put = com.sec.android.app.launcher, userid = 0 instanceid =204113060
10-19 18:02:08.320 D/SailplaneLocationOverlay( 7002): ... Location updated: lat=-33.8943776, lon=151.2692477, track=0deg, magHeading=0deg, mode=NORTH_UP, iconRotation=0deg
10-19 18:02:08.320 D/LocationManager( 7002): " NORTH_UP: Camera following location at -33.8943776, 151.2692477
10-19 18:02:08.320 D/LocationManager( 7002): ... Custom sailplane overlay updated successfully (track=0.0deg)
10-19 18:02:08.322 W/Layer   ( 1950): gatherBufferInfo: Received unknown dataspace from gralloc
10-19 18:02:08.322 W/Layer   ( 1950): gatherBufferInfo: Received unknown dataspace from gralloc
10-19 18:02:08.322 D/PkgPredictorService-SecIpmManagerServiceImpl( 2747): onForegroundActivitiesChanged pid:4221 uid:10142
10-19 18:02:08.322 I/BpBinder( 1950): onLastStrongRef automatically unlinking death recipients: 
10-19 18:02:08.323 D/NetworkPolicy( 2747): already checked 10142
10-19 18:02:08.323 I/InsetsController( 4221): onStateChanged: host=RecentsTransitionOverlay, from=android.view.ViewRootImpl.relayoutWindow:11304, state=InsetsState: {mDisplayFrame=Rect(0, 0 - 1080, 2316), mDisplayCutout=DisplayCutout{insets=Rect(0, 75 - 0, 0) waterfall=Insets{left=0, top=0, right=0, bottom=0} boundingRect={Bounds=[Rect(0, 0 - 0, 0), Rect(512, 0 - 568, 75), Rect(0, 0 - 0, 0), Rect(0, 0 - 0, 0)]} cutoutPathParserInfo={CutoutPathParserInfo{displayWidth=1080 displayHeight=2316 physicalDisplayWidth=1080 physicalDisplayHeight=2316 density={2.8125} cutoutSpec={M 0,0 H -10 V 26.66666666666667 H 10 V 0 H 0 Z @dp} rotation={0} scale={1.0} physicalPixelDisplaySizeRatio={1.0}}} sideOverrides={}}, mRoundedCorners=RoundedCorners{[RoundedCorner{position=TopLeft, radius=12, center=Point(12, 12)}, RoundedCorner{position=TopRight, radius=12, center=Point(1068, 12)}, RoundedCorner{position=BottomRight, radius=12, center=Point(1068, 2304)}, RoundedCorner{position=BottomLeft, radius=12, center=Point(12, 2304)}]}  mRoundedCornerFrame=Rect(0, 0 - 0, 0), mPrivacyIndicatorBounds=PrivacyIndicatorBounds {static bounds=Rect(948, 0 - 1080, 75) rotation=0}, mDisplayShape=DisplayShape{ spec=-311912193 displayWidth=1440 displayHeight=3088 physicalPixelDisplaySizeRatio=1.0 rotation=0 offsetX=0 offsetY=0 scale=1.0}, mSources= { InsetsSource: {a6ce0001 mType=navigationBars mFrame=[0,2172][1080,2316] mVisible=false mFlags= mSideHint=BOTTOM mBoundingRects=null}, InsetsSource: {a6ce0004 mType=systemGestures mFrame=[0,0][0,0] mVisible=true mFlags= mSideHint=NONE mBoundingRects=null}, InsetsSource: {a6ce0005 mType=mandatorySystemGestures mFrame=[0,2172][1080,2316] mVisible=true mFlags= mSideHint=BOTTOM mBoundingRects=null}, InsetsSource: {a6ce0006 mType=tappableElement mFrame=[0,2172][1080,2316] mVisible=true mFlags= mSideHint=BOTTOM mBoundingRects=null}, InsetsSource: {a6ce0024 mType=systemGestures mFrame=[0,0][0,0] mVisible=true mFlags= mSideHint=NONE mBoundingRects=null}, InsetsSource: {e6840000 mType=statusBars mFrame=[0,0][1080,75] mVisible=true mFlags= mSideHint=TOP mBoundingRects=null}, InsetsSource: {e6840005 mType=mandatorySystemGestures mFrame=[0,0][1080,111] mVisible=true mFlags= mSideHint=TOP mBoundingRects=null}, InsetsSource: {e6840006 mType=tappableElement mFrame=[0,0][1080,75] mVisible=true mFlags= mSideHint=TOP mBoundingRects=null}, InsetsSource: {27 mType=displayCutout mFrame=[0,0][1080,75] mVisible=true mFlags= mSideHint=TOP mBoundingRects=null} }
10-19 18:02:08.323 I/SAMSUNGWALLET(17164): [Hint_ProcessStatusChange] fg Change, pid : 4221 , isNotify : true , isForeground : true , fg list : []
10-19 18:02:08.323 V/PkgPredictorService-SecIpmManagerServiceImpl( 2747): discard foreground app:com.sec.android.app.launcher 1|true
10-19 18:02:08.324 I/BLASTBufferQueue_Java( 4221): update, w= 1080 h= 2316 mName = VRI[RecentsTransitionOverlay]@51bf60f mNativeObject= 0xb4000076618da8d0 sc.mNativeObject= 0xb40000763192fdd0 format= -3 caller= android.view.ViewRootImpl.updateBlastSurfaceIfNeeded:3386 android.view.ViewRootImpl.relayoutWindow:11361 android.view.ViewRootImpl.performTraversals:4544 android.view.ViewRootImpl.doTraversal:3708 android.view.ViewRootImpl$TraversalRunnable.run:12542 android.view.Choreographer$CallbackRecord.run:1751 
10-19 18:02:08.324 I/SAMSUNGWALLET(17164): [Hint_ProcessStatusChange] fg Change, pid : 4221 , isNotify : false , isForeground : true , fg list : []
10-19 18:02:08.324 I/VRI[RecentsTransitionOverlay]@51bf60f( 4221): Relayout returned: old=(539,2315,540,2316) new=(0,0,1080,2316) relayoutAsync=false req=(1,1)0 dur=15 res=0x0 s={true 0xb4000077518ef740} ch=false seqId=549
10-19 18:02:08.324 I/HoneySpace.LeashOverlayWindowImpl( 4221): onApplyWindowInsetsListener
10-19 18:02:08.326 I/HoneySpace.LeashOverlayWindowImpl( 4221): updateStylerIfNeeded, Insets{left=0, top=75, right=0, bottom=144} -> Insets{left=0, top=75, right=0, bottom=144}, type: DEFAULT
10-19 18:02:08.328 I/BWU@Recorder(24490): Ph_input stream available : 6400 ==> flush  [ForkJoinPool.commonPool-worker-22] 
10-19 18:02:08.329 I/HoneySpace.TiltStackLayoutManager( 4221): onLayoutChildren() => itemCount: 14, childCount: 5
10-19 18:02:08.329 W/UserManagerService( 2747): Requested status bar icon for non-badged user 0
10-19 18:02:08.330 W/Layer   ( 1950): gatherBufferInfo: Received unknown dataspace from gralloc
10-19 18:02:08.330 W/Layer   ( 1950): gatherBufferInfo: Received unknown dataspace from gralloc
10-19 18:02:08.333 I/ISG_Wakeup_Verify(24490): [KWD] Bargein - scores: [0.4328, 0.0419, t(640)], [0.2999, 0.3312, t(644)], [0.1175, 0.1672, t(648)], [0.0071, 0.0148, t(652)], [0.0198, 0.0411, t(656)], RMS: 542
10-19 18:02:08.335 I/HoneySpace.LeashOverlayWindowImpl( 4221): layoutChanged : [Rect(0, 0 - 1080, 2316)], [Rect(0, 0 - 1, 1)]
10-19 18:02:08.335 I/VRI[RecentsTransitionOverlay]@51bf60f( 4221): registerCallbackForPendingTransactions
10-19 18:02:08.337 I/HoneySpace.TaskBooster( 4221): boost TASK_BOOST: 4221
10-19 18:02:08.337 I/VRI[RecentsTransitionOverlay]@51bf60f( 4221): mWNT: t=0xb4000076818e9890 mBlastBufferQueue=0xb4000076618da8d0 fn= 16082 HdrRenderState mRenderHdrSdrRatio=1.0 caller= android.view.ViewRootImpl$9.onFrameDraw:6276 android.view.ViewRootImpl$3.onFrameDraw:2440 android.view.ThreadedRenderer$1.onFrameDraw:761 
10-19 18:02:08.338 W/Layer   ( 1950): gatherBufferInfo: Received unknown dataspace from gralloc
10-19 18:02:08.338 W/Layer   ( 1950): gatherBufferInfo: Received unknown dataspace from gralloc
10-19 18:02:08.339 I/artd    (28517): GetBestInfo: odex next to the dex file (/data/app/~~FxrorzhxDjbo5ECVbXH45Q==/com.google.android.youtube-UiBzuOaHrijbBf0rmzaZpg==/oat/arm64/base.odex) is kOatUpToDate with filter 'speed-profile' executable 'false'
10-19 18:02:08.339 I/VRI[RecentsActivity]@e4d46d5( 4221): handleAppVisibility mAppVisible = false visible = true
10-19 18:02:08.339 I/VRI[RecentsActivity]@e4d46d5( 4221): stopped(false) old = true
10-19 18:02:08.340 I/HoneySpace.HistoryViewModel@75180480@OneUI( 4221): Illegal access. Unknown type. skip load history items
10-19 18:02:08.341 I/HoneySpace.OneUiSpace( 4221): received close system dialog reason=recentapps
10-19 18:02:08.341 I/SAMSUNGWALLET(17164): [Hint_SimpleHintProcessMonitor] isHomePackageRunning topPkgName = com.example.xcpro.debug, topClsName = com.example.xcpro.MainActivity, return false , se : false
10-19 18:02:08.341 I/SAMSUNGWALLET(17164): [Hint_PayHintService] Hint Status - already invisible, skip hide : Home Package Not Running
10-19 18:02:08.343 I/HoneySpace.HoneySystemControllerImpl( 4221): isRecentsActivityIdleState true
10-19 18:02:08.343 I/artd    (28517): GetBestInfo: vdex next to the dex file (/data/user/0/com.google.android.youtube/app_pccache/5/E47C86B2C77009FBA9F0C961D11E60B330CFF68E/oat/arm64/pcam.vdex) is kOatUpToDate with filter 'verify' executable 'false'
10-19 18:02:08.344 I/HoneySpace.RecentsActivity( 4221): !@Boot_EBS_D: RecentsActivity.onResume()
10-19 18:02:08.344 W/artd    (28517): Could not get dex checksums for location /data/app/~~XvArBtIj9c1vSYklCNLClA==/com.google.android.youtube-YuH0EV5NDCJ_TfBDc4T-ag==/base.apk, fd=-1
10-19 18:02:08.344 I/HoneySpace.TaskListPot( 4221): onResume() called
10-19 18:02:08.344 I/HoneySpace.RecentscreenPot( 4221): onResume() called
10-19 18:02:08.344 D/ActivityTaskManager( 2747): scheduleTopResumedActivityChanged, onTop=true, r=ActivityRecord{9f7c36 u0 com.sec.android.app.launcher/com.android.quickstep.RecentsActivity t20062}, caller=com.android.server.wm.ActivityTaskSupervisor.handleTopResumedStateReleased:50 com.android.server.wm.ActivityClientController.activityTopResumedStateLost:14 android.app.IActivityClientController$Stub.onTransact:698 com.android.server.wm.ActivityClientController.onTransact:1 android.os.Binder.execTransactInternal:1541 android.os.Binder.execTransact:1480 
10-19 18:02:08.346 D/BaroCalc( 7002): > Skip sample: invalid gpsAltitude (null)
10-19 18:02:08.346 E/ArtService( 2747): Failed to get dexopt status [packageName = com.google.android.youtube, dexPath = /data/user/0/com.google.android.youtube/app_dg_cache/D5583938AC07AB01341C09B59F6EB0390B43134F/the.apk, isa = arm64, classLoaderContext = PCL[];PCL[/data/app/~~XvArBtIj9c1vSYklCNLClA==/com.google.android.youtube-YuH0EV5NDCJ_TfBDc4T-ag==/base.apk]{PCL[/system/framework/org.apache.http.legacy.jar]#PCL[/system_ext/framework/androidx.window.extensions.jar]#PCL[/system_ext/framework/androidx.window.sidecar.jar]}]
10-19 18:02:08.346 E/ArtService( 2747): android.os.ServiceSpecificException: Failed to create OatFileAssistant: Failed to load class loader context files for '/data/user/0/com.google.android.youtube/app_dg_cache/D5583938AC07AB01341C09B59F6EB0390B43134F/the.apk' with context 'PCL[];PCL[/data/app/~~XvArBtIj9c1vSYklCNLClA==/com.google.android.youtube-YuH0EV5NDCJ_TfBDc4T-ag==/base.apk]{PCL[/system/framework/org.apache.http.legacy.jar]#PCL[/system_ext/framework/androidx.window.extensions.jar]#PCL[/system_ext/framework/androidx.window.sidecar.jar]}' (code 1)
10-19 18:02:08.346 E/ArtService( 2747): 	at android.os.Parcel.createExceptionOrNull(Parcel.java:3271)
10-19 18:02:08.346 E/ArtService( 2747): 	at android.os.Parcel.createException(Parcel.java:3241)
10-19 18:02:08.346 E/ArtService( 2747): 	at android.os.Parcel.readException(Parcel.java:3224)
10-19 18:02:08.346 E/ArtService( 2747): 	at android.os.Parcel.readException(Parcel.java:3166)
10-19 18:02:08.346 E/ArtService( 2747): 	at com.android.server.art.IArtd$Stub$Proxy.getDexoptStatus(IArtd.java:880)
10-19 18:02:08.346 E/ArtService( 2747): 	at com.android.server.art.ArtFileManager.getUsableArtifacts(ArtFileManager.java:153)
10-19 18:02:08.346 E/ArtService( 2747): 	at com.android.server.art.ArtManagerLocal.getArtManagedFileStats(ArtManagerLocal.java:1056)
10-19 18:02:08.346 E/ArtService( 2747): 	at com.android.server.usage.StorageStatsService.computeAppStatsByDataTypes(qb/100743105 6e497992e2d61997d615bd072f86b292e23804a216e4db4fe3203d653dff60e4:75)
10-19 18:02:08.346 E/ArtService( 2747): 	at com.android.server.usage.StorageStatsService.queryStatsForUid(qb/100743105 6e497992e2d61997d615bd072f86b292e23804a216e4db4fe3203d653dff60e4:138)
10-19 18:02:08.346 E/ArtService( 2747): 	at com.android.server.usage.StorageStatsService.queryStatsForPackage(qb/100743105 6e497992e2d61997d615bd072f86b292e23804a216e4db4fe3203d653dff60e4:83)
10-19 18:02:08.346 E/ArtService( 2747): 	at android.app.usage.IStorageStatsManager$Stub.onTransact(IStorageStatsManager.java:265)
10-19 18:02:08.346 E/ArtService( 2747): 	at android.os.Binder.execTransactInternal(Binder.java:1536)
10-19 18:02:08.346 E/ArtService( 2747): 	at android.os.Binder.execTransact(Binder.java:1480)
10-19 18:02:08.346 W/artd    (28517): Could not get dex checksums for location /data/app/~~XvArBtIj9c1vSYklCNLClA==/com.google.android.youtube-YuH0EV5NDCJ_TfBDc4T-ag==/base.apk, fd=-1
10-19 18:02:08.347 I/HoneySpace.TaskListLoadCheckerImpl( 4221): setLoadingCondition: 1, loadingCondition: 3
10-19 18:02:08.347 W/Layer   ( 1950): gatherBufferInfo: Received unknown dataspace from gralloc
10-19 18:02:08.347 W/Layer   ( 1950): gatherBufferInfo: Received unknown dataspace from gralloc
10-19 18:02:08.347 E/ArtService( 2747): Failed to get dexopt status [packageName = com.google.android.youtube, dexPath = /data/user/0/com.google.android.youtube/app_pccache/5/6D8DFE5A7E736B59EEF1FDF8D2FF55E7A1CEC401/pcam.jar, isa = arm64, classLoaderContext = PCL[];PCL[/data/app/~~XvArBtIj9c1vSYklCNLClA==/com.google.android.youtube-YuH0EV5NDCJ_TfBDc4T-ag==/base.apk]{PCL[/system/framework/org.apache.http.legacy.jar]#PCL[/system_ext/framework/androidx.window.extensions.jar]#PCL[/system_ext/framework/androidx.window.sidecar.jar]}]
10-19 18:02:08.347 E/ArtService( 2747): android.os.ServiceSpecificException: Failed to create OatFileAssistant: Failed to load class loader context files for '/data/user/0/com.google.android.youtube/app_pccache/5/6D8DFE5A7E736B59EEF1FDF8D2FF55E7A1CEC401/pcam.jar' with context 'PCL[];PCL[/data/app/~~XvArBtIj9c1vSYklCNLClA==/com.google.android.youtube-YuH0EV5NDCJ_TfBDc4T-ag==/base.apk]{PCL[/system/framework/org.apache.http.legacy.jar]#PCL[/system_ext/framework/androidx.window.extensions.jar]#PCL[/system_ext/framework/androidx.window.sidecar.jar]}' (code 1)
10-19 18:02:08.347 E/ArtService( 2747): 	at android.os.Parcel.createExceptionOrNull(Parcel.java:3271)
10-19 18:02:08.347 E/ArtService( 2747): 	at android.os.Parcel.createException(Parcel.java:3241)
10-19 18:02:08.347 E/ArtService( 2747): 	at android.os.Parcel.readException(Parcel.java:3224)
10-19 18:02:08.347 E/ArtService( 2747): 	at android.os.Parcel.readException(Parcel.java:3166)
10-19 18:02:08.347 E/ArtService( 2747): 	at com.android.server.art.IArtd$Stub$Proxy.getDexoptStatus(IArtd.java:880)
10-19 18:02:08.347 E/ArtService( 2747): 	at com.android.server.art.ArtFileManager.getUsableArtifacts(ArtFileManager.java:153)
10-19 18:02:08.347 E/ArtService( 2747): 	at com.android.server.art.ArtManagerLocal.getArtManagedFileStats(ArtManagerLocal.java:1056)
10-19 18:02:08.347 E/ArtService( 2747): 	at com.android.server.usage.StorageStatsService.computeAppStatsByDataTypes(qb/100743105 6e497992e2d61997d615bd072f86b292e23804a216e4db4fe3203d653dff60e4:75)
10-19 18:02:08.347 E/ArtService( 2747): 	at com.android.server.usage.StorageStatsService.queryStatsForUid(qb/100743105 6e497992e2d61997d615bd072f86b292e23804a216e4db4fe3203d653dff60e4:138)
10-19 18:02:08.347 E/ArtService( 2747): 	at com.android.server.usage.StorageStatsService.queryStatsForPackage(qb/100743105 6e497992e2d61997d615bd072f86b292e23804a216e4db4fe3203d653dff60e4:83)
10-19 18:02:08.347 E/ArtService( 2747): 	at android.app.usage.IStorageStatsManager$Stub.onTransact(IStorageStatsManager.java:265)
10-19 18:02:08.347 E/ArtService( 2747): 	at android.os.Binder.execTransactInternal(Binder.java:1536)
10-19 18:02:08.347 E/ArtService( 2747): 	at android.os.Binder.execTransact(Binder.java:1480)
10-19 18:02:08.347 I/HoneySpace.SuggestedAppsShowCheckerImpl( 4221): setShowCondition: 4, showCondition: 4
10-19 18:02:08.347 I/HoneySpace.SuggestedAppsPot( 4221): waitSuggestedAppsShowCheckerEvent
10-19 18:02:08.348 I/HoneySpace.TaskListViewModel( 4221): registerSensorListener: sensor = {Sensor name="auto_rotation Screen Orientation Sensor Non-wakeup", vendor="Samsung", version=3088, type=27, maxRange=255.0, resolution=1.0, power=0.001, minDelay=0}
10-19 18:02:08.349 I/HoneySpace.SuggestedAppsShowCheckerImpl( 4221): emitEvent, needToShowWithoutAnimationEvent: false needToShowAnimationEvent: false needToShowAnimationWhenTimeout: false
10-19 18:02:08.349 D/ElevationCache( 7002): ... Cache HIT: 62m at (-33.8943776, 151.2692477) [hit rate: 85%]
10-19 18:02:08.350 D/SimpleAGL( 7002): ... AGL raw: 17m (Alt: 79m, Ground: 62m, Speed: 0m/s)
10-19 18:02:08.350 D/MapInitializer( 7002): "* Camera idle, zoom: 9.628437500000002
10-19 18:02:08.350 I/VRI[RecentsTransitionOverlay]@51bf60f( 4221): handleResized, frames=ClientWindowFrames{frame=[0,0][1080,2316] display=[0,0][1080,2316] parentFrame=[0,0][0,0]} displayId=0 dragResizing=false compatScale=1.0 frameChanged=false attachedFrameChanged=false configChanged=false displayChanged=false compatScaleChanged=false dragResizingChanged=false
10-19 18:02:08.350 I/HoneySpace.TopTaskSource( 4221): onTaskMovedToFront : taskId = 20062, displayId = 0
10-19 18:02:08.351 D/FlightDataManager( 7002): Live flight data updated: GPS fixed=RealTimeFlightData(latitude=-33.8943776, longitude=151.2692477, gpsAltitude=86.9000015258789, baroAltitude=79.6148521366471, agl=17.61362117879466, verticalSpeed=0.0, pressureAltitude=79.64509160627092, baroGpsDelta=-7.285149389231805, baroConfidence=LOW, qnhCalibrationAgeSeconds=-1, groundSpeed=0.0, track=0.0, accuracy=88.54299926757812, satelliteCount=0, flightTime=00:00, timestamp=1760857328349, currentPressureHPa=1003.7182006835938, qnh=1013.25, isQNHCalibrated=false, windSpeed=0.0, windDirection=0.0, thermalAverage=0.0, currentLD=0.0, netto=0.0, varioOptimized=0.0, varioLegacy=0.0, varioRaw=1.3852737290984944, varioGPS=0.0, varioComplementary=0.9195537538476874, lastUpdateTime=1760857328351, calculationSource=GPS+BARO+COMPASS+IMU+TE+AGL+50Hz)
10-19 18:02:08.351 I/HoneySpace.SPayHandler( 4221): updateSpayHandler, show = false, defaultPage = true
10-19 18:02:08.352 D/LocationManager( 7002): " GPS Data: fixed=RealTimeFlightData(latitude=-33.8943776, longitude=151.2692477, gpsAltitude=86.9000015258789, baroAltitude=79.6148521366471, agl=17.61362117879466, verticalSpeed=0.0, pressureAltitude=79.64509160627092, baroGpsDelta=-7.285149389231805, baroConfidence=LOW, qnhCalibrationAgeSeconds=-1, groundSpeed=0.0, track=0.0, accuracy=88.54299926757812, satelliteCount=0, flightTime=00:00, timestamp=1760857328349, currentPressureHPa=1003.7182006835938, qnh=1013.25, isQNHCalibrated=false, windSpeed=0.0, windDirection=0.0, thermalAverage=0.0, currentLD=0.0, netto=0.0, varioOptimized=0.0, varioLegacy=0.0, varioRaw=1.3852737290984944, varioGPS=0.0, varioComplementary=0.9195537538476874, lastUpdateTime=1760857328351, calculationSource=GPS+BARO+COMPASS+IMU+TE+AGL+50Hz), lat=-33.8943776, lon=151.2692477, accuracy=88.54299926757812, gpsAlt=86.9000015258789m, speed=0.0kt, track=0.0deg
10-19 18:02:08.352 D/LocationManager( 7002): oe User location updated: -33.8943776, 151.2692477
10-19 18:02:08.352 D/LocationManager( 7002): --o Map available for sailplane overlay update, style=true
10-19 18:02:08.352 V/WindowManager( 2747): Relayout Window{903f91f u0 com.sec.android.app.launcher/com.android.quickstep.RecentsActivity}: viewVisibility=0 req=1080x2316 ty=1 d0
10-19 18:02:08.352 D/SailplaneLocationOverlay( 7002): ... Location updated: lat=-33.8943776, lon=151.2692477, track=0deg, magHeading=0deg, mode=NORTH_UP, iconRotation=0deg
10-19 18:02:08.352 I/SurfaceFlinger( 1950): id=68722 createSurf, flag=44004, com.sec.android.app.launcher/com.android.quickstep.RecentsActivity$_4221#68722
10-19 18:02:08.353 I/SAMSUNGWALLET(17164): [Hint_PayHintService] onReceive() action=com.sec.android.app.launcher.intent.action.UPDATE_SPAY_HANDLER
10-19 18:02:08.353 I/HoneySpace.TopTaskUseCase( 4221): topTaskId 20062, DisplayId : 0
10-19 18:02:08.353 D/LocationManager( 7002): " NORTH_UP: Camera following location at -33.8943776, 151.2692477
10-19 18:02:08.353 D/LocationManager( 7002): ... Custom sailplane overlay updated successfully (track=0.0deg)
10-19 18:02:08.353 D/WindowManager( 2747): makeSurface duration=1 name=com.sec.android.app.launcher/com.android.quickstep.RecentsActivity$_4221
10-19 18:02:08.353 I/SAMSUNGWALLET(17164): [Hint_PayHintService] home change, s home : false , default : true , gesture : false , s result : false , prev : true
10-19 18:02:08.354 I/SurfaceFlinger( 1950): [com.sec.android.app.launcher/com.android.quickstep.RecentsActivity$_4221#68722] attach to parent LayerHierarchy{RequestedLayerState{903f91f com.sec.android.app.launcher/com.android.quickstep.RecentsActivity#5312 parentId=5311} 1 children}
10-19 18:02:08.355 D/BLASTSyncEngine( 2747): SyncGroup 4007:  Unfinished container: ActivityRecord{9f7c36 u0 com.sec.android.app.launcher/com.android.quickstep.RecentsActivity t20062} mSyncState=2
10-19 18:02:08.355 I/SAMSUNGWALLET(17164): [Hint_PayHintService] Hint Status - already invisible, skip hide : [4000000] - 4000000
10-19 18:02:08.355 W/Layer   ( 1950): gatherBufferInfo: Received unknown dataspace from gralloc
10-19 18:02:08.355 W/Layer   ( 1950): gatherBufferInfo: Received unknown dataspace from gralloc
10-19 18:02:08.357 V/WindowManager( 2747): Relayout hash=903f91f, pid=4221, syncId=-1: mAttrs={(0,0)(fillxfill) sim={adjust=resize forwardNavigation} layoutInDisplayCutoutMode=always ty=BASE_APPLICATION fmt=TRANSPARENT wanim=0x1030301
10-19 18:02:08.357 V/WindowManager( 2747):   fl=81910100
10-19 18:02:08.357 V/WindowManager( 2747):   pfl=10008840
10-19 18:02:08.357 V/WindowManager( 2747):   bhv=2
10-19 18:02:08.357 V/WindowManager( 2747):   fitSides=0
10-19 18:02:08.357 V/WindowManager( 2747):   frameRateBoostOnTouch=true
10-19 18:02:08.357 V/WindowManager( 2747):   dvrrWindowFrameRateHint=true naviIconColor=0}
10-19 18:02:08.357 I/sensors-hal( 1830): get_flicker_als_data:168, [SSC_LIGHT] flicker lux: 64 (355, 600, dw: 41)
10-19 18:02:08.358 I/InsetsController( 4221): onStateChanged: host=com.sec.android.app.launcher/com.android.quickstep.RecentsActivity, from=android.view.ViewRootImpl.relayoutWindow:11304, state=InsetsState: {mDisplayFrame=Rect(0, 0 - 1080, 2316), mDisplayCutout=DisplayCutout{insets=Rect(0, 75 - 0, 0) waterfall=Insets{left=0, top=0, right=0, bottom=0} boundingRect={Bounds=[Rect(0, 0 - 0, 0), Rect(512, 0 - 568, 75), Rect(0, 0 - 0, 0), Rect(0, 0 - 0, 0)]} cutoutPathParserInfo={CutoutPathParserInfo{displayWidth=1080 displayHeight=2316 physicalDisplayWidth=1080 physicalDisplayHeight=2316 density={2.8125} cutoutSpec={M 0,0 H -10 V 26.66666666666667 H 10 V 0 H 0 Z @dp} rotation={0} scale={1.0} physicalPixelDisplaySizeRatio={1.0}}} sideOverrides={}}, mRoundedCorners=RoundedCorners{[RoundedCorner{position=TopLeft, radius=12, center=Point(12, 12)}, RoundedCorner{position=TopRight, radius=12, center=Point(1068, 12)}, RoundedCorner{position=BottomRight, radius=12, center=Point(1068, 2304)}, RoundedCorner{position=BottomLeft, radius=12, center=Point(12, 2304)}]}  mRoundedCornerFrame=Rect(0, 0 - 1080, 2316), mPrivacyIndicatorBounds=PrivacyIndicatorBounds {static bounds=Rect(948, 0 - 1080, 75) rotation=0}, mDisplayShape=DisplayShape{ spec=-311912193 displayWidth=1440 displayHeight=3088 physicalPixelDisplaySizeRatio=1.0 rotation=0 offsetX=0 offsetY=0 scale=1.0}, mSources= { InsetsSource: {a6ce0001 mType=navigationBars mFrame=[0,2172][1080,2316] mVisible=false mFlags= mSideHint=BOTTOM mBoundingRects=null}, InsetsSource: {a6ce0004 mType=systemGestures mFrame=[0,0][0,0] mVisible=true mFlags= mSideHint=NONE mBoundingRects=null}, InsetsSource: {a6ce0005 mType=mandatorySystemGestures mFrame=[0,2172][1080,2316] mVisible=true mFlags= mSideHint=BOTTOM mBoundingRects=null}, InsetsSource: {a6ce0006 mType=tappableElement mFrame=[0,2172][1080,2316] mVisible=true mFlags= mSideHint=BOTTOM mBoundingRects=null}, InsetsSource: {a6ce0024 mType=systemGestures mFrame=[0,0][0,0] mVisible=true mFlags= mSideHint=NONE mBoundingRects=null}, InsetsSource: {e6840000 mType=statusBars mFrame=[0,0][1080,75] mVisible=true mFlags= mSideHint=TOP mBoundingRects=null}, InsetsSource: {e6840005 mType=mandatorySystemGestures mFrame=[0,0][1080,111] mVisible=true mFlags= mSideHint=TOP mBoundingRects=null}, InsetsSource: {e6840006 mType=tappableElement mFrame=[0,0][1080,75] mVisible=true mFlags= mSideHint=TOP mBoundingRects=null}, InsetsSource: {27 mType=displayCutout mFrame=[0,0][1080,75] mVisible=true mFlags= mSideHint=TOP mBoundingRects=null} }
10-19 18:02:08.359 I/BufferQueueProducer( 4221): [](id:107d000007d7,api:0,p:-1,c:4221) setDequeueTimeout:2077252342
10-19 18:02:08.359 I/BLASTBufferQueue_Java( 4221): new BLASTBufferQueue, mName= VRI[RecentsActivity]@e4d46d5 mNativeObject= 0xb40000766190e1d0 sc.mNativeObject= 0xb4000076318fb450 caller= android.view.ViewRootImpl.updateBlastSurfaceIfNeeded:3397 android.view.ViewRootImpl.relayoutWindow:11361 android.view.ViewRootImpl.performTraversals:4544 android.view.ViewRootImpl.doTraversal:3708 android.view.ViewRootImpl$TraversalRunnable.run:12542 android.view.Choreographer$CallbackRecord.run:1751 android.view.Choreographer$CallbackRecord.run:1760 android.view.Choreographer.doCallbacks:1216 android.view.Choreographer.doFrame:1142 android.view.Choreographer$FrameDisplayEventReceiver.run:1707 
10-19 18:02:08.359 I/BLASTBufferQueue_Java( 4221): update, w= 1080 h= 2316 mName = VRI[RecentsActivity]@e4d46d5 mNativeObject= 0xb40000766190e1d0 sc.mNativeObject= 0xb4000076318fb450 format= -2 caller= android.graphics.BLASTBufferQueue.<init>:88 android.view.ViewRootImpl.updateBlastSurfaceIfNeeded:3397 android.view.ViewRootImpl.relayoutWindow:11361 android.view.ViewRootImpl.performTraversals:4544 android.view.ViewRootImpl.doTraversal:3708 android.view.ViewRootImpl$TraversalRunnable.run:12542 
10-19 18:02:08.360 W/libc    ( 4221): Access denied finding property "vendor.display.enable_optimal_refresh_rate"
10-19 18:02:08.360 W/libc    ( 4221): Access denied finding property "vendor.gpp.create_frc_extension"
10-19 18:02:08.360 I/VRI[RecentsActivity]@e4d46d5( 4221): Relayout returned: old=(0,0,1080,2316) new=(0,0,1080,2316) relayoutAsync=false req=(1080,2316)0 dur=7 res=0x3 s={true 0xb400007751935b50} ch=true seqId=0
10-19 18:02:08.360 I/HoneySpace.RecentsActivity( 4221): onApplyWindowInsets, Insets{left=0, top=75, right=0, bottom=144} -> Insets{left=0, top=75, right=0, bottom=144}, type: DEFAULT
10-19 18:02:08.361 I/VRI[RecentsActivity]@e4d46d5( 4221): Creating new active sync group VRI[RecentsActivity]@e4d46d5#11
10-19 18:02:08.363 W/Layer   ( 1950): gatherBufferInfo: Received unknown dataspace from gralloc
10-19 18:02:08.363 W/Layer   ( 1950): gatherBufferInfo: Received unknown dataspace from gralloc
10-19 18:02:08.363 W/Layer   ( 1950): gatherBufferInfo: Received unknown dataspace from gralloc
10-19 18:02:08.364 V/WindowManager( 2747): Collecting in transition 4007: WallpaperWindowToken{e104fc1 token=android.os.Binder@7dc88cb}_<system>, caller=com.android.server.wm.TransitionController.collect:7 com.android.server.wm.WallpaperWindowToken.setVisibility:54 com.android.server.wm.WallpaperController.adjustWallpaperWindows:736 com.android.server.wm.RootWindowContainer.applySurfaceChangesTransaction$1:141 com.android.server.wm.RootWindowContainer.performSurfacePlacementNoTrace:61 
10-19 18:02:08.365 V/WindowManager( 2747): Setting visibility of Window{8f4533f u0 com.android.systemui.wallpapers.ImageWallpaper}: true, caller=com.android.server.wm.WindowContainer.sendAppVisibilityToClients:19 com.android.server.wm.WindowToken.setClientVisible:49 com.android.server.wm.WallpaperWindowToken.setVisible$1:3 com.android.server.wm.WallpaperWindowToken.commitVisibility:49 com.android.server.wm.WallpaperWindowToken.setVisibility:111 
10-19 18:02:08.365 I/WallpaperService( 3782): dispatchAppVisibility: system, visible=true , mLidState = -1
10-19 18:02:08.366 I/WallpaperService( 3782): updateSurface system forceRelayout=false forceReport=false redrawNeeded=false myWidth=-1 myHeight=-1 fixedSize=false x = 0 y = 0 mWidth=-1 mHeight=-1
10-19 18:02:08.366 I/WallpaperService( 3782): reportVisibility: visibility changed. visible=true
10-19 18:02:08.366 I/ImageWallpaper_5[Image]( 3782):  onVisibilityChanged: visible=true , displayId=0
10-19 18:02:08.366 D/BLASTSyncEngine( 2747): SyncGroup 4007:  Unfinished container: ActivityRecord{9f7c36 u0 com.sec.android.app.launcher/com.android.quickstep.RecentsActivity t20062} mSyncState=2
10-19 18:02:08.366 D/BLASTSyncEngine( 2747): SyncGroup 4007:  Unfinished container: ActivityRecord{9f7c36 u0 com.sec.android.app.launcher/com.android.quickstep.RecentsActivity t20062} mSyncState=2
10-19 18:02:08.367 D/DARUtil ( 2747): Device owner status not updated yet...
10-19 18:02:08.367 D/DARUtil ( 2747): Not an enterprise user : 0
10-19 18:02:08.367 D/DARUtil ( 2747): Device owner status not updated yet...
10-19 18:02:08.367 D/DARUtil ( 2747): Not an enterprise user : 0
10-19 18:02:08.367 D/SyntheticPasswordManager.SDP( 2747): Inside fromBytes() - result.pinLength : -1
10-19 18:02:08.367 D/SyntheticPasswordManager.SDP( 2747): 1. result.secureMode : 0
10-19 18:02:08.370 D/MapOrientationManager( 7002): section Orientation: mode=NORTH_UP, bearing=0deg, valid=true
10-19 18:02:08.371 I/VRI[RecentsActivity]@e4d46d5( 4221): mWNT: t=0xb400007681a16a50 mBlastBufferQueue=0xb40000766190e1d0 fn= 1 HdrRenderState mRenderHdrSdrRatio=1.0 caller= android.view.ViewRootImpl$11.onFrameDraw:15016 android.view.ThreadedRenderer$1.onFrameDraw:761 <bottom of call stack> 
10-19 18:02:08.371 I/VRI[RecentsActivity]@e4d46d5( 4221): Setting up sync and frameCommitCallback
10-19 18:02:08.372 W/Layer   ( 1950): gatherBufferInfo: Received unknown dataspace from gralloc
10-19 18:02:08.372 D/BaroCalc( 7002): > Skip sample: invalid gpsAltitude (null)
10-19 18:02:08.373 D/ElevationCache( 7002): ... Cache HIT: 62m at (-33.8943776, 151.2692477) [hit rate: 85%]
10-19 18:02:08.373 D/SimpleAGL( 7002): ... AGL raw: 17m (Alt: 79m, Ground: 62m, Speed: 0m/s)
10-19 18:02:08.373 D/MapInitializer( 7002): "* Camera idle, zoom: 9.628437500000002
10-19 18:02:08.374 D/FlightDataManager( 7002): Live flight data updated: GPS fixed=RealTimeFlightData(latitude=-33.8943776, longitude=151.2692477, gpsAltitude=86.9000015258789, baroAltitude=79.61614264906318, agl=17.6148521366471, verticalSpeed=0.0, pressureAltitude=79.70447799286552, baroGpsDelta=-7.283858876815728, baroConfidence=LOW, qnhCalibrationAgeSeconds=-1, groundSpeed=0.0, track=0.0, accuracy=88.54299926757812, satelliteCount=0, flightTime=00:00, timestamp=1760857328373, currentPressureHPa=1003.7111206054688, qnh=1013.25, isQNHCalibrated=false, windSpeed=0.0, windDirection=0.0, thermalAverage=0.0, currentLD=0.0, netto=0.0, varioOptimized=0.0, varioLegacy=0.0, varioRaw=2.284091792099857, varioGPS=0.0, varioComplementary=1.746821240266614, lastUpdateTime=1760857328374, calculationSource=GPS+BARO+COMPASS+IMU+TE+AGL+50Hz)
10-19 18:02:08.374 W/Finsky  (32506): [2] STU: Failed to get storage stats for package 'com.google.android.os.statsd' (1601: Error getting stats: android.content.pm.PackageManager.NameNotFoundException)
10-19 18:02:08.375 D/LocationManager( 7002): " GPS Data: fixed=RealTimeFlightData(latitude=-33.8943776, longitude=151.2692477, gpsAltitude=86.9000015258789, baroAltitude=79.61614264906318, agl=17.6148521366471, verticalSpeed=0.0, pressureAltitude=79.70447799286552, baroGpsDelta=-7.283858876815728, baroConfidence=LOW, qnhCalibrationAgeSeconds=-1, groundSpeed=0.0, track=0.0, accuracy=88.54299926757812, satelliteCount=0, flightTime=00:00, timestamp=1760857328373, currentPressureHPa=1003.7111206054688, qnh=1013.25, isQNHCalibrated=false, windSpeed=0.0, windDirection=0.0, thermalAverage=0.0, currentLD=0.0, netto=0.0, varioOptimized=0.0, varioLegacy=0.0, varioRaw=2.284091792099857, varioGPS=0.0, varioComplementary=1.746821240266614, lastUpdateTime=1760857328374, calculationSource=GPS+BARO+COMPASS+IMU+TE+AGL+50Hz), lat=-33.8943776, lon=151.2692477, accuracy=88.54299926757812, gpsAlt=86.9000015258789m, speed=0.0kt, track=0.0deg
10-19 18:02:08.375 D/LocationManager( 7002): oe User location updated: -33.8943776, 151.2692477
10-19 18:02:08.375 D/LocationManager( 7002): --o Map available for sailplane overlay update, style=true
10-19 18:02:08.375 D/SailplaneLocationOverlay( 7002): ... Location updated: lat=-33.8943776, lon=151.2692477, track=0deg, magHeading=0deg, mode=NORTH_UP, iconRotation=0deg
10-19 18:02:08.375 D/LocationManager( 7002): " NORTH_UP: Camera following location at -33.8943776, 151.2692477
10-19 18:02:08.375 D/LocationManager( 7002): ... Custom sailplane overlay updated successfully (track=0.0deg)
10-19 18:02:08.380 W/Layer   ( 1950): gatherBufferInfo: Received unknown dataspace from gralloc
10-19 18:02:08.380 W/Layer   ( 1950): gatherBufferInfo: Received unknown dataspace from gralloc
10-19 18:02:08.382 I/BLASTBufferQueue( 4221): [VRI[RecentsActivity]@e4d46d5#2007](f:0,a:0,s:0) onFrameAvailable the first frame is available
10-19 18:02:08.382 I/SurfaceComposerClient( 4221): apply transaction with the first frame. layerId: 68722, bufferData(ID: 18129056968992, frameNumber: 1)
10-19 18:02:08.383 I/VRI[RecentsActivity]@e4d46d5( 4221): Received frameCommittedCallback lastAttemptedDrawFrameNum=1 didProduceBuffer=true
10-19 18:02:08.383 I/SurfaceFlinger( 1950): [com.sec.android.app.launcher/com.android.quickstep.RecentsActivity$_4221#68722] setTransactionState with the first frame. bufferData(ID: 18129056968992, frameNumber: 1)
10-19 18:02:08.383 I/HoneySpace.TaskListViewModel( 4221): rotationChanged
10-19 18:02:08.383 I/HoneySpace.TaskListViewModel( 4221): prevRotation: -1, newRotation: 0
10-19 18:02:08.383 I/HoneySpace.EdgePanel.CocktailHostRepositoryImpl( 4221): onNoteResume
10-19 18:02:08.384 I/HoneySpace.EdgePanel.EdgeContainerViewModel( 4221): cocktailHostRepository.edgePanelOperation NoteResumeComponent(componentName=ComponentInfo{com.sec.android.app.launcher/com.android.quickstep.RecentsActivity})
10-19 18:02:08.384 I/SoundAlive_SRC384 arch64( 1936): SoundAlive_SRC384: Instance 3867 Init(outFs 8, InFs 7, chnum 1, outBW 3, inBW 3)
10-19 18:02:08.384 I/HoneySpace.EdgePanel.ActivityUtils( 4221): HomePackage : com.sec.android.app.launcher, resumePackageName : com.sec.android.app.launcher
10-19 18:02:08.384 I/Samsung_SoundAlive_SRC arch64( 1936): SRC384 version Samsung SoundAlive SRC ver320 arch64  2021.08.04 (Cppref for ARM64, ver.300.c 32bit 07_10_2016 based)
10-19 18:02:08.385 I/HoneySpace.LeashOverlayWindowImpl( 4221): readyToAddView, will create Views and add
10-19 18:02:08.385 D/WindowManager( 2747): finishDrawingWindow: Window{903f91f u0 com.sec.android.app.launcher/com.android.quickstep.RecentsActivity} mDrawState=DRAW_PENDING seqId=0
10-19 18:02:08.386 V/WindowManager( 2747): SyncGroup 4007: Finished!
10-19 18:02:08.386 D/ActivityManagerPerformance( 2747): AMP_release() ACT_RESUME
10-19 18:02:08.386 V/WindowManager( 2747): performShowLocked: mDrawState=HAS_DRAWN in Window{903f91f u0 com.sec.android.app.launcher/com.android.quickstep.RecentsActivity}
10-19 18:02:08.386 D/Transition( 2747): updateTaskbarTargetIfNeeded: defer to send callbackwhile on transient launch
10-19 18:02:08.386 D/ChangeTransitionController( 2747): onTransactionReady: TransitionRecord{8a9fafe id=4007 type=TO_FRONT flags=0x80}
10-19 18:02:08.387 V/WindowManager( 2747): Start calculating TransitionInfo based on participants: {ActivityRecord{9f7c36 u0 com.sec.android.app.launcher/com.android.quickstep.RecentsActivity t20062}, TransientLaunchOverlayToken{1d901e1 token=android.os.BinderProxy@22825eb}, Task{3848737 #20062 type=recents I=com.sec.android.app.launcher/com.android.quickstep.RecentsActivity}, Task{c4b6c4b #20537 type=standard A=10516:com.example.xcpro.debug}, WallpaperWindowToken{e104fc1 token=android.os.Binder@7dc88cb}_<system>}
10-19 18:02:08.387 I/HoneySpace.GestureTaskListView( 4221): addViewList 12
10-19 18:02:08.388 D/BaroCalc( 7002): > Skip sample: invalid gpsAltitude (null)
10-19 18:02:08.388 W/Layer   ( 1950): gatherBufferInfo: Received unknown dataspace from gralloc
10-19 18:02:08.388 W/Layer   ( 1950): gatherBufferInfo: Received unknown dataspace from gralloc
10-19 18:02:08.388 W/Layer   ( 1950): gatherBufferInfo: Received unknown dataspace from gralloc
10-19 18:02:08.390 D/ElevationCache( 7002): ... Cache HIT: 62m at (-33.8943776, 151.2692477) [hit rate: 85%]
10-19 18:02:08.390 D/SimpleAGL( 7002): ... AGL raw: 17m (Alt: 79m, Ground: 62m, Speed: 0m/s)
10-19 18:02:08.390 D/MapInitializer( 7002): "* Camera idle, zoom: 9.628437500000002
10-19 18:02:08.390 I/HYPER-HAL( 1841): [RequestManager.cpp]releaseLocked(): Released ID : 3876757
10-19 18:02:08.391 V/WindowManager( 2747):   Final targets: [TransientLaunchOverlayToken{1d901e1 token=android.os.BinderProxy@22825eb}, Task{3848737 #20062 type=recents I=com.sec.android.app.launcher/com.android.quickstep.RecentsActivity}, Task{c4b6c4b #20537 type=standard A=10516:com.example.xcpro.debug}, WallpaperWindowToken{e104fc1 token=android.os.Binder@7dc88cb}_<system>]
10-19 18:02:08.392 D/FlightDataManager( 7002): Live flight data updated: GPS fixed=RealTimeFlightData(latitude=-33.8943776, longitude=151.2692477, gpsAltitude=86.9000015258789, baroAltitude=79.61759395378677, agl=17.61614264906318, verticalSpeed=0.0, pressureAltitude=79.75772124853633, baroGpsDelta=-7.28240757209214, baroConfidence=LOW, qnhCalibrationAgeSeconds=-1, groundSpeed=0.0, track=0.0, accuracy=88.54299926757812, satelliteCount=0, flightTime=00:00, timestamp=1760857328390, currentPressureHPa=1003.7047729492188, qnh=1013.25, isQNHCalibrated=false, windSpeed=0.0, windDirection=0.0, thermalAverage=0.0, currentLD=0.0, netto=0.0, varioOptimized=0.0, varioLegacy=0.0, varioRaw=3.327703479425459, varioGPS=0.0, varioComplementary=2.66708741282998, lastUpdateTime=1760857328391, calculationSource=GPS+BARO+COMPASS+IMU+TE+AGL+50Hz)
10-19 18:02:08.392 D/LocationManager( 7002): " GPS Data: fixed=RealTimeFlightData(latitude=-33.8943776, longitude=151.2692477, gpsAltitude=86.9000015258789, baroAltitude=79.61759395378677, agl=17.61614264906318, verticalSpeed=0.0, pressureAltitude=79.75772124853633, baroGpsDelta=-7.28240757209214, baroConfidence=LOW, qnhCalibrationAgeSeconds=-1, groundSpeed=0.0, track=0.0, accuracy=88.54299926757812, satelliteCount=0, flightTime=00:00, timestamp=1760857328390, currentPressureHPa=1003.7047729492188, qnh=1013.25, isQNHCalibrated=false, windSpeed=0.0, windDirection=0.0, thermalAverage=0.0, currentLD=0.0, netto=0.0, varioOptimized=0.0, varioLegacy=0.0, varioRaw=3.327703479425459, varioGPS=0.0, varioComplementary=2.66708741282998, lastUpdateTime=1760857328391, calculationSource=GPS+BARO+COMPASS+IMU+TE+AGL+50Hz), lat=-33.8943776, lon=151.2692477, accuracy=88.54299926757812, gpsAlt=86.9000015258789m, speed=0.0kt, track=0.0deg
10-19 18:02:08.392 D/LocationManager( 7002): oe User location updated: -33.8943776, 151.2692477
10-19 18:02:08.392 D/LocationManager( 7002): --o Map available for sailplane overlay update, style=true
10-19 18:02:08.392 I/HoneySpace.LeashOverlayWindowImpl( 4221): createAndAddGestureView : com.honeyspace.gesture.presentation.GestureTaskListView{54f9d0 V.ED..... ......I. 0,0-0,0}
10-19 18:02:08.392 D/SailplaneLocationOverlay( 7002): ... Location updated: lat=-33.8943776, lon=151.2692477, track=0deg, magHeading=0deg, mode=NORTH_UP, iconRotation=0deg
10-19 18:02:08.394 I/HoneySpace.GestureTaskListView( 4221): AppearTaskList, without animation
10-19 18:02:08.395 I/HoneySpace.GestureTaskListView( 4221): refresh
10-19 18:02:08.397 D/LocationManager( 7002): " NORTH_UP: Camera following location at -33.8943776, 151.2692477
10-19 18:02:08.399 I/SurfaceFlinger( 1950): id=68723 createSurf, flag=84004, Transition Root: Task=20062#68723
