10-19 18:02:08.138 W/Layer   ( 1950): gatherBufferInfo: Received unknown dataspace from gralloc
10-19 18:02:08.145 D/BaroCalc( 7002): > Skip sample: invalid gpsAltitude (null)
10-19 18:02:08.146 W/Layer   ( 1950): gatherBufferInfo: Received unknown dataspace from gralloc
10-19 18:02:08.155 W/Layer   ( 1950): gatherBufferInfo: Received unknown dataspace from gralloc
10-19 18:02:08.155 W/Layer   ( 1950): gatherBufferInfo: Received unknown dataspace from gralloc
10-19 18:02:08.158 D/InputReader( 2747): Btn_touch(5): value=1 when=613912.907891
10-19 18:02:08.158 I/InputReader( 2747): Touch event's action is 0x0 (id=7, t=0) [pCnt=1, s=0.44162 ] when=613912.907891
10-19 18:02:08.159 I/InputDispatcher( 2747): Delivering touch to (3782): action: 0x0, f=0x0, d=0, '5878c63', t=1 +(0,-2171)*(0.75)
10-19 18:02:08.159 I/VRI[NavigationBar0]@8996f01( 3782): ViewPostIme pointer 0
10-19 18:02:08.160 I/GestureDetector( 2747): obtain mCurrentDownEvent. id: 674935506 caller: com.android.server.wm.SystemGesturesPointerEventListener.onPointerEvent:17 com.android.server.wm.PointerEventDispatcher.onInputEvent:51 android.view.InputEventReceiver.dispatchInputEvent:385 
10-19 18:02:08.161 I/GestureDetector( 2747): obtain mCurrentDownEvent. id: 674935506 caller: com.android.server.wm.SystemPerformancePointerEventListener.onPointerEvent:13 com.android.server.wm.PointerEventDispatcher.onInputEvent:51 android.view.InputEventReceiver.dispatchInputEvent:385 
10-19 18:02:08.161 I/KeyButtonView( 3782): injectInputEvent - 187
10-19 18:02:08.161 I/SemDvfsHyPerManager( 6559): acquire hyper - TABoost/6559@22, type = -999
10-19 18:02:08.161 I/VRI[NavigationBar0]@8996f01( 3782): call setFrameRateCategory for touch hint category=high hint, reason=touch, vri=VRI[NavigationBar0]@8996f01
10-19 18:02:08.161 I/HYPER-HAL( 1841): [RequestManager.cpp]releaseLocked(): Released ID : 21658093
10-19 18:02:08.162 I/HYPER-HAL( 1841): [RequestManager.cpp]acquire(): Acquired ID : 21658093  [6559 / 22]    HINT :      list : [TABoost / 1] [TIMEOUT / 1500] 
10-19 18:02:08.162 D/ElevationCache( 7002): ... Cache HIT: 62m at (-33.8943776, 151.2692477) [hit rate: 84%]
10-19 18:02:08.162 D/SimpleAGL( 7002): ... AGL raw: 17m (Alt: 79m, Ground: 62m, Speed: 0m/s)
10-19 18:02:08.162 D/InputDispatcher( 2747): Inject key (3782/10039): action=0, f=0x48, d=0, time=613912910000000
10-19 18:02:08.162 D/WindowManager( 2747): interceptKeyTq keycode=187 interactive=true keyguardActive=false policyFlags=2b000002
10-19 18:02:08.162 D/PhoneWindowManagerExt( 2747): setScreenshotEnabled, screenOnFully=true
10-19 18:02:08.162 I/SystemKeyManager( 2747): requested systemKeyInfo size=1 focusedWindow=com.example.xcpro.debug/com.example.xcpro.MainActivity
10-19 18:02:08.162 D/FlightDataManager( 7002): Live flight data updated: GPS fixed=RealTimeFlightData(latitude=-33.8943776, longitude=151.2692477, gpsAltitude=86.9000015258789, baroAltitude=79.59617573310658, agl=17.592197434549405, verticalSpeed=0.0, pressureAltitude=79.52631985069817, baroGpsDelta=-7.303825792772329, baroConfidence=LOW, qnhCalibrationAgeSeconds=-1, groundSpeed=0.0, track=0.0, accuracy=88.54299926757812, satelliteCount=0, flightTime=00:00, timestamp=1760857328161, currentPressureHPa=1003.7323608398438, qnh=1013.25, isQNHCalibrated=false, windSpeed=0.0, windDirection=0.0, thermalAverage=0.0, currentLD=0.0, netto=0.0, varioOptimized=0.0, varioLegacy=0.0, varioRaw=-4.223554185641021, varioGPS=0.0, varioComplementary=-2.76640140229971, lastUpdateTime=1760857328162, calculationSource=GPS+BARO+COMPASS+IMU+TE+AGL+50Hz)
10-19 18:02:08.162 D/SingleKeyGesture( 2747): interceptKeyDown, info : KeyCode=KEYCODE_UNKNOWN, size=0
10-19 18:02:08.163 D/PhoneWindowManagerExt( 2747): interceptKeyTq code=187 down=true repeatCount=0 displayId=0 interactive=true
10-19 18:02:08.163 I/SystemKeyManager( 2747): requested systemKeyInfo size=1 focusedWindow=com.example.xcpro.debug/com.example.xcpro.MainActivity
10-19 18:02:08.163 D/WindowManager( 2747): interceptKeyTq interceptKeyResult=1
10-19 18:02:08.163 I/SurfaceFlinger( 1950): [NavigationBar0$_3782#95] setFrameRateCategory: HighHint
10-19 18:02:08.163 D/PhoneWindowManagerExt( 2747): f.b. a=false id=1 he=false ksno=false uid=1000 callingPackage=android reason=Virtual Key - Press Caller=com.android.server.policy.PhoneWindowManager.performHapticFeedback:17 com.android.server.policy.PhoneWindowManager.interceptKeyBeforeQueueing:2789 com.android.server.wm.InputManagerCallback.interceptKeyBeforeQueueing:7 com.android.server.input.InputManagerService.interceptKeyBeforeQueueing:369 com.android.server.input.NativeInputManagerService$NativeImpl.injectInputEvent:-2 
10-19 18:02:08.163 D/PhoneWindowManagerExt( 2747): haptic disabled by policy
10-19 18:02:08.163 D/LocationManager( 7002): " GPS Data: fixed=RealTimeFlightData(latitude=-33.8943776, longitude=151.2692477, gpsAltitude=86.9000015258789, baroAltitude=79.59617573310658, agl=17.592197434549405, verticalSpeed=0.0, pressureAltitude=79.52631985069817, baroGpsDelta=-7.303825792772329, baroConfidence=LOW, qnhCalibrationAgeSeconds=-1, groundSpeed=0.0, track=0.0, accuracy=88.54299926757812, satelliteCount=0, flightTime=00:00, timestamp=1760857328161, currentPressureHPa=1003.7323608398438, qnh=1013.25, isQNHCalibrated=false, windSpeed=0.0, windDirection=0.0, thermalAverage=0.0, currentLD=0.0, netto=0.0, varioOptimized=0.0, varioLegacy=0.0, varioRaw=-4.223554185641021, varioGPS=0.0, varioComplementary=-2.76640140229971, lastUpdateTime=1760857328162, calculationSource=GPS+BARO+COMPASS+IMU+TE+AGL+50Hz), lat=-33.8943776, lon=151.2692477, accuracy=88.54299926757812, gpsAlt=86.9000015258789m, speed=0.0kt, track=0.0deg
10-19 18:02:08.163 D/LocationManager( 7002): oe User location updated: -33.8943776, 151.2692477
10-19 18:02:08.163 D/LocationManager( 7002): --o Map available for sailplane overlay update, style=true
10-19 18:02:08.163 W/Layer   ( 1950): gatherBufferInfo: Received unknown dataspace from gralloc
10-19 18:02:08.163 D/SailplaneLocationOverlay( 7002): ... Location updated: lat=-33.8943776, lon=151.2692477, track=0deg, magHeading=0deg, mode=NORTH_UP, iconRotation=0deg
10-19 18:02:08.164 D/LocationManager( 7002): " NORTH_UP: Camera following location at -33.8943776, 151.2692477
10-19 18:02:08.164 D/LocationManager( 7002): ... Custom sailplane overlay updated successfully (track=0.0deg)
10-19 18:02:08.165 D/WindowManager( 2747): interceptKeyTi keyCode=187 action=0 repeatCount=0 keyguardOn=false canceled=false
10-19 18:02:08.165 D/PhoneWindowManagerExt( 2747): interceptKeyTi code=187 down=true repeatCount=0 displayId=0 interactive=true
10-19 18:02:08.165 I/SystemKeyManager( 2747): requested systemKeyInfo size=1 focusedWindow=com.example.xcpro.debug/com.example.xcpro.MainActivity
10-19 18:02:08.165 I/SystemKeyManager( 2747): requested systemKeyInfo size=1 focusedWindow=com.example.xcpro.debug/com.example.xcpro.MainActivity
10-19 18:02:08.165 I/SystemKeyManager( 2747): requested systemKeyInfo size=1 focusedWindow=com.example.xcpro.debug/com.example.xcpro.MainActivity
10-19 18:02:08.167 I/GestureDetector( 2747): obtain mCurrentMotionEventRaw. action: 2 id: 512727271
10-19 18:02:08.167 I/GestureDetector( 2747): obtain mCurrentMotionEventRaw. action: 2 id: 512727271
10-19 18:02:08.168 D/BaroCalc( 7002): > Skip sample: invalid gpsAltitude (null)
10-19 18:02:08.169 D/MapInitializer( 7002): "* Camera idle, zoom: 9.628437500000002
10-19 18:02:08.171 W/Layer   ( 1950): gatherBufferInfo: Received unknown dataspace from gralloc
10-19 18:02:08.171 W/Layer   ( 1950): gatherBufferInfo: Received unknown dataspace from gralloc
10-19 18:02:08.171 W/Layer   ( 1950): gatherBufferInfo: Received unknown dataspace from gralloc
10-19 18:02:08.176 D/ElevationCache( 7002): ... Cache HIT: 62m at (-33.8943776, 151.2692477) [hit rate: 84%]
10-19 18:02:08.176 D/SimpleAGL( 7002): ... AGL raw: 17m (Alt: 79m, Ground: 62m, Speed: 0m/s)
10-19 18:02:08.177 D/FlightDataManager( 7002): Live flight data updated: GPS fixed=RealTimeFlightData(latitude=-33.8943776, longitude=151.2692477, gpsAltitude=86.9000015258789, baroAltitude=79.59960299587968, agl=17.596175733106577, verticalSpeed=0.0, pressureAltitude=79.52631985069817, baroGpsDelta=-7.300398529999228, baroConfidence=LOW, qnhCalibrationAgeSeconds=-1, groundSpeed=0.0, track=0.0, accuracy=88.54299926757812, satelliteCount=0, flightTime=00:00, timestamp=1760857328176, currentPressureHPa=1003.7323608398438, qnh=1013.25, isQNHCalibrated=false, windSpeed=0.0, windDirection=0.0, thermalAverage=0.0, currentLD=0.0, netto=0.0, varioOptimized=0.0, varioLegacy=0.0, varioRaw=0.0, varioGPS=0.0, varioComplementary=-0.8299204206899131, lastUpdateTime=1760857328177, calculationSource=GPS+BARO+COMPASS+IMU+TE+AGL+50Hz)
10-19 18:02:08.177 D/LocationManager( 7002): " GPS Data: fixed=RealTimeFlightData(latitude=-33.8943776, longitude=151.2692477, gpsAltitude=86.9000015258789, baroAltitude=79.59960299587968, agl=17.596175733106577, verticalSpeed=0.0, pressureAltitude=79.52631985069817, baroGpsDelta=-7.300398529999228, baroConfidence=LOW, qnhCalibrationAgeSeconds=-1, groundSpeed=0.0, track=0.0, accuracy=88.54299926757812, satelliteCount=0, flightTime=00:00, timestamp=1760857328176, currentPressureHPa=1003.7323608398438, qnh=1013.25, isQNHCalibrated=false, windSpeed=0.0, windDirection=0.0, thermalAverage=0.0, currentLD=0.0, netto=0.0, varioOptimized=0.0, varioLegacy=0.0, varioRaw=0.0, varioGPS=0.0, varioComplementary=-0.8299204206899131, lastUpdateTime=1760857328177, calculationSource=GPS+BARO+COMPASS+IMU+TE+AGL+50Hz), lat=-33.8943776, lon=151.2692477, accuracy=88.54299926757812, gpsAlt=86.9000015258789m, speed=0.0kt, track=0.0deg
10-19 18:02:08.178 D/LocationManager( 7002): oe User location updated: -33.8943776, 151.2692477
10-19 18:02:08.178 D/LocationManager( 7002): --o Map available for sailplane overlay update, style=true
10-19 18:02:08.178 D/SailplaneLocationOverlay( 7002): ... Location updated: lat=-33.8943776, lon=151.2692477, track=0deg, magHeading=0deg, mode=NORTH_UP, iconRotation=0deg
10-19 18:02:08.178 D/LocationManager( 7002): " NORTH_UP: Camera following location at -33.8943776, 151.2692477
10-19 18:02:08.178 D/LocationManager( 7002): ... Custom sailplane overlay updated successfully (track=0.0deg)
10-19 18:02:08.178 D/MapInitializer( 7002): "* Camera idle, zoom: 9.628437500000002
10-19 18:02:08.180 W/Layer   ( 1950): gatherBufferInfo: Received unknown dataspace from gralloc
10-19 18:02:08.180 W/Layer   ( 1950): gatherBufferInfo: Received unknown dataspace from gralloc
10-19 18:02:08.180 W/Layer   ( 1950): gatherBufferInfo: Received unknown dataspace from gralloc
10-19 18:02:08.183 D/BaroCalc( 7002): > Skip sample: invalid gpsAltitude (null)
10-19 18:02:08.188 W/Layer   ( 1950): gatherBufferInfo: Received unknown dataspace from gralloc
10-19 18:02:08.188 W/Layer   ( 1950): gatherBufferInfo: Received unknown dataspace from gralloc
10-19 18:02:08.188 W/Layer   ( 1950): gatherBufferInfo: Received unknown dataspace from gralloc
10-19 18:02:08.196 W/Layer   ( 1950): gatherBufferInfo: Received unknown dataspace from gralloc
10-19 18:02:08.196 W/Layer   ( 1950): gatherBufferInfo: Received unknown dataspace from gralloc
10-19 18:02:08.196 W/Layer   ( 1950): gatherBufferInfo: Received unknown dataspace from gralloc
10-19 18:02:08.200 D/ElevationCache( 7002): ... Cache HIT: 62m at (-33.8943776, 151.2692477) [hit rate: 84%]
10-19 18:02:08.200 D/SimpleAGL( 7002): ... AGL raw: 17m (Alt: 79m, Ground: 62m, Speed: 0m/s)
10-19 18:02:08.200 D/LocationManager( 7002): " GPS Data: fixed=RealTimeFlightData(latitude=-33.8943776, longitude=151.2692477, gpsAltitude=86.9000015258789, baroAltitude=79.59960299587968, agl=17.596175733106577, verticalSpeed=0.0, pressureAltitude=79.52631985069817, baroGpsDelta=-7.300398529999228, baroConfidence=LOW, qnhCalibrationAgeSeconds=-1, groundSpeed=0.0, track=0.0, accuracy=88.54299926757812, satelliteCount=0, flightTime=00:00, timestamp=1760857328176, currentPressureHPa=1003.7323608398438, qnh=1013.25, isQNHCalibrated=false, windSpeed=0.0, windDirection=0.0, thermalAverage=0.0, currentLD=0.0, netto=0.0, varioOptimized=0.0, varioLegacy=0.0, varioRaw=0.0, varioGPS=0.0, varioComplementary=-0.8299204206899131, lastUpdateTime=1760857328177, calculationSource=GPS+BARO+COMPASS+IMU+TE+AGL+50Hz), lat=-33.8943776, lon=151.2692477, accuracy=88.54299926757812, gpsAlt=86.9000015258789m, speed=0.0kt, track=0.0deg
10-19 18:02:08.200 D/LocationManager( 7002): oe User location updated: -33.8943776, 151.2692477
10-19 18:02:08.200 D/LocationManager( 7002): --o Map available for sailplane overlay update, style=true
10-19 18:02:08.201 D/SailplaneLocationOverlay( 7002): ... Location updated: lat=-33.8943776, lon=151.2692477, track=0deg, magHeading=0deg, mode=NORTH_UP, iconRotation=0deg
10-19 18:02:08.201 D/LocationManager( 7002): " NORTH_UP: Camera following location at -33.8943776, 151.2692477
10-19 18:02:08.201 D/LocationManager( 7002): ... Custom sailplane overlay updated successfully (track=0.0deg)
10-19 18:02:08.201 D/FlightDataManager( 7002): Live flight data updated: GPS fixed=RealTimeFlightData(latitude=-33.8943776, longitude=151.2692477, gpsAltitude=86.9000015258789, baroAltitude=79.60255113800753, agl=17.59960299587968, verticalSpeed=0.0, pressureAltitude=79.53655874170416, baroGpsDelta=-7.297450387871379, baroConfidence=LOW, qnhCalibrationAgeSeconds=-1, groundSpeed=0.0, track=0.0, accuracy=88.54299926757812, satelliteCount=0, flightTime=00:00, timestamp=1760857328199, currentPressureHPa=1003.7311401367188, qnh=1013.25, isQNHCalibrated=false, windSpeed=0.0, windDirection=0.0, thermalAverage=0.0, currentLD=0.0, netto=0.0, varioOptimized=0.0, varioLegacy=0.0, varioRaw=0.7313493575702117, varioGPS=0.0, varioComplementary=0.2220128600682424, lastUpdateTime=1760857328201, calculationSource=GPS+BARO+COMPASS+IMU+TE+AGL+50Hz)
10-19 18:02:08.202 D/LocationManager( 7002): " GPS Data: fixed=RealTimeFlightData(latitude=-33.8943776, longitude=151.2692477, gpsAltitude=86.9000015258789, baroAltitude=79.60255113800753, agl=17.59960299587968, verticalSpeed=0.0, pressureAltitude=79.53655874170416, baroGpsDelta=-7.297450387871379, baroConfidence=LOW, qnhCalibrationAgeSeconds=-1, groundSpeed=0.0, track=0.0, accuracy=88.54299926757812, satelliteCount=0, flightTime=00:00, timestamp=1760857328199, currentPressureHPa=1003.7311401367188, qnh=1013.25, isQNHCalibrated=false, windSpeed=0.0, windDirection=0.0, thermalAverage=0.0, currentLD=0.0, netto=0.0, varioOptimized=0.0, varioLegacy=0.0, varioRaw=0.7313493575702117, varioGPS=0.0, varioComplementary=0.2220128600682424, lastUpdateTime=1760857328201, calculationSource=GPS+BARO+COMPASS+IMU+TE+AGL+50Hz), lat=-33.8943776, lon=151.2692477, accuracy=88.54299926757812, gpsAlt=86.9000015258789m, speed=0.0kt, track=0.0deg
10-19 18:02:08.202 D/LocationManager( 7002): oe User location updated: -33.8943776, 151.2692477
10-19 18:02:08.202 D/LocationManager( 7002): --o Map available for sailplane overlay update, style=true
10-19 18:02:08.202 D/SailplaneLocationOverlay( 7002): ... Location updated: lat=-33.8943776, lon=151.2692477, track=0deg, magHeading=0deg, mode=NORTH_UP, iconRotation=0deg
10-19 18:02:08.203 D/LocationManager( 7002): " NORTH_UP: Camera following location at -33.8943776, 151.2692477
10-19 18:02:08.203 D/LocationManager( 7002): ... Custom sailplane overlay updated successfully (track=0.0deg)
10-19 18:02:08.205 W/Layer   ( 1950): gatherBufferInfo: Received unknown dataspace from gralloc
10-19 18:02:08.205 W/Layer   ( 1950): gatherBufferInfo: Received unknown dataspace from gralloc
10-19 18:02:08.205 W/Layer   ( 1950): gatherBufferInfo: Received unknown dataspace from gralloc
10-19 18:02:08.211 D/BaroCalc( 7002): > Skip sample: invalid gpsAltitude (null)
10-19 18:02:08.211 D/MapInitializer( 7002): "* Camera idle, zoom: 9.628437500000002
10-19 18:02:08.213 W/Layer   ( 1950): gatherBufferInfo: Received unknown dataspace from gralloc
10-19 18:02:08.213 W/Layer   ( 1950): gatherBufferInfo: Received unknown dataspace from gralloc
10-19 18:02:08.213 W/Layer   ( 1950): gatherBufferInfo: Received unknown dataspace from gralloc
10-19 18:02:08.216 I/artd    (28517): GetBestInfo: vdex next to the dex file (/data/app/~~SzuZrk33mP3YP6Rg42e8vA==/com.binance.dev-wKvKvOMeLE2oC9lJbJDg3w==/oat/arm64/base.vdex) is kOatUpToDate with filter 'verify' executable 'false'
10-19 18:02:08.217 D/ElevationCache( 7002): ... Cache HIT: 62m at (-33.8943776, 151.2692477) [hit rate: 85%]
10-19 18:02:08.217 D/SimpleAGL( 7002): ... AGL raw: 17m (Alt: 79m, Ground: 62m, Speed: 0m/s)
10-19 18:02:08.217 D/FlightDataManager( 7002): Live flight data updated: GPS fixed=RealTimeFlightData(latitude=-33.8943776, longitude=151.2692477, gpsAltitude=86.9000015258789, baroAltitude=79.6050612424423, agl=17.602551138007527, verticalSpeed=0.0, pressureAltitude=79.53655874170416, baroGpsDelta=-7.294940283436603, baroConfidence=LOW, qnhCalibrationAgeSeconds=-1, groundSpeed=0.0, track=0.0, accuracy=88.54299926757812, satelliteCount=0, flightTime=00:00, timestamp=1760857328216, currentPressureHPa=1003.7311401367188, qnh=1013.25, isQNHCalibrated=false, windSpeed=0.0, windDirection=0.0, thermalAverage=0.0, currentLD=0.0, netto=0.0, varioOptimized=0.0, varioLegacy=0.0, varioRaw=0.0, varioGPS=0.0, varioComplementary=0.06660385802047272, lastUpdateTime=1760857328217, calculationSource=GPS+BARO+COMPASS+IMU+TE+AGL+50Hz)
10-19 18:02:08.217 D/LocationManager( 7002): " GPS Data: fixed=RealTimeFlightData(latitude=-33.8943776, longitude=151.2692477, gpsAltitude=86.9000015258789, baroAltitude=79.6050612424423, agl=17.602551138007527, verticalSpeed=0.0, pressureAltitude=79.53655874170416, baroGpsDelta=-7.294940283436603, baroConfidence=LOW, qnhCalibrationAgeSeconds=-1, groundSpeed=0.0, track=0.0, accuracy=88.54299926757812, satelliteCount=0, flightTime=00:00, timestamp=1760857328216, currentPressureHPa=1003.7311401367188, qnh=1013.25, isQNHCalibrated=false, windSpeed=0.0, windDirection=0.0, thermalAverage=0.0, currentLD=0.0, netto=0.0, varioOptimized=0.0, varioLegacy=0.0, varioRaw=0.0, varioGPS=0.0, varioComplementary=0.06660385802047272, lastUpdateTime=1760857328217, calculationSource=GPS+BARO+COMPASS+IMU+TE+AGL+50Hz), lat=-33.8943776, lon=151.2692477, accuracy=88.54299926757812, gpsAlt=86.9000015258789m, speed=0.0kt, track=0.0deg
10-19 18:02:08.217 D/LocationManager( 7002): oe User location updated: -33.8943776, 151.2692477
10-19 18:02:08.217 D/LocationManager( 7002): --o Map available for sailplane overlay update, style=true
10-19 18:02:08.218 D/SailplaneLocationOverlay( 7002): ... Location updated: lat=-33.8943776, lon=151.2692477, track=0deg, magHeading=0deg, mode=NORTH_UP, iconRotation=0deg
10-19 18:02:08.218 D/LocationManager( 7002): " NORTH_UP: Camera following location at -33.8943776, 151.2692477
10-19 18:02:08.218 D/LocationManager( 7002): ... Custom sailplane overlay updated successfully (track=0.0deg)
10-19 18:02:08.218 D/MapInitializer( 7002): "* Camera idle, zoom: 9.628437500000002
10-19 18:02:08.221 W/Layer   ( 1950): gatherBufferInfo: Received unknown dataspace from gralloc
10-19 18:02:08.221 W/Layer   ( 1950): gatherBufferInfo: Received unknown dataspace from gralloc
10-19 18:02:08.221 W/Layer   ( 1950): gatherBufferInfo: Received unknown dataspace from gralloc
10-19 18:02:08.224 D/InputReader( 2747): Btn_touch(5): value=0 when=613912.973589
10-19 18:02:08.224 I/InputReader( 2747): Touch event's action is 0x1 (id=7, t=0) [pCnt=1, s=] when=613912.973589
10-19 18:02:08.224 I/InputDispatcher( 2747): Delivering touch to (3782): action: 0x1, f=0x0, d=0, '5878c63', t=1 +(0,-2171)*(0.75)
10-19 18:02:08.225 I/VRI[NavigationBar0]@8996f01( 3782): ViewPostIme pointer 1
10-19 18:02:08.225 D/BaroCalc( 7002): > Skip sample: invalid gpsAltitude (null)
10-19 18:02:08.228 I/KeyButtonView( 3782): injectInputEvent - 187
10-19 18:02:08.228 D/InputDispatcher( 2747): Inject key (3782/10039): action=1, f=0x48, d=0, time=613912976000000
10-19 18:02:08.228 D/WindowManager( 2747): interceptKeyTq keycode=187 interactive=true keyguardActive=false policyFlags=2b000002
10-19 18:02:08.228 I/SystemKeyManager( 2747): requested systemKeyInfo size=1 focusedWindow=com.example.xcpro.debug/com.example.xcpro.MainActivity
10-19 18:02:08.228 D/PhoneWindowManagerExt( 2747): interceptKeyTq code=187 down=false repeatCount=0 displayId=0 interactive=true
10-19 18:02:08.228 I/SystemKeyManager( 2747): requested systemKeyInfo size=1 focusedWindow=com.example.xcpro.debug/com.example.xcpro.MainActivity
10-19 18:02:08.228 D/WindowManager( 2747): interceptKeyTq interceptKeyResult=1
10-19 18:02:08.229 D/WindowManager( 2747): interceptKeyTi keyCode=187 action=1 repeatCount=0 keyguardOn=false canceled=false
10-19 18:02:08.229 D/PhoneWindowManagerExt( 2747): interceptKeyTi code=187 down=false repeatCount=0 displayId=0 interactive=true
10-19 18:02:08.229 I/SystemKeyManager( 2747): requested systemKeyInfo size=1 focusedWindow=com.example.xcpro.debug/com.example.xcpro.MainActivity
10-19 18:02:08.229 I/SystemKeyManager( 2747): requested systemKeyInfo size=1 focusedWindow=com.example.xcpro.debug/com.example.xcpro.MainActivity
10-19 18:02:08.229 D/WindowManager( 2747): toggleRecentApps displayId=0
10-19 18:02:08.229 I/SystemKeyManager( 2747): requested systemKeyInfo size=1 focusedWindow=com.example.xcpro.debug/com.example.xcpro.MainActivity
10-19 18:02:08.230 W/Layer   ( 1950): gatherBufferInfo: Received unknown dataspace from gralloc
10-19 18:02:08.230 W/Layer   ( 1950): gatherBufferInfo: Received unknown dataspace from gralloc
10-19 18:02:08.230 W/Layer   ( 1950): gatherBufferInfo: Received unknown dataspace from gralloc
10-19 18:02:08.233 I/HoneySpace.TISBinder( 4221): onOverviewToggle
10-19 18:02:08.234 I/HoneySpace.TISBinder( 4221): onOverviewToggle - invoke event
10-19 18:02:08.235 I/HoneySpace.OverviewEventHandler( 4221): OverviewToggleEvent: false / true
10-19 18:02:08.235 I/HoneySpace.OverviewEventHandler( 4221): closeSystemWindow
10-19 18:02:08.237 D/ElevationCache( 7002): ... Cache HIT: 62m at (-33.8943776, 151.2692477) [hit rate: 85%]
10-19 18:02:08.237 D/SimpleAGL( 7002): ... AGL raw: 17m (Alt: 79m, Ground: 62m, Speed: 0m/s)
10-19 18:02:08.237 D/FlightDataManager( 7002): Live flight data updated: GPS fixed=RealTimeFlightData(latitude=-33.8943776, longitude=151.2692477, gpsAltitude=86.9000015258789, baroAltitude=79.60725285849115, agl=17.605061242442304, verticalSpeed=0.0, pressureAltitude=79.57546661948399, baroGpsDelta=-7.292748667387755, baroConfidence=LOW, qnhCalibrationAgeSeconds=-1, groundSpeed=0.0, track=0.0, accuracy=88.54299926757812, satelliteCount=0, flightTime=00:00, timestamp=1760857328236, currentPressureHPa=1003.7265014648438, qnh=1013.25, isQNHCalibrated=false, windSpeed=0.0, windDirection=0.0, thermalAverage=0.0, currentLD=0.0, netto=0.0, varioOptimized=0.0, varioLegacy=0.0, varioRaw=2.7791341271310444, varioGPS=0.0, varioComplementary=1.8097435352785343, lastUpdateTime=1760857328237, calculationSource=GPS+BARO+COMPASS+IMU+TE+AGL+50Hz)
10-19 18:02:08.238 D/LocationManager( 7002): " GPS Data: fixed=RealTimeFlightData(latitude=-33.8943776, longitude=151.2692477, gpsAltitude=86.9000015258789, baroAltitude=79.60725285849115, agl=17.605061242442304, verticalSpeed=0.0, pressureAltitude=79.57546661948399, baroGpsDelta=-7.292748667387755, baroConfidence=LOW, qnhCalibrationAgeSeconds=-1, groundSpeed=0.0, track=0.0, accuracy=88.54299926757812, satelliteCount=0, flightTime=00:00, timestamp=1760857328236, currentPressureHPa=1003.7265014648438, qnh=1013.25, isQNHCalibrated=false, windSpeed=0.0, windDirection=0.0, thermalAverage=0.0, currentLD=0.0, netto=0.0, varioOptimized=0.0, varioLegacy=0.0, varioRaw=2.7791341271310444, varioGPS=0.0, varioComplementary=1.8097435352785343, lastUpdateTime=1760857328237, calculationSource=GPS+BARO+COMPASS+IMU+TE+AGL+50Hz), lat=-33.8943776, lon=151.2692477, accuracy=88.54299926757812, gpsAlt=86.9000015258789m, speed=0.0kt, track=0.0deg
10-19 18:02:08.238 D/LocationManager( 7002): oe User location updated: -33.8943776, 151.2692477
10-19 18:02:08.238 D/LocationManager( 7002): --o Map available for sailplane overlay update, style=true
10-19 18:02:08.238 I/HoneySpace.OverviewEventHandler( 4221): sendRecentsToggleEvent() canOpenRecents: true, isHomeTask: false, requestFocus: false
10-19 18:02:08.238 W/Layer   ( 1950): gatherBufferInfo: Received unknown dataspace from gralloc
10-19 18:02:08.238 W/Layer   ( 1950): gatherBufferInfo: Received unknown dataspace from gralloc
10-19 18:02:08.238 D/SailplaneLocationOverlay( 7002): ... Location updated: lat=-33.8943776, lon=151.2692477, track=0deg, magHeading=0deg, mode=NORTH_UP, iconRotation=0deg
10-19 18:02:08.239 D/LocationManager( 7002): " NORTH_UP: Camera following location at -33.8943776, 151.2692477
10-19 18:02:08.239 D/LocationManager( 7002): ... Custom sailplane overlay updated successfully (track=0.0deg)
10-19 18:02:08.242 D/MapInitializer( 7002): "* Camera idle, zoom: 9.628437500000002
10-19 18:02:08.243 V/ShellDragAndDrop( 3782): Receive android.intent.action.CLOSE_SYSTEM_DIALOGS
10-19 18:02:08.243 I/HoneySpace.GestureEventController( 4221): InitBeforeEnter, homeIsOnTop: false
10-19 18:02:08.243 V/ShellDragAndDrop( 3782): Do not update drop target window visibility: window is already set to 4.
10-19 18:02:08.243 I/HoneySpace.SubViewsProgressRepositoryImpl( 4221): taskLaunchProgress: 0.0, recentsEnteringProgress: 0.0
10-19 18:02:08.243 I/SAMSUNGWALLET(17164): [Hint_PayHintService] onReceive() action=android.intent.action.CLOSE_SYSTEM_DIALOGS
10-19 18:02:08.244 I/HoneySpace.CloseAllProgressRepositoryImpl( 4221): taskLaunchProgress: 0.0, recentsEnteringProgress: 0.0
10-19 18:02:08.244 D/PopupUI.PopupUI( 3782): PopupUIReceiver.onReceive() action : android.intent.action.CLOSE_SYSTEM_DIALOGS
10-19 18:02:08.244 I/HoneySpace.TaskIconProgressRepositoryImpl( 4221): taskLaunchProgress: 0.0, recentsEnteringFromAppsProgress: 0.0
10-19 18:02:08.244 I/HoneySpace.SuggestedAppsProgressRepositoryImpl( 4221): taskLaunchProgress: 0.0, recentsEnteringProgress: 0.0, timeoutProgress: 0.0, enabledProgress: 1.0, closeRecentsProgress: 1.0
10-19 18:02:08.244 D/SimTrayProtectionViewModel( 3782): dismiss : isFoldedState()falseisRemoveSimtray() : true
10-19 18:02:08.244 I/HoneySpace.TaskListLoadCheckerImpl( 4221): setLoadingCondition: 2, loadingCondition: 2
10-19 18:02:08.244 I/HoneySpace.GestureEventController( 4221): cancelCollectEventForRecentInGestureTransition
10-19 18:02:08.245 D/LocationControllerImpl( 3782): onReceive() = android.intent.action.CLOSE_SYSTEM_DIALOGS
10-19 18:02:08.245 I/sensors-hal( 1830): handle_sns_client_event:185, auto_rotation_debug_2 mode,255, type,1,0 acc,-2.103,4.752,8.693, ar,0, ver,12, pedo,1,e,1,i,3
10-19 18:02:08.245 D/SecVolume.VolumePanelStore( 3782): dispatch [ACTION_DISMISS_REQUESTED with [STATE_NO_DISPATCH], currentAction={isFromOutside : true}, currentState={activeStream=0(vol=7), stream=0(vol=7) } isHasVibrator : true, isMediaDefaultEnabled : true, isVoiceCapable : true, isSetupWizardComplete : true, isCaptionComponentEnabled : true, pinDevice : 0, timeOut : 3000, cutoutHeight : 56, iconCurrentState : 2, timeOutControlsText : 0, activeStream : 0, stream : 0, ringerModeInternal : 2, timeOutControls : 0, iconTargetState : 2, earProtectLevel : 909, systemTimeNow : 579485748}
10-19 18:02:08.245 D/SecVolume.VolumePanelStore( 3782):   > New State : [STATE_NO_DISPATCH]
10-19 18:02:08.245 D/BaroCalc( 7002): > Skip sample: invalid gpsAltitude (null)
10-19 18:02:08.246 I/HoneySpace.GestureEventController( 4221): start collectEventForRecentInGestureTransition
10-19 18:02:08.246 I/HoneySpace.TaskListLoadCheckerImpl( 4221): removeLoadingCondition: 4, loadingCondition: 2
10-19 18:02:08.246 W/Layer   ( 1950): gatherBufferInfo: Received unknown dataspace from gralloc
10-19 18:02:08.246 W/Layer   ( 1950): gatherBufferInfo: Received unknown dataspace from gralloc
10-19 18:02:08.246 W/Layer   ( 1950): gatherBufferInfo: Received unknown dataspace from gralloc
10-19 18:02:08.248 I/HoneySpace.GestureEventController( 4221): needFocus false
10-19 18:02:08.249 I/HoneySpace.GestureInputHandler( 4221): RecentsToggleEvent
10-19 18:02:08.249 I/HoneySpace.GestureInputHandler( 4221): toggleRecents() called
10-19 18:02:08.255 W/Layer   ( 1950): gatherBufferInfo: Received unknown dataspace from gralloc
10-19 18:02:08.255 W/Layer   ( 1950): gatherBufferInfo: Received unknown dataspace from gralloc
10-19 18:02:08.255 W/Layer   ( 1950): gatherBufferInfo: Received unknown dataspace from gralloc
10-19 18:02:08.256 D/ElevationCache( 7002): ... Cache HIT: 62m at (-33.8943776, 151.2692477) [hit rate: 85%]
10-19 18:02:08.257 D/SimpleAGL( 7002): ... AGL raw: 17m (Alt: 79m, Ground: 62m, Speed: 0m/s)
10-19 18:02:08.257 D/FlightDataManager( 7002): Live flight data updated: GPS fixed=RealTimeFlightData(latitude=-33.8943776, longitude=151.2692477, gpsAltitude=86.9000015258789, baroAltitude=79.60915428950442, agl=17.60725285849115, verticalSpeed=0.0, pressureAltitude=79.57546661948399, baroGpsDelta=-7.290847236374489, baroConfidence=LOW, qnhCalibrationAgeSeconds=-1, groundSpeed=0.0, track=0.0, accuracy=88.54299926757812, satelliteCount=0, flightTime=00:00, timestamp=1760857328256, currentPressureHPa=1003.7265014648438, qnh=1013.25, isQNHCalibrated=false, windSpeed=0.0, windDirection=0.0, thermalAverage=0.0, currentLD=0.0, netto=0.0, varioOptimized=0.0, varioLegacy=0.0, varioRaw=0.0, varioGPS=0.0, varioComplementary=0.5429230605835604, lastUpdateTime=1760857328257, calculationSource=GPS+BARO+COMPASS+IMU+TE+AGL+50Hz)
10-19 18:02:08.258 D/LocationManager( 7002): " GPS Data: fixed=RealTimeFlightData(latitude=-33.8943776, longitude=151.2692477, gpsAltitude=86.9000015258789, baroAltitude=79.60915428950442, agl=17.60725285849115, verticalSpeed=0.0, pressureAltitude=79.57546661948399, baroGpsDelta=-7.290847236374489, baroConfidence=LOW, qnhCalibrationAgeSeconds=-1, groundSpeed=0.0, track=0.0, accuracy=88.54299926757812, satelliteCount=0, flightTime=00:00, timestamp=1760857328256, currentPressureHPa=1003.7265014648438, qnh=1013.25, isQNHCalibrated=false, windSpeed=0.0, windDirection=0.0, thermalAverage=0.0, currentLD=0.0, netto=0.0, varioOptimized=0.0, varioLegacy=0.0, varioRaw=0.0, varioGPS=0.0, varioComplementary=0.5429230605835604, lastUpdateTime=1760857328257, calculationSource=GPS+BARO+COMPASS+IMU+TE+AGL+50Hz), lat=-33.8943776, lon=151.2692477, accuracy=88.54299926757812, gpsAlt=86.9000015258789m, speed=0.0kt, track=0.0deg
10-19 18:02:08.258 D/LocationManager( 7002): oe User location updated: -33.8943776, 151.2692477
10-19 18:02:08.258 D/LocationManager( 7002): --o Map available for sailplane overlay update, style=true
10-19 18:02:08.258 D/SailplaneLocationOverlay( 7002): ... Location updated: lat=-33.8943776, lon=151.2692477, track=0deg, magHeading=0deg, mode=NORTH_UP, iconRotation=0deg
10-19 18:02:08.258 D/LocationManager( 7002): " NORTH_UP: Camera following location at -33.8943776, 151.2692477
10-19 18:02:08.258 D/LocationManager( 7002): ... Custom sailplane overlay updated successfully (track=0.0deg)
10-19 18:02:08.258 D/MapInitializer( 7002): "* Camera idle, zoom: 9.628437500000002
10-19 18:02:08.262 D/BaroCalc( 7002): > Skip sample: invalid gpsAltitude (null)
10-19 18:02:08.263 W/Layer   ( 1950): gatherBufferInfo: Received unknown dataspace from gralloc
10-19 18:02:08.263 W/Layer   ( 1950): gatherBufferInfo: Received unknown dataspace from gralloc
10-19 18:02:08.263 W/Layer   ( 1950): gatherBufferInfo: Received unknown dataspace from gralloc
10-19 18:02:08.271 W/Layer   ( 1950): gatherBufferInfo: Received unknown dataspace from gralloc
10-19 18:02:08.271 W/Layer   ( 1950): gatherBufferInfo: Received unknown dataspace from gralloc
10-19 18:02:08.271 W/Layer   ( 1950): gatherBufferInfo: Received unknown dataspace from gralloc
10-19 18:02:08.275 I/sensors-hal( 1830): handle_sns_client_event:527, [380] mag_sample_cal: ts=776420008225688 ns; cal = [-4.851910, 12.788860, 43.330547], uncal = [29.424862, -45.537266, 31.883194], bias = [34.276772, -58.326126, -11.447352], status=3
10-19 18:02:08.278 I/HoneySpace.AnimationSession( 4221): open
10-19 18:02:08.279 I/HoneySpace.AnimationSession( 4221): doAction(211167392) called with: event = StartRecentsToggle(taskId=20537, displaySize=Point(1080, 2316))
10-19 18:02:08.279 I/HoneySpace.AnimationSession( 4221): toggleRecentView() called with: displaySize = Point(1080, 2316), taskId = 20537
10-19 18:02:08.279 I/HoneySpace.AnimationSession( 4221): taskListView appeared : true
10-19 18:02:08.279 I/HoneySpace.AnimationSession( 4221): controlByView with taskListView true
10-19 18:02:08.279 I/HoneySpace.GroupTask( 4221): userId:0, isDeviceLocked:false
10-19 18:02:08.280 I/HoneySpace.TaskListRepository( 4221): fetchTaskList duration : 849.948us
10-19 18:02:08.280 I/HoneySpace.AnimationSession( 4221): toggleRecentsView taskList updated
10-19 18:02:08.280 W/Layer   ( 1950): gatherBufferInfo: Received unknown dataspace from gralloc
10-19 18:02:08.280 I/HoneySpace.RecentsAnimationManager( 4221): start, taskId: 20537
10-19 18:02:08.280 I/HoneySpace.DvfsManager( 4221): HOME_GESTURE_BOOSTER acquire
10-19 18:02:08.280 W/Layer   ( 1950): gatherBufferInfo: Received unknown dataspace from gralloc
10-19 18:02:08.280 I/HoneySpace.RecentsAnimationManager( 4221): init
10-19 18:02:08.280 I/HoneySpace.RecentsAnimationManager( 4221): initStateCallbacks
10-19 18:02:08.280 I/SemDvfsHyPerManager( 4221): acquire hyper - RECENTS_GESTURE_BOOSTER/4221@1, type = -999
10-19 18:02:08.280 I/HoneySpace.MultiStateCallback( 4221): [135281753] Adding [STATE_GESTURE_START_BYKEY (16384)] to [ (0)]
10-19 18:02:08.280 I/HYPER-HAL( 1841): [RequestManager.cpp]acquire(): Acquired ID : 8914754  [4221 / 1]    HINT : RECENTS_GESTURE_BOOSTER    list : 
10-19 18:02:08.281 I/HoneySpace.CustomFrequencyManager( 4221): enableGpisHint: true
10-19 18:02:08.281 V/Mbgl-HttpRequest( 7002): [HTTP] Request was successful (code = 200).
10-19 18:02:08.281 I/HoneySpace.AppTransitionAnimationAwait( 4221): prepare refCnt:1 timeout:1500
10-19 18:02:08.281 I/HoneySpace.RecentsAnimationManager( 4221): startGestureTransition, byKey: true, isRecentsStart: true
10-19 18:02:08.283 D/ElevationCache( 7002): ... Cache HIT: 62m at (-33.8943776, 151.2692477) [hit rate: 85%]
10-19 18:02:08.283 D/SimpleAGL( 7002): ... AGL raw: 17m (Alt: 79m, Ground: 62m, Speed: 0m/s)
10-19 18:02:08.283 I/HoneySpace.WallpaperAnimator( 4221): createWallpaperSurface
10-19 18:02:08.284 D/FlightDataManager( 7002): Live flight data updated: GPS fixed=RealTimeFlightData(latitude=-33.8943776, longitude=151.2692477, gpsAltitude=86.9000015258789, baroAltitude=79.6108372242885, agl=17.609154289504417, verticalSpeed=0.0, pressureAltitude=79.59799229948158, baroGpsDelta=-7.289164301590404, baroConfidence=LOW, qnhCalibrationAgeSeconds=-1, groundSpeed=0.0, track=0.0, accuracy=88.54299926757812, satelliteCount=0, flightTime=00:00, timestamp=1760857328283, currentPressureHPa=1003.7238159179688, qnh=1013.25, isQNHCalibrated=false, windSpeed=0.0, windDirection=0.0, thermalAverage=0.0, currentLD=0.0, netto=0.0, varioOptimized=0.0, varioLegacy=0.0, varioRaw=1.3250399998579563, varioGPS=0.0, varioComplementary=1.016202678083592, lastUpdateTime=1760857328283, calculationSource=GPS+BARO+COMPASS+IMU+TE+AGL+50Hz)
10-19 18:02:08.284 D/LocationManager( 7002): " GPS Data: fixed=RealTimeFlightData(latitude=-33.8943776, longitude=151.2692477, gpsAltitude=86.9000015258789, baroAltitude=79.6108372242885, agl=17.609154289504417, verticalSpeed=0.0, pressureAltitude=79.59799229948158, baroGpsDelta=-7.289164301590404, baroConfidence=LOW, qnhCalibrationAgeSeconds=-1, groundSpeed=0.0, track=0.0, accuracy=88.54299926757812, satelliteCount=0, flightTime=00:00, timestamp=1760857328283, currentPressureHPa=1003.7238159179688, qnh=1013.25, isQNHCalibrated=false, windSpeed=0.0, windDirection=0.0, thermalAverage=0.0, currentLD=0.0, netto=0.0, varioOptimized=0.0, varioLegacy=0.0, varioRaw=1.3250399998579563, varioGPS=0.0, varioComplementary=1.016202678083592, lastUpdateTime=1760857328283, calculationSource=GPS+BARO+COMPASS+IMU+TE+AGL+50Hz), lat=-33.8943776, lon=151.2692477, accuracy=88.54299926757812, gpsAlt=86.9000015258789m, speed=0.0kt, track=0.0deg
10-19 18:02:08.284 D/LocationManager( 7002): oe User location updated: -33.8943776, 151.2692477
10-19 18:02:08.284 D/LocationManager( 7002): --o Map available for sailplane overlay update, style=true
10-19 18:02:08.284 D/SailplaneLocationOverlay( 7002): ... Location updated: lat=-33.8943776, lon=151.2692477, track=0deg, magHeading=0deg, mode=NORTH_UP, iconRotation=0deg
10-19 18:02:08.285 I/WindowManager( 2747): Reparenting to leash, surface=Surface(name=RemoteWallpaperAnim:1:1)/@0xf5ebb15, syncState=0, syncCommitDepth=0, leashParent=Surface(name=OneHanded:0:14)/@0xf943e2a
10-19 18:02:08.285 I/SurfaceFlinger( 1950): id=68721 createSurf, flag=24000, Surface(name=RemoteWallpaperAnim:1:1)/@0xf5ebb15 - animation-leash of remote_wallpaper#68721
10-19 18:02:08.285 D/LocationManager( 7002): " NORTH_UP: Camera following location at -33.8943776, 151.2692477
10-19 18:02:08.285 D/LocationManager( 7002): ... Custom sailplane overlay updated successfully (track=0.0deg)
10-19 18:02:08.285 D/BaroCalc( 7002): > Skip sample: invalid gpsAltitude (null)
10-19 18:02:08.285 D/WindowManager( 2747): makeSurface duration=1 leash=Surface(name=Surface(name=RemoteWallpaperAnim:1:1)/@0xf5ebb15 - animation-leash of remote_wallpaper)/@0x7094903
10-19 18:02:08.285 D/WindowManager( 2747): startAnimation for remote wallpaper, leash=Surface(name=Surface(name=RemoteWallpaperAnim:1:1)/@0xf5ebb15 - animation-leash of remote_wallpaper)/@0x7094903
10-19 18:02:08.286 D/WindowManager( 2747): startRemoteWallpaperAnimation, d=0, leash=Surface(name=Surface(name=RemoteWallpaperAnim:1:1)/@0xf5ebb15 - animation-leash of remote_wallpaper)/@0x7094903
10-19 18:02:08.286 I/HoneySpace.ShellTransitionManager( 4221): startGestureTransition homeIsOnTop: false
10-19 18:02:08.286 I/HoneySpace.ShellTransitionManager( 4221): set restRunnableList: null
10-19 18:02:08.286 V/Mbgl-HttpRequest( 7002): [HTTP] Request was successful (code = 200).
10-19 18:02:08.286 I/HoneySpace.ShellTransitionManager( 4221): transitionRunning state changed: true
10-19 18:02:08.288 I/SurfaceFlinger( 1950): [Surface(name=RemoteWallpaperAnim:1:1)/@0xf5ebb15 - animation-leash of remote_wallpaper#68721] attach to parent LayerHierarchy{RequestedLayerState{OneHanded:0:14#4 parentId=3} 5 children}
10-19 18:02:08.288 W/Layer   ( 1950): gatherBufferInfo: Received unknown dataspace from gralloc
10-19 18:02:08.288 W/Layer   ( 1950): gatherBufferInfo: Received unknown dataspace from gralloc
10-19 18:02:08.288 W/Layer   ( 1950): gatherBufferInfo: Received unknown dataspace from gralloc
10-19 18:02:08.290 I/artd    (28517): GetBestInfo: odex next to the dex file (/data/app/~~A5d_6epSbjQvl6Muy3s30w==/com.google.android.apps.chromecast.app-KqXa4dWjUNhDvtU1KCsIHg==/oat/arm64/base.odex) is kOatBootImageOutOfDate with filter 'speed-profile' executable 'false': Image checksum mismatch, expected i;21/5ab04ad3:i;29/88ad7a96 to start with i;21/f868ba46
10-19 18:02:08.292 I/HoneySpace.MultiStateCallback( 4221): [135281753] Adding [STATE_START_RECENTS_TRANSITION (4)] to [STATE_GESTURE_START_BYKEY (16384)]
10-19 18:02:08.292 V/ShellRecents( 3782): RecentsTransitionHandler.startRecentsTransition
10-19 18:02:08.292 I/SurfaceControl( 2747): apply, lowDebugName=startRemoteWallpaperAnimation_243609728, caller=android.view.SurfaceControl$Transaction.apply:3122 android.view.SurfaceControl$Transaction.apply:3078 com.android.server.wm.WindowAnimator.animate:380 com.android.server.wm.WindowAnimator$$ExternalSyntheticLambda1.doFrame:14 android.view.Choreographer$CallbackRecord.run:1749 android.view.Choreographer$CallbackRecord.run:1760 
10-19 18:02:08.293 D/MapInitializer( 7002): "* Camera idle, zoom: 9.628437500000002
10-19 18:02:08.293 I/sensors-hal( 1830): handle_sns_client_event:625, [0][393] gyro_sample_cal(3) [ 0.072,-0.190, 0.078] 776420017457355
10-19 18:02:08.294 I/HoneySpace.AnimationSession( 4221): recents animation start: false false
10-19 18:02:08.294 I/HoneySpace.RecentInteraction( 4221): sendRecentsAnimationEvent. isStarted: true
10-19 18:02:08.294 I/HoneySpace.BackgroundManagerImpl( 4221): setProgress: com.honeyspace.sdk.RecentScreen$Normal@d70d34, p=0.0, ch=223634016, open=true
10-19 18:02:08.294 I/ScrimView( 4221): setCurrentFlatColor alphaProgress = 0.000, currentFlatColor = 0
10-19 18:02:08.295 I/HoneySpace.BackgroundManagerImpl( 4221): setProgressToScrimView[ch=223634016]: progress = 0.0, dim = 0.1, currentDimAlpha={29789367=0.0, 223634016=0.0, 82160814=0.1}
10-19 18:02:08.295 I/artd    (28517): GetBestInfo: vdex next to the dex file (/data/app/~~A5d_6epSbjQvl6Muy3s30w==/com.google.android.apps.chromecast.app-KqXa4dWjUNhDvtU1KCsIHg==/oat/arm64/base.vdex) is kOatUpToDate with filter 'verify' executable 'false'
10-19 18:02:08.295 V/WindowManagerShell( 3782): Directly starting a new transition type=3 wct=WindowContainerTransaction { changes = {} hops = [{PendingIntent: options=Bundle[mParcelledData.dataSize=1764]}] errorCallbackToken=null taskFragmentOrganizer=null } handler=com.android.wm.shell.recents.RecentsTransitionHandler@3e9e3db
10-19 18:02:08.296 I/SurfaceFlinger( 1950): [LayerHierarchy{RequestedLayerState{RemoteWallpaperAnim:1:1#7 parentId=68721 z=1} 1 children}] reparent to LayerHierarchy{RequestedLayerState{Surface(name=RemoteWallpaperAnim:1:1)/@0xf5ebb15 - animation-leash of remote_wallpaper#68721 parentId=4 z=1} 1 children}
10-19 18:02:08.296 I/HoneySpace.WallpaperBlurView( 4221): clear blur 0.0 false
10-19 18:02:08.296 I/HoneySpace.WallpaperBlurView( 4221): clear view
10-19 18:02:08.296 D/ElevationCache( 7002): ... Cache HIT: 62m at (-33.8943776, 151.2692477) [hit rate: 85%]
10-19 18:02:08.296 D/SimpleAGL( 7002): ... AGL raw: 17m (Alt: 79m, Ground: 62m, Speed: 0m/s)
10-19 18:02:08.297 I/HoneySpace.BackgroundManagerImpl( 4221): setProgressToBlurView[ch=223634016, st =  com.honeyspace.sdk.RecentScreen$Normal@d70d34, progress = 0.0, wb= 0.0]
10-19 18:02:08.297 D/FlightDataManager( 7002): Live flight data updated: GPS fixed=RealTimeFlightData(latitude=-33.8943776, longitude=151.2692477, gpsAltitude=86.9000015258789, baroAltitude=79.61232056293495, agl=17.610837224288503, verticalSpeed=0.0, pressureAltitude=79.59799229948158, baroGpsDelta=-7.287680962943952, baroConfidence=LOW, qnhCalibrationAgeSeconds=-1, groundSpeed=0.0, track=0.0, accuracy=88.54299926757812, satelliteCount=0, flightTime=00:00, timestamp=1760857328295, currentPressureHPa=1003.7238159179688, qnh=1013.25, isQNHCalibrated=false, windSpeed=0.0, windDirection=0.0, thermalAverage=0.0, currentLD=0.0, netto=0.0, varioOptimized=0.0, varioLegacy=0.0, varioRaw=0.0, varioGPS=0.0, varioComplementary=0.30486080342507765, lastUpdateTime=1760857328297, calculationSource=GPS+BARO+COMPASS+IMU+TE+AGL+50Hz)
10-19 18:02:08.297 W/Layer   ( 1950): gatherBufferInfo: Received unknown dataspace from gralloc
10-19 18:02:08.297 W/Layer   ( 1950): gatherBufferInfo: Received unknown dataspace from gralloc
10-19 18:02:08.297 W/Layer   ( 1950): gatherBufferInfo: Received unknown dataspace from gralloc
10-19 18:02:08.298 D/WindowManager( 2747): mRunner#onAnimationStart for remote wallpaper=[android.view.RemoteAnimationTarget@67cd6b9], transaction=startRemoteWallpaperAnimation_243609728
10-19 18:02:08.298 I/HoneySpace.OverviewEventHandler( 4221): isRecentsAnimationRunning: true
10-19 18:02:08.298 I/WindowOrganizer( 3782): startNewTransition, type=3, t=WindowContainerTransaction { changes = {} hops = [{PendingIntent: options=Bundle[mParcelledData.dataSize=1764]}] errorCallbackToken=null taskFragmentOrganizer=null }, caller=com.android.wm.shell.transition.Transitions.startTransition:42 com.android.wm.shell.recents.RecentsTransitionHandler.startRecentsTransition:161 com.android.wm.shell.recents.RecentTasksController$IRecentTasksImpl$$ExternalSyntheticLambda1.accept:15 com.android.wm.shell.common.ExternalInterfaceBinder$$ExternalSyntheticLambda0.run:10 android.os.Handler.handleCallback:959 
10-19 18:02:08.299 D/LocationManager( 7002): " GPS Data: fixed=RealTimeFlightData(latitude=-33.8943776, longitude=151.2692477, gpsAltitude=86.9000015258789, baroAltitude=79.61232056293495, agl=17.610837224288503, verticalSpeed=0.0, pressureAltitude=79.59799229948158, baroGpsDelta=-7.287680962943952, baroConfidence=LOW, qnhCalibrationAgeSeconds=-1, groundSpeed=0.0, track=0.0, accuracy=88.54299926757812, satelliteCount=0, flightTime=00:00, timestamp=1760857328295, currentPressureHPa=1003.7238159179688, qnh=1013.25, isQNHCalibrated=false, windSpeed=0.0, windDirection=0.0, thermalAverage=0.0, currentLD=0.0, netto=0.0, varioOptimized=0.0, varioLegacy=0.0, varioRaw=0.0, varioGPS=0.0, varioComplementary=0.30486080342507765, lastUpdateTime=1760857328297, calculationSource=GPS+BARO+COMPASS+IMU+TE+AGL+50Hz), lat=-33.8943776, lon=151.2692477, accuracy=88.54299926757812, gpsAlt=86.9000015258789m, speed=0.0kt, track=0.0deg
10-19 18:02:08.299 I/HoneySpace.WallpaperAnimator( 4221): onAnimationStart, wallpapers: Surface(name=Surface(name=RemoteWallpaperAnim:1:1)/@0xf5ebb15 - animation-leash of remote_wallpaper)/@0x92460ff
10-19 18:02:08.299 D/LocationManager( 7002): oe User location updated: -33.8943776, 151.2692477
10-19 18:02:08.299 D/LocationManager( 7002): --o Map available for sailplane overlay update, style=true
10-19 18:02:08.299 D/SailplaneLocationOverlay( 7002): ... Location updated: lat=-33.8943776, lon=151.2692477, track=0deg, magHeading=0deg, mode=NORTH_UP, iconRotation=0deg
10-19 18:02:08.299 D/WindowManager( 2747): Transition is created, t=TransitionRecord{8a9fafe id=-1 type=TO_FRONT flags=0x0}, caller=com.android.server.wm.Transition.<init>:170 com.android.server.wm.WindowOrganizerController.startTransition:17 com.android.server.wm.WindowOrganizerController.startNewTransition:2 android.window.IWindowOrganizerController$Stub.onTransact:259 com.android.server.wm.WindowOrganizerController.onTransact:1 
10-19 18:02:08.300 V/WindowManager( 2747): Starting a Recents transition which can be parallel.
10-19 18:02:08.300 D/LocationManager( 7002): " NORTH_UP: Camera following location at -33.8943776, 151.2692477
10-19 18:02:08.300 D/LocationManager( 7002): ... Custom sailplane overlay updated successfully (track=0.0deg)
10-19 18:02:08.300 D/BLASTSyncEngine( 2747): SyncGroup is created, id=4007, name=Transition-TO_FRONT, caller=com.android.server.wm.BLASTSyncEngine$SyncGroup.<init>:51 com.android.server.wm.TransitionController.moveToCollecting:78 com.android.server.wm.TransitionController.startCollectOrQueue:95 com.android.server.wm.WindowOrganizerController.startTransition:20 com.android.server.wm.WindowOrganizerController.startNewTransition:2 android.window.IWindowOrganizerController$Stub.onTransact:259 com.android.server.wm.WindowOrganizerController.onTransact:1 
10-19 18:02:08.301 W/BLASTSyncEngine( 2747): setSyncMethod, id=4007, method=0, caller=com.android.server.wm.TransitionController.moveToCollecting:90 com.android.server.wm.TransitionController.startCollectOrQueue:95 com.android.server.wm.WindowOrganizerController.startTransition:20 
10-19 18:02:08.301 V/WindowManager( 2747): Start collecting in Transition: TransitionRecord{8a9fafe id=4007 type=TO_FRONT flags=0x0}, caller=com.android.server.wm.TransitionController.startCollectOrQueue:95 com.android.server.wm.WindowOrganizerController.startTransition:20 com.android.server.wm.WindowOrganizerController.startNewTransition:2 android.window.IWindowOrganizerController$Stub.onTransact:259 com.android.server.wm.WindowOrganizerController.onTransact:1 
10-19 18:02:08.301 V/WindowManager( 2747): Starting Transition 4007, caller=com.android.server.wm.WindowOrganizerController$$ExternalSyntheticLambda5.onCollectStarted:10 com.android.server.wm.TransitionController.startCollectOrQueue:98 com.android.server.wm.WindowOrganizerController.startTransition:20 
10-19 18:02:08.301 V/WindowManager( 2747): Transition 4007: Set Task{c4b6c4b #20537 type=standard A=10516:com.example.xcpro.debug} as transient-hidden-task, caller=com.android.server.wm.Task.forAllTasks:4 com.android.server.wm.WindowContainer.forAllTasks:2 com.android.server.wm.DisplayArea.forAllTasks:9 
10-19 18:02:08.301 V/WindowManager( 2747): Collecting in transition 4007: Task{c4b6c4b #20537 type=standard A=10516:com.example.xcpro.debug}, caller=com.android.server.wm.Transition$$ExternalSyntheticLambda16.test:93 com.android.server.wm.Task.forAllTasks:4 com.android.server.wm.WindowContainer.forAllTasks:2 com.android.server.wm.DisplayArea.forAllTasks:9 com.android.server.wm.TransitionController.setTransientLaunch:99 
10-19 18:02:08.302 V/WindowManager( 2747): Collecting in transition 4007: TransientLaunchOverlayToken{1d901e1 token=android.os.BinderProxy@22825eb}, caller=com.android.server.wm.TransientLaunchOverlayToken.setVisibility:22 com.android.server.wm.TransitionController.setTransientLaunch:154 com.android.server.wm.ActivityStartController.startExistingRecents:192 com.android.server.wm.WindowOrganizerController.applyHierarchyOp:31 com.android.server.wm.WindowOrganizerController.applyTransaction:110 
10-19 18:02:08.302 D/WindowManager( 2747): prepareSync <SYNC_STATE_WAITING_FOR_DRAW>, mPrepareSyncSeqId=0, win=Window{db0b7f4 u0 RecentsTransitionOverlay}
10-19 18:02:08.302 I/TransientLaunchOverlayToken( 2747): setVisibility, visible=true, t=TransientLaunchOverlayToken{1d901e1 token=android.os.BinderProxy@22825eb}, caller=com.android.server.wm.TransitionController.setTransientLaunch:154 com.android.server.wm.ActivityStartController.startExistingRecents:192 com.android.server.wm.WindowOrganizerController.applyHierarchyOp:31 
