10-19 18:02:07.901 D/io_stats( 1077): !@ MemInfo(KB): total 7394124 free 167520 avail 2410984 actv(f) 789020 inactv(f) 833376 dirty 364 wb 0 anonpg 1782532 slab 602508
10-19 18:02:07.902 D/io_stats( 1077): !@ Read_top(KB): binder:28517_2(28517) 89704 binder:2271_2(2271) 41244 system_server(2747) 6028
10-19 18:02:07.902 D/io_stats( 1077): !@ Write_top(KB): loop46(4795) 17920 ple.xcpro.debug(7002) 832 system_server(2747) 272
10-19 18:02:07.905 W/Layer   ( 1950): gatherBufferInfo: Received unknown dataspace from gralloc
10-19 18:02:07.905 W/Layer   ( 1950): gatherBufferInfo: Received unknown dataspace from gralloc
10-19 18:02:07.911 D/BaroCalc( 7002): > Skip sample: invalid gpsAltitude (null)
10-19 18:02:07.913 W/Layer   ( 1950): gatherBufferInfo: Received unknown dataspace from gralloc
10-19 18:02:07.916 D/MapInitializer( 7002): "* Camera idle, zoom: 9.628437500000002
10-19 18:02:07.918 D/ElevationCache( 7002): ... Cache HIT: 62m at (-33.8943776, 151.2692477) [hit rate: 84%]
10-19 18:02:07.918 D/SimpleAGL( 7002): ... AGL raw: 17m (Alt: 79m, Ground: 62m, Speed: 0m/s)
10-19 18:02:07.919 D/FlightDataManager( 7002): Live flight data updated: GPS fixed=RealTimeFlightData(latitude=-33.8943776, longitude=151.2692477, gpsAltitude=86.9000015258789, baroAltitude=79.5232699073739, agl=17.506429882267867, verticalSpeed=0.0, pressureAltitude=79.9625055422274, baroGpsDelta=-7.376731618505005, baroConfidence=LOW, qnhCalibrationAgeSeconds=-1, groundSpeed=0.0, track=0.0, accuracy=88.54299926757812, satelliteCount=0, flightTime=00:00, timestamp=1760857327918, currentPressureHPa=1003.6803588867188, qnh=1013.25, isQNHCalibrated=false, windSpeed=0.0, windDirection=0.0, thermalAverage=0.0, currentLD=0.0, netto=0.0, varioOptimized=0.0, varioLegacy=0.0, varioRaw=-2.993036291677789, varioGPS=0.0, varioComplementary=-2.1873611589231445, lastUpdateTime=1760857327919, calculationSource=GPS+BARO+COMPASS+IMU+TE+AGL+50Hz)
10-19 18:02:07.920 D/LocationManager( 7002): " GPS Data: fixed=RealTimeFlightData(latitude=-33.8943776, longitude=151.2692477, gpsAltitude=86.9000015258789, baroAltitude=79.5232699073739, agl=17.506429882267867, verticalSpeed=0.0, pressureAltitude=79.9625055422274, baroGpsDelta=-7.376731618505005, baroConfidence=LOW, qnhCalibrationAgeSeconds=-1, groundSpeed=0.0, track=0.0, accuracy=88.54299926757812, satelliteCount=0, flightTime=00:00, timestamp=1760857327918, currentPressureHPa=1003.6803588867188, qnh=1013.25, isQNHCalibrated=false, windSpeed=0.0, windDirection=0.0, thermalAverage=0.0, currentLD=0.0, netto=0.0, varioOptimized=0.0, varioLegacy=0.0, varioRaw=-2.993036291677789, varioGPS=0.0, varioComplementary=-2.1873611589231445, lastUpdateTime=1760857327919, calculationSource=GPS+BARO+COMPASS+IMU+TE+AGL+50Hz), lat=-33.8943776, lon=151.2692477, accuracy=88.54299926757812, gpsAlt=86.9000015258789m, speed=0.0kt, track=0.0deg
10-19 18:02:07.920 D/LocationManager( 7002): oe User location updated: -33.8943776, 151.2692477
10-19 18:02:07.920 D/LocationManager( 7002): --o Map available for sailplane overlay update, style=true
10-19 18:02:07.920 D/SailplaneLocationOverlay( 7002): ... Location updated: lat=-33.8943776, lon=151.2692477, track=0deg, magHeading=0deg, mode=NORTH_UP, iconRotation=0deg
10-19 18:02:07.921 D/LocationManager( 7002): " NORTH_UP: Camera following location at -33.8943776, 151.2692477
10-19 18:02:07.921 D/LocationManager( 7002): ... Custom sailplane overlay updated successfully (track=0.0deg)
10-19 18:02:07.921 W/Layer   ( 1950): gatherBufferInfo: Received unknown dataspace from gralloc
10-19 18:02:07.921 W/Layer   ( 1950): gatherBufferInfo: Received unknown dataspace from gralloc
10-19 18:02:07.922 I/BWU@Recorder(24490): Ph_input stream available : 6400 ==> flush  [ForkJoinPool.commonPool-worker-22] 
10-19 18:02:07.926 I/ISG_Wakeup_Verify(24490): [KWD] Bargein - scores: [0.0165, 0.1197, t(600)], [0.0081, 0.0463, t(604)], [0.0336, 0.0698, t(608)], [0.0197, 0.0847, t(612)], [0.1162, 0.1289, t(616)], RMS: 713
10-19 18:02:07.930 W/Layer   ( 1950): gatherBufferInfo: Received unknown dataspace from gralloc
10-19 18:02:07.930 D/SemWifiSwitchForIndividualAppsService( 2747): isSkipNetworkCondition - result:2
10-19 18:02:07.931 D/MapInitializer( 7002): "* Camera idle, zoom: 9.628437500000002
10-19 18:02:07.933 I/SoundAlive_SRC384 arch64( 1936): SoundAlive_SRC384: Instance 3867 Init(outFs 8, InFs 7, chnum 1, outBW 3, inBW 3)
10-19 18:02:07.933 I/Samsung_SoundAlive_SRC arch64( 1936): SRC384 version Samsung SoundAlive SRC ver320 arch64  2021.08.04 (Cppref for ARM64, ver.300.c 32bit 07_10_2016 based)
10-19 18:02:07.938 W/Layer   ( 1950): gatherBufferInfo: Received unknown dataspace from gralloc
10-19 18:02:07.941 D/ElevationCache( 7002): ... Cache HIT: 62m at (-33.8943776, 151.2692477) [hit rate: 84%]
10-19 18:02:07.941 D/SimpleAGL( 7002): ... AGL raw: 17m (Alt: 79m, Ground: 62m, Speed: 0m/s)
10-19 18:02:07.941 D/BaroCalc( 7002): > Skip sample: invalid gpsAltitude (null)
10-19 18:02:07.942 D/FlightDataManager( 7002): Live flight data updated: GPS fixed=RealTimeFlightData(latitude=-33.8943776, longitude=151.2692477, gpsAltitude=86.9000015258789, baroAltitude=79.5232699073739, agl=17.5232699073739, verticalSpeed=0.0, pressureAltitude=79.9625055422274, baroGpsDelta=-7.376731618505005, baroConfidence=LOW, qnhCalibrationAgeSeconds=-1, groundSpeed=0.0, track=0.0, accuracy=88.54299926757812, satelliteCount=0, flightTime=00:00, timestamp=1760857327941, currentPressureHPa=1003.6803588867188, qnh=1013.25, isQNHCalibrated=false, windSpeed=0.0, windDirection=0.0, thermalAverage=0.0, currentLD=0.0, netto=0.0, varioOptimized=0.0, varioLegacy=0.0, varioRaw=-2.993036291677789, varioGPS=0.0, varioComplementary=-2.1873611589231445, lastUpdateTime=1760857327942, calculationSource=GPS+BARO+COMPASS+IMU+TE+AGL+50Hz)
10-19 18:02:07.943 D/LocationManager( 7002): " GPS Data: fixed=RealTimeFlightData(latitude=-33.8943776, longitude=151.2692477, gpsAltitude=86.9000015258789, baroAltitude=79.5232699073739, agl=17.5232699073739, verticalSpeed=0.0, pressureAltitude=79.9625055422274, baroGpsDelta=-7.376731618505005, baroConfidence=LOW, qnhCalibrationAgeSeconds=-1, groundSpeed=0.0, track=0.0, accuracy=88.54299926757812, satelliteCount=0, flightTime=00:00, timestamp=1760857327941, currentPressureHPa=1003.6803588867188, qnh=1013.25, isQNHCalibrated=false, windSpeed=0.0, windDirection=0.0, thermalAverage=0.0, currentLD=0.0, netto=0.0, varioOptimized=0.0, varioLegacy=0.0, varioRaw=-2.993036291677789, varioGPS=0.0, varioComplementary=-2.1873611589231445, lastUpdateTime=1760857327942, calculationSource=GPS+BARO+COMPASS+IMU+TE+AGL+50Hz), lat=-33.8943776, lon=151.2692477, accuracy=88.54299926757812, gpsAlt=86.9000015258789m, speed=0.0kt, track=0.0deg
10-19 18:02:07.943 D/LocationManager( 7002): oe User location updated: -33.8943776, 151.2692477
10-19 18:02:07.943 D/LocationManager( 7002): --o Map available for sailplane overlay update, style=true
10-19 18:02:07.943 D/SailplaneLocationOverlay( 7002): ... Location updated: lat=-33.8943776, lon=151.2692477, track=0deg, magHeading=0deg, mode=NORTH_UP, iconRotation=0deg
10-19 18:02:07.944 D/LocationManager( 7002): " NORTH_UP: Camera following location at -33.8943776, 151.2692477
10-19 18:02:07.944 D/LocationManager( 7002): ... Custom sailplane overlay updated successfully (track=0.0deg)
10-19 18:02:07.946 W/Layer   ( 1950): gatherBufferInfo: Received unknown dataspace from gralloc
10-19 18:02:07.949 D/MapInitializer( 7002): "* Camera idle, zoom: 9.628437500000002
10-19 18:02:07.953 D/SemContextService( 2747): lock : requestToUpdate
10-19 18:02:07.954 W/CAE     ( 2747): setCAProperty(ContextAwareService.java:509) - [setProperty 01] Mutex is locked for CH_LOC_TRIGGER
10-19 18:02:07.954 D/SensorService( 2747): setSContextDataLocked ints length 2 , byte length 4
10-19 18:02:07.954 D/SensorService( 2747): setSContextDataLocked 3db8
10-19 18:02:07.954 I/sensors-hal( 1830): inject_sensor_data:555, handle 1501 send inject
10-19 18:02:07.954 I/sensors-hal( 1830): sendContextData:285, sensor hal 4, (0xb8, 0x3d, 0x0, 0x0)
10-19 18:02:07.954 I/sensors-hal( 1830): sendContextData:129, change_location_trigger 4,184
10-19 18:02:07.954 I/sensors-hal( 1830): sendUserData:116, change_location_trigger h 184 m 61 s 0
10-19 18:02:07.954 I/sensors-hal( 1830): create_send_context_data:64, change_location_trigger create_send_context_data
10-19 18:02:07.954 I/sensors-hal( 1830): send_context_data:618, change_location_trigger, -244018566922240, 1320970896291267344, msgid:700
10-19 18:02:07.955 W/Layer   ( 1950): gatherBufferInfo: Received unknown dataspace from gralloc
10-19 18:02:07.955 W/Layer   ( 1950): gatherBufferInfo: Received unknown dataspace from gralloc
10-19 18:02:07.955 W/CAE     ( 2747): setCAProperty(ContextAwareService.java:515) - [setProperty 02] Mutex is unlocked for CH_LOC_TRIGGER
10-19 18:02:07.955 D/SemContextService( 2747):     .requestToUpdate() : service = Location Change Trigger
10-19 18:02:07.955 D/SemContextService( 2747): unlock : requestToUpdate
10-19 18:02:07.955 D/SemContextManager( 2747):   .requestToUpdate : listener = com.android.server.location.nsflp.NSLocationMonitor$5@757c0d6, service=Location Change Trigger
10-19 18:02:07.956 I/NewStopController_FLP( 4606): StateChecker, check stationary message
10-19 18:02:07.956 I/sensors-hal( 1830): ssc_conn_resp_cb:833, resp_value = 0
10-19 18:02:07.958 D/BaroCalc( 7002): > Skip sample: invalid gpsAltitude (null)
10-19 18:02:07.961 D/ElevationCache( 7002): ... Cache HIT: 62m at (-33.8943776, 151.2692477) [hit rate: 84%]
10-19 18:02:07.961 D/SimpleAGL( 7002): ... AGL raw: 17m (Alt: 79m, Ground: 62m, Speed: 0m/s)
10-19 18:02:07.962 D/FlightDataManager( 7002): Live flight data updated: GPS fixed=RealTimeFlightData(latitude=-33.8943776, longitude=151.2692477, gpsAltitude=86.9000015258789, baroAltitude=79.54002732913938, agl=17.5232699073739, verticalSpeed=0.0, pressureAltitude=79.92973978418264, baroGpsDelta=-7.359974196739529, baroConfidence=LOW, qnhCalibrationAgeSeconds=-1, groundSpeed=0.0, track=0.0, accuracy=88.54299926757812, satelliteCount=0, flightTime=00:00, timestamp=1760857327960, currentPressureHPa=1003.6842651367188, qnh=1013.25, isQNHCalibrated=false, windSpeed=0.0, windDirection=0.0, thermalAverage=0.0, currentLD=0.0, netto=0.0, varioOptimized=0.0, varioLegacy=0.0, varioRaw=-1.9273975320447454, varioGPS=0.0, varioComplementary=-1.4381065149398993, lastUpdateTime=1760857327962, calculationSource=GPS+BARO+COMPASS+IMU+TE+AGL+50Hz)
10-19 18:02:07.963 W/Layer   ( 1950): gatherBufferInfo: Received unknown dataspace from gralloc
10-19 18:02:07.963 W/Layer   ( 1950): gatherBufferInfo: Received unknown dataspace from gralloc
10-19 18:02:07.964 D/LocationManager( 7002): " GPS Data: fixed=RealTimeFlightData(latitude=-33.8943776, longitude=151.2692477, gpsAltitude=86.9000015258789, baroAltitude=79.54002732913938, agl=17.5232699073739, verticalSpeed=0.0, pressureAltitude=79.92973978418264, baroGpsDelta=-7.359974196739529, baroConfidence=LOW, qnhCalibrationAgeSeconds=-1, groundSpeed=0.0, track=0.0, accuracy=88.54299926757812, satelliteCount=0, flightTime=00:00, timestamp=1760857327960, currentPressureHPa=1003.6842651367188, qnh=1013.25, isQNHCalibrated=false, windSpeed=0.0, windDirection=0.0, thermalAverage=0.0, currentLD=0.0, netto=0.0, varioOptimized=0.0, varioLegacy=0.0, varioRaw=-1.9273975320447454, varioGPS=0.0, varioComplementary=-1.4381065149398993, lastUpdateTime=1760857327962, calculationSource=GPS+BARO+COMPASS+IMU+TE+AGL+50Hz), lat=-33.8943776, lon=151.2692477, accuracy=88.54299926757812, gpsAlt=86.9000015258789m, speed=0.0kt, track=0.0deg
10-19 18:02:07.964 D/LocationManager( 7002): oe User location updated: -33.8943776, 151.2692477
10-19 18:02:07.964 D/LocationManager( 7002): --o Map available for sailplane overlay update, style=true
10-19 18:02:07.965 D/SailplaneLocationOverlay( 7002): ... Location updated: lat=-33.8943776, lon=151.2692477, track=0deg, magHeading=0deg, mode=NORTH_UP, iconRotation=0deg
10-19 18:02:07.965 D/LocationManager( 7002): " NORTH_UP: Camera following location at -33.8943776, 151.2692477
10-19 18:02:07.965 D/LocationManager( 7002): ... Custom sailplane overlay updated successfully (track=0.0deg)
10-19 18:02:07.971 W/Layer   ( 1950): gatherBufferInfo: Received unknown dataspace from gralloc
10-19 18:02:07.971 W/Layer   ( 1950): gatherBufferInfo: Received unknown dataspace from gralloc
10-19 18:02:07.974 D/MapInitializer( 7002): "* Camera idle, zoom: 9.628437500000002
10-19 18:02:07.980 W/Layer   ( 1950): gatherBufferInfo: Received unknown dataspace from gralloc
10-19 18:02:07.980 W/Layer   ( 1950): gatherBufferInfo: Received unknown dataspace from gralloc
10-19 18:02:07.983 D/ElevationCache( 7002): ... Cache HIT: 62m at (-33.8943776, 151.2692477) [hit rate: 84%]
10-19 18:02:07.983 D/SimpleAGL( 7002): ... AGL raw: 17m (Alt: 79m, Ground: 62m, Speed: 0m/s)
10-19 18:02:07.983 D/BaroCalc( 7002): > Skip sample: invalid gpsAltitude (null)
10-19 18:02:07.983 I/sensors-hal( 1830): handle_sns_client_event:83, change_location_trigger_event: msgid:1025
10-19 18:02:07.983 I/sensors-hal( 1830): handle_sns_client_event:106, change_location_trigger_event: 255, 255
10-19 18:02:07.984 D/LocationManager( 7002): " GPS Data: fixed=RealTimeFlightData(latitude=-33.8943776, longitude=151.2692477, gpsAltitude=86.9000015258789, baroAltitude=79.54002732913938, agl=17.5232699073739, verticalSpeed=0.0, pressureAltitude=79.92973978418264, baroGpsDelta=-7.359974196739529, baroConfidence=LOW, qnhCalibrationAgeSeconds=-1, groundSpeed=0.0, track=0.0, accuracy=88.54299926757812, satelliteCount=0, flightTime=00:00, timestamp=1760857327960, currentPressureHPa=1003.6842651367188, qnh=1013.25, isQNHCalibrated=false, windSpeed=0.0, windDirection=0.0, thermalAverage=0.0, currentLD=0.0, netto=0.0, varioOptimized=0.0, varioLegacy=0.0, varioRaw=-1.9273975320447454, varioGPS=0.0, varioComplementary=-1.4381065149398993, lastUpdateTime=1760857327962, calculationSource=GPS+BARO+COMPASS+IMU+TE+AGL+50Hz), lat=-33.8943776, lon=151.2692477, accuracy=88.54299926757812, gpsAlt=86.9000015258789m, speed=0.0kt, track=0.0deg
10-19 18:02:07.984 D/LocationManager( 7002): oe User location updated: -33.8943776, 151.2692477
10-19 18:02:07.984 D/LocationManager( 7002): --o Map available for sailplane overlay update, style=true
10-19 18:02:07.984 D/Mbgl-HttpRequest( 7002): [HTTP] This request was cancelled (https://api.maptiler.com/tiles/v3/9/470/307.pbf?key=nYDScLfnBm52GAc3jXEZ). This is expected for tiles that were being prefetched but are no longer needed for the map to render.
10-19 18:02:07.984 D/SailplaneLocationOverlay( 7002): ... Location updated: lat=-33.8943776, lon=151.2692477, track=0deg, magHeading=0deg, mode=NORTH_UP, iconRotation=0deg
10-19 18:02:07.984 D/CAE     ( 2747): onGetSensorHubData(SensorHubParserProvider.java:92) - onGetSensorHubData Event [event buffer len :15], AP_WAKEUP
10-19 18:02:07.984 I/CAE     ( 2747): parse(SensorHubParserProvider.java:188) - buffer size = 15
10-19 18:02:07.984 I/CAE     ( 2747): parse(SensorHubParserProvider.java:199) - 1, 1, 61, -1, 0, 2, 1, 0, 0, 0, 1, 0, 0, 0, 0,
10-19 18:02:07.985 D/CAE     ( 2747): display(ContextProvider.java:375) - ================= CH_LOC_TRIGGER =================
10-19 18:02:07.985 I/CAE     ( 2747): display(ContextProvider.java:391) - duration=[1], property=[1], result=[2], reserved=[0]
10-19 18:02:07.985 D/LocationManager( 7002): " NORTH_UP: Camera following location at -33.8943776, 151.2692477
10-19 18:02:07.985 D/LocationManager( 7002): ... Custom sailplane overlay updated successfully (track=0.0deg)
10-19 18:02:07.985 D/SemContextService( 2747): Service.updateContext() : service = Location Change Trigger
10-19 18:02:07.985 D/FlightDataManager( 7002): Live flight data updated: GPS fixed=RealTimeFlightData(latitude=-33.8943776, longitude=151.2692477, gpsAltitude=86.9000015258789, baroAltitude=79.54002732913938, agl=17.540027329139377, verticalSpeed=0.0, pressureAltitude=79.92973978418264, baroGpsDelta=-7.359974196739529, baroConfidence=LOW, qnhCalibrationAgeSeconds=-1, groundSpeed=0.0, track=0.0, accuracy=88.54299926757812, satelliteCount=0, flightTime=00:00, timestamp=1760857327982, currentPressureHPa=1003.6842651367188, qnh=1013.25, isQNHCalibrated=false, windSpeed=0.0, windDirection=0.0, thermalAverage=0.0, currentLD=0.0, netto=0.0, varioOptimized=0.0, varioLegacy=0.0, varioRaw=-1.9273975320447454, varioGPS=0.0, varioComplementary=-1.4381065149398993, lastUpdateTime=1760857327985, calculationSource=GPS+BARO+COMPASS+IMU+TE+AGL+50Hz)
10-19 18:02:07.985 D/SemContextManager( 2747): onSemContextChanged() : event = Location Change Trigger
10-19 18:02:07.985 D/NSLocationMonitor( 2747): onSemContextChanged, activity : 1 result : 2 movement : 1
10-19 18:02:07.986 I/System.out( 7002): "s DATA: Updated card baro_alt value: 80 m
10-19 18:02:07.986 I/System.out( 7002): "s DATA: Updated card agl value: 18 m
10-19 18:02:07.986 D/LocationManager( 7002): " GPS Data: fixed=RealTimeFlightData(latitude=-33.8943776, longitude=151.2692477, gpsAltitude=86.9000015258789, baroAltitude=79.54002732913938, agl=17.540027329139377, verticalSpeed=0.0, pressureAltitude=79.92973978418264, baroGpsDelta=-7.359974196739529, baroConfidence=LOW, qnhCalibrationAgeSeconds=-1, groundSpeed=0.0, track=0.0, accuracy=88.54299926757812, satelliteCount=0, flightTime=00:00, timestamp=1760857327982, currentPressureHPa=1003.6842651367188, qnh=1013.25, isQNHCalibrated=false, windSpeed=0.0, windDirection=0.0, thermalAverage=0.0, currentLD=0.0, netto=0.0, varioOptimized=0.0, varioLegacy=0.0, varioRaw=-1.9273975320447454, varioGPS=0.0, varioComplementary=-1.4381065149398993, lastUpdateTime=1760857327985, calculationSource=GPS+BARO+COMPASS+IMU+TE+AGL+50Hz), lat=-33.8943776, lon=151.2692477, accuracy=88.54299926757812, gpsAlt=86.9000015258789m, speed=0.0kt, track=0.0deg
10-19 18:02:07.986 D/LocationManager( 7002): oe User location updated: -33.8943776, 151.2692477
10-19 18:02:07.986 D/LocationManager( 7002): --o Map available for sailplane overlay update, style=true
10-19 18:02:07.986 D/SailplaneLocationOverlay( 7002): ... Location updated: lat=-33.8943776, lon=151.2692477, track=0deg, magHeading=0deg, mode=NORTH_UP, iconRotation=0deg
10-19 18:02:07.987 D/LocationManager( 7002): " NORTH_UP: Camera following location at -33.8943776, 151.2692477
10-19 18:02:07.987 D/LocationManager( 7002): ... Custom sailplane overlay updated successfully (track=0.0deg)
10-19 18:02:07.988 W/Layer   ( 1950): gatherBufferInfo: Received unknown dataspace from gralloc
10-19 18:02:07.990 D/FlightCards( 7002): Card baro_alt NOT in edit mode - no drag gestures
10-19 18:02:07.991 D/FlightCards( 7002): Card agl NOT in edit mode - no drag gestures
10-19 18:02:07.992 V/Mbgl-HttpRequest( 7002): [HTTP] Request was successful (code = 200).
10-19 18:02:07.996 W/Layer   ( 1950): gatherBufferInfo: Received unknown dataspace from gralloc
10-19 18:02:07.996 W/Layer   ( 1950): gatherBufferInfo: Received unknown dataspace from gralloc
10-19 18:02:07.997 D/FlightCards( 7002): Card baro_alt size changed: 360 x 240
10-19 18:02:07.998 D/FlightCards( 7002): Card agl size changed: 360 x 240
10-19 18:02:08.002 D/OrientationDataSource( 7002): section^2 Magnetometer: x=-0.41250002, y=12.525001, z=43.425003
10-19 18:02:08.004 D/FlightDataCalculator( 7002): [SLOW GPS 10Hz] PRIORITY2-50Hz(IMU+BARO)+TE: GPS alt=86m, Baro alt=79m, Raw V/S=0.00m/s, TE V/S=0.00m/s, Speed=0.0m/s, AGL=17m
10-19 18:02:08.005 W/Layer   ( 1950): gatherBufferInfo: Received unknown dataspace from gralloc
10-19 18:02:08.005 D/ElevationCache( 7002): ... Cache HIT: 62m at (-33.8943776, 151.2692477) [hit rate: 84%]
10-19 18:02:08.005 I/SoundAlive_SRC384 arch64( 1936): SoundAlive_SRC384: Instance 3867 Init(outFs 8, InFs 7, chnum 1, outBW 3, inBW 3)
10-19 18:02:08.005 I/Samsung_SoundAlive_SRC arch64( 1936): SRC384 version Samsung SoundAlive SRC ver320 arch64  2021.08.04 (Cppref for ARM64, ver.300.c 32bit 07_10_2016 based)
10-19 18:02:08.005 D/SimpleAGL( 7002): ... AGL raw: 17m (Alt: 79m, Ground: 62m, Speed: 0m/s)
10-19 18:02:08.006 D/OrientationDataSource( 7002): "+/- Accelerometer: x=-1.2335001, y=4.837091, z=8.950952
10-19 18:02:08.006 D/OrientationDataSource( 7002): oe Gyroscope: x=0.05497783, y=0.20723587, z=0.0073303776
10-19 18:02:08.006 D/BaroCalc( 7002): > Calibration check: allowAuto=true, complete=false, gpsAlt=null, acc=null, fixed=false, lat=null, lon=null, samples=0/15
10-19 18:02:08.006 D/BaroCalc( 7002): > Skip sample: invalid gpsAltitude (null)
10-19 18:02:08.007 D/MapInitializer( 7002): "* Camera idle, zoom: 9.628437500000002
10-19 18:02:08.008 D/FlightDataManager( 7002): Live flight data updated: GPS fixed=RealTimeFlightData(latitude=-33.8943776, longitude=151.2692477, gpsAltitude=86.9000015258789, baroAltitude=79.54827676711483, agl=17.540027329139377, verticalSpeed=0.0, pressureAltitude=79.92973978418264, baroGpsDelta=-7.351724758764078, baroConfidence=LOW, qnhCalibrationAgeSeconds=-1, groundSpeed=0.0, track=0.0, accuracy=88.54299926757812, satelliteCount=0, flightTime=00:00, timestamp=1760857328003, currentPressureHPa=1003.6842651367188, qnh=1013.25, isQNHCalibrated=false, windSpeed=0.0, windDirection=0.0, thermalAverage=0.0, currentLD=0.0, netto=0.0, varioOptimized=0.0, varioLegacy=0.0, varioRaw=0.0, varioGPS=0.0, varioComplementary=-0.4314319544819698, lastUpdateTime=1760857328008, calculationSource=GPS+BARO+COMPASS+IMU+TE+AGL+50Hz)
10-19 18:02:08.009 D/LocationManager( 7002): " GPS Data: fixed=RealTimeFlightData(latitude=-33.8943776, longitude=151.2692477, gpsAltitude=86.9000015258789, baroAltitude=79.54827676711483, agl=17.540027329139377, verticalSpeed=0.0, pressureAltitude=79.92973978418264, baroGpsDelta=-7.351724758764078, baroConfidence=LOW, qnhCalibrationAgeSeconds=-1, groundSpeed=0.0, track=0.0, accuracy=88.54299926757812, satelliteCount=0, flightTime=00:00, timestamp=1760857328003, currentPressureHPa=1003.6842651367188, qnh=1013.25, isQNHCalibrated=false, windSpeed=0.0, windDirection=0.0, thermalAverage=0.0, currentLD=0.0, netto=0.0, varioOptimized=0.0, varioLegacy=0.0, varioRaw=0.0, varioGPS=0.0, varioComplementary=-0.4314319544819698, lastUpdateTime=1760857328008, calculationSource=GPS+BARO+COMPASS+IMU+TE+AGL+50Hz), lat=-33.8943776, lon=151.2692477, accuracy=88.54299926757812, gpsAlt=86.9000015258789m, speed=0.0kt, track=0.0deg
10-19 18:02:08.009 D/LocationManager( 7002): oe User location updated: -33.8943776, 151.2692477
10-19 18:02:08.009 D/LocationManager( 7002): --o Map available for sailplane overlay update, style=true
10-19 18:02:08.010 D/SailplaneLocationOverlay( 7002): ... Location updated: lat=-33.8943776, lon=151.2692477, track=0deg, magHeading=0deg, mode=NORTH_UP, iconRotation=0deg
10-19 18:02:08.011 D/LocationManager( 7002): " NORTH_UP: Camera following location at -33.8943776, 151.2692477
10-19 18:02:08.011 D/LocationManager( 7002): ... Custom sailplane overlay updated successfully (track=0.0deg)
10-19 18:02:08.013 W/Layer   ( 1950): gatherBufferInfo: Received unknown dataspace from gralloc
10-19 18:02:08.013 W/Layer   ( 1950): gatherBufferInfo: Received unknown dataspace from gralloc
10-19 18:02:08.021 D/OrientationDataSource( 7002): section^2 Magnetometer: x=-0.63750005, y=12.58125, z=43.443752
10-19 18:02:08.021 D/OrientationDataSource( 7002): section Heading calculated: raw=207deg, filtered=205deg, prev=204deg
10-19 18:02:08.021 W/Layer   ( 1950): gatherBufferInfo: Received unknown dataspace from gralloc
10-19 18:02:08.023 D/OrientationDataSource( 7002): oe Gyroscope: x=0.088269964, y=0.22861615, z=0.01527162
10-19 18:02:08.023 D/OrientationDataSource( 7002): "+/- Accelerometer: x=-1.2807583, y=4.786842, z=8.575278
10-19 18:02:08.024 D/BaroCalc( 7002): > Calibration check: allowAuto=true, complete=false, gpsAlt=null, acc=null, fixed=false, lat=null, lon=null, samples=0/15
10-19 18:02:08.024 D/BaroCalc( 7002): > Skip sample: invalid gpsAltitude (null)
10-19 18:02:08.027 D/FlightDataCalculator( 7002): [SLOW GPS 10Hz] PRIORITY2-50Hz(IMU+BARO)+TE: GPS alt=86m, Baro alt=79m, Raw V/S=0.00m/s, TE V/S=0.00m/s, Speed=0.0m/s, AGL=17m
10-19 18:02:08.028 D/ElevationCache( 7002): ... Cache HIT: 62m at (-33.8943776, 151.2692477) [hit rate: 84%]
10-19 18:02:08.028 D/SimpleAGL( 7002): ... AGL raw: 17m (Alt: 79m, Ground: 62m, Speed: 0m/s)
10-19 18:02:08.029 D/MapInitializer( 7002): "* Camera idle, zoom: 9.628437500000002
10-19 18:02:08.029 I/SoundAlive_SRC384 arch64( 1936): SoundAlive_SRC384: Instance 3866 Init(outFs 8, InFs 7, chnum 1, outBW 3, inBW 3)
10-19 18:02:08.029 I/Samsung_SoundAlive_SRC arch64( 1936): SRC384 version Samsung SoundAlive SRC ver320 arch64  2021.08.04 (Cppref for ARM64, ver.300.c 32bit 07_10_2016 based)
10-19 18:02:08.030 W/Layer   ( 1950): gatherBufferInfo: Received unknown dataspace from gralloc
10-19 18:02:08.030 W/Layer   ( 1950): gatherBufferInfo: Received unknown dataspace from gralloc
10-19 18:02:08.030 D/FlightDataManager( 7002): Live flight data updated: GPS fixed=RealTimeFlightData(latitude=-33.8943776, longitude=151.2692477, gpsAltitude=86.9000015258789, baroAltitude=79.56368915902354, agl=17.548276767114828, verticalSpeed=0.0, pressureAltitude=79.69014331676524, baroGpsDelta=-7.336312366855367, baroConfidence=LOW, qnhCalibrationAgeSeconds=-1, groundSpeed=0.0, track=0.0, accuracy=88.54299926757812, satelliteCount=0, flightTime=00:00, timestamp=1760857328026, currentPressureHPa=1003.7128295898438, qnh=1013.25, isQNHCalibrated=false, windSpeed=0.0, windDirection=0.0, thermalAverage=0.0, currentLD=0.0, netto=0.0, varioOptimized=0.0, varioLegacy=0.0, varioRaw=-8.418833574042297, varioGPS=0.0, varioComplementary=-6.200240387497578, lastUpdateTime=1760857328030, calculationSource=GPS+BARO+COMPASS+IMU+TE+AGL+50Hz)
10-19 18:02:08.033 D/LocationManager( 7002): " GPS Data: fixed=RealTimeFlightData(latitude=-33.8943776, longitude=151.2692477, gpsAltitude=86.9000015258789, baroAltitude=79.56368915902354, agl=17.548276767114828, verticalSpeed=0.0, pressureAltitude=79.69014331676524, baroGpsDelta=-7.336312366855367, baroConfidence=LOW, qnhCalibrationAgeSeconds=-1, groundSpeed=0.0, track=0.0, accuracy=88.54299926757812, satelliteCount=0, flightTime=00:00, timestamp=1760857328026, currentPressureHPa=1003.7128295898438, qnh=1013.25, isQNHCalibrated=false, windSpeed=0.0, windDirection=0.0, thermalAverage=0.0, currentLD=0.0, netto=0.0, varioOptimized=0.0, varioLegacy=0.0, varioRaw=-8.418833574042297, varioGPS=0.0, varioComplementary=-6.200240387497578, lastUpdateTime=1760857328030, calculationSource=GPS+BARO+COMPASS+IMU+TE+AGL+50Hz), lat=-33.8943776, lon=151.2692477, accuracy=88.54299926757812, gpsAlt=86.9000015258789m, speed=0.0kt, track=0.0deg
10-19 18:02:08.033 D/LocationManager( 7002): oe User location updated: -33.8943776, 151.2692477
10-19 18:02:08.033 D/LocationManager( 7002): --o Map available for sailplane overlay update, style=true
10-19 18:02:08.033 D/SailplaneLocationOverlay( 7002): ... Location updated: lat=-33.8943776, lon=151.2692477, track=0deg, magHeading=0deg, mode=NORTH_UP, iconRotation=0deg
10-19 18:02:08.035 D/LocationManager( 7002): " NORTH_UP: Camera following location at -33.8943776, 151.2692477
10-19 18:02:08.035 D/LocationManager( 7002): ... Custom sailplane overlay updated successfully (track=0.0deg)
10-19 18:02:08.036 D/OrientationDataSource( 7002): section^2 Magnetometer: x=-0.99375004, y=12.731251, z=43.55625
10-19 18:02:08.037 I/sensors-hal( 1830): get_flicker_als_data:168, [SSC_LIGHT] flicker lux: 57 (318, 543, dw: 41)
10-19 18:02:08.037 I/AudioPathManager( 7068): loadAudioPath() : loaded audio path is speaker (0)
10-19 18:02:08.037 I/ModelUtil( 7068): isHighEndModel() : this model is SM-S908E
10-19 18:02:08.037 I/BoardUtil( 7068): isBoardOnSystemLSI() : board is taro
10-19 18:02:08.038 I/EffectManager( 7068): isSupportDolbyAtmosOnThisAudioPath() : path is speaker (0)
10-19 18:02:08.038 I/EffectManager( 7068): isSupportDolbyAtmosOnThisAudioPath() : speaker type is stereo
10-19 18:02:08.038 I/AudioPathManager( 7068): loadAudioPath() : loaded audio path is speaker (0)
10-19 18:02:08.038 I/EffectManager( 7068): isSupportVolumeNormalizationOnCurrentAudioPath() : path is speaker (0)
10-19 18:02:08.038 I/DVFSHelper( 7068): isNecessaryToBoostCPU() : isDolbyOn? true, isUHQUpscalerOn? false, isVoiceBoostOn? false, isVolumeNormalizationOn? false
10-19 18:02:08.038 W/Layer   ( 1950): gatherBufferInfo: Received unknown dataspace from gralloc
10-19 18:02:08.046 W/Layer   ( 1950): gatherBufferInfo: Received unknown dataspace from gralloc
10-19 18:02:08.055 W/Layer   ( 1950): gatherBufferInfo: Received unknown dataspace from gralloc
10-19 18:02:08.055 D/FlightDataCalculator( 7002): [SLOW GPS 10Hz] PRIORITY2-50Hz(IMU+BARO)+TE: GPS alt=86m, Baro alt=79m, Raw V/S=0.00m/s, TE V/S=0.00m/s, Speed=0.0m/s, AGL=17m
10-19 18:02:08.056 D/ElevationCache( 7002): ... Cache HIT: 62m at (-33.8943776, 151.2692477) [hit rate: 84%]
10-19 18:02:08.056 D/SimpleAGL( 7002): ... AGL raw: 17m (Alt: 79m, Ground: 62m, Speed: 0m/s)
10-19 18:02:08.057 D/BaroCalc( 7002): > Calibration check: allowAuto=true, complete=false, gpsAlt=null, acc=null, fixed=false, lat=null, lon=null, samples=0/15
10-19 18:02:08.057 D/BaroCalc( 7002): > Skip sample: invalid gpsAltitude (null)
10-19 18:02:08.058 D/MapInitializer( 7002): "* Camera idle, zoom: 9.628437500000002
10-19 18:02:08.059 D/FlightDataManager( 7002): Live flight data updated: GPS fixed=RealTimeFlightData(latitude=-33.8943776, longitude=151.2692477, gpsAltitude=86.9000015258789, baroAltitude=79.56368915902354, agl=17.56368915902354, verticalSpeed=0.0, pressureAltitude=79.69014331676524, baroGpsDelta=-7.336312366855367, baroConfidence=LOW, qnhCalibrationAgeSeconds=-1, groundSpeed=0.0, track=0.0, accuracy=88.54299926757812, satelliteCount=0, flightTime=00:00, timestamp=1760857328055, currentPressureHPa=1003.7128295898438, qnh=1013.25, isQNHCalibrated=false, windSpeed=0.0, windDirection=0.0, thermalAverage=0.0, currentLD=0.0, netto=0.0, varioOptimized=0.0, varioLegacy=0.0, varioRaw=-8.418833574042297, varioGPS=0.0, varioComplementary=-6.200240387497578, lastUpdateTime=1760857328059, calculationSource=GPS+BARO+COMPASS+IMU+TE+AGL+50Hz)
10-19 18:02:08.060 D/LocationManager( 7002): " GPS Data: fixed=RealTimeFlightData(latitude=-33.8943776, longitude=151.2692477, gpsAltitude=86.9000015258789, baroAltitude=79.56368915902354, agl=17.56368915902354, verticalSpeed=0.0, pressureAltitude=79.69014331676524, baroGpsDelta=-7.336312366855367, baroConfidence=LOW, qnhCalibrationAgeSeconds=-1, groundSpeed=0.0, track=0.0, accuracy=88.54299926757812, satelliteCount=0, flightTime=00:00, timestamp=1760857328055, currentPressureHPa=1003.7128295898438, qnh=1013.25, isQNHCalibrated=false, windSpeed=0.0, windDirection=0.0, thermalAverage=0.0, currentLD=0.0, netto=0.0, varioOptimized=0.0, varioLegacy=0.0, varioRaw=-8.418833574042297, varioGPS=0.0, varioComplementary=-6.200240387497578, lastUpdateTime=1760857328059, calculationSource=GPS+BARO+COMPASS+IMU+TE+AGL+50Hz), lat=-33.8943776, lon=151.2692477, accuracy=88.54299926757812, gpsAlt=86.9000015258789m, speed=0.0kt, track=0.0deg
10-19 18:02:08.060 D/LocationManager( 7002): oe User location updated: -33.8943776, 151.2692477
10-19 18:02:08.060 D/LocationManager( 7002): --o Map available for sailplane overlay update, style=true
10-19 18:02:08.061 D/SailplaneLocationOverlay( 7002): ... Location updated: lat=-33.8943776, lon=151.2692477, track=0deg, magHeading=0deg, mode=NORTH_UP, iconRotation=0deg
10-19 18:02:08.061 D/LocationManager( 7002): " NORTH_UP: Camera following location at -33.8943776, 151.2692477
10-19 18:02:08.061 D/LocationManager( 7002): ... Custom sailplane overlay updated successfully (track=0.0deg)
10-19 18:02:08.063 W/Layer   ( 1950): gatherBufferInfo: Received unknown dataspace from gralloc
10-19 18:02:08.063 W/Layer   ( 1950): gatherBufferInfo: Received unknown dataspace from gralloc
10-19 18:02:08.068 I/SoundAlive_SRC384 arch64( 1936): SoundAlive_SRC384: Instance 3867 Init(outFs 8, InFs 7, chnum 1, outBW 3, inBW 3)
10-19 18:02:08.068 I/Samsung_SoundAlive_SRC arch64( 1936): SRC384 version Samsung SoundAlive SRC ver320 arch64  2021.08.04 (Cppref for ARM64, ver.300.c 32bit 07_10_2016 based)
10-19 18:02:08.071 D/FlightDataCalculator( 7002): [SLOW GPS 10Hz] PRIORITY2-50Hz(IMU+BARO)+TE: GPS alt=86m, Baro alt=79m, Raw V/S=0.00m/s, TE V/S=0.00m/s, Speed=0.0m/s, AGL=17m
10-19 18:02:08.071 W/Layer   ( 1950): gatherBufferInfo: Received unknown dataspace from gralloc
10-19 18:02:08.071 D/ElevationCache( 7002): ... Cache HIT: 62m at (-33.8943776, 151.2692477) [hit rate: 84%]
10-19 18:02:08.072 D/SimpleAGL( 7002): ... AGL raw: 17m (Alt: 79m, Ground: 62m, Speed: 0m/s)
10-19 18:02:08.072 D/BaroCalc( 7002): > Calibration check: allowAuto=true, complete=false, gpsAlt=null, acc=null, fixed=false, lat=null, lon=null, samples=0/15
10-19 18:02:08.072 D/BaroCalc( 7002): > Skip sample: invalid gpsAltitude (null)
10-19 18:02:08.072 D/MapInitializer( 7002): "* Camera idle, zoom: 9.628437500000002
10-19 18:02:08.073 D/FlightDataManager( 7002): Live flight data updated: GPS fixed=RealTimeFlightData(latitude=-33.8943776, longitude=151.2692477, gpsAltitude=86.9000015258789, baroAltitude=79.57060624965786, agl=17.56368915902354, verticalSpeed=0.0, pressureAltitude=79.69014331676524, baroGpsDelta=-7.3293952762210495, baroConfidence=LOW, qnhCalibrationAgeSeconds=-1, groundSpeed=0.0, track=0.0, accuracy=88.54299926757812, satelliteCount=0, flightTime=00:00, timestamp=1760857328071, currentPressureHPa=1003.7128295898438, qnh=1013.25, isQNHCalibrated=false, windSpeed=0.0, windDirection=0.0, thermalAverage=0.0, currentLD=0.0, netto=0.0, varioOptimized=0.0, varioLegacy=0.0, varioRaw=0.0, varioGPS=0.0, varioComplementary=-1.8600721162492737, lastUpdateTime=1760857328073, calculationSource=GPS+BARO+COMPASS+IMU+TE+AGL+50Hz)
10-19 18:02:08.076 D/LocationManager( 7002): " GPS Data: fixed=RealTimeFlightData(latitude=-33.8943776, longitude=151.2692477, gpsAltitude=86.9000015258789, baroAltitude=79.57060624965786, agl=17.56368915902354, verticalSpeed=0.0, pressureAltitude=79.69014331676524, baroGpsDelta=-7.3293952762210495, baroConfidence=LOW, qnhCalibrationAgeSeconds=-1, groundSpeed=0.0, track=0.0, accuracy=88.54299926757812, satelliteCount=0, flightTime=00:00, timestamp=1760857328071, currentPressureHPa=1003.7128295898438, qnh=1013.25, isQNHCalibrated=false, windSpeed=0.0, windDirection=0.0, thermalAverage=0.0, currentLD=0.0, netto=0.0, varioOptimized=0.0, varioLegacy=0.0, varioRaw=0.0, varioGPS=0.0, varioComplementary=-1.8600721162492737, lastUpdateTime=1760857328073, calculationSource=GPS+BARO+COMPASS+IMU+TE+AGL+50Hz), lat=-33.8943776, lon=151.2692477, accuracy=88.54299926757812, gpsAlt=86.9000015258789m, speed=0.0kt, track=0.0deg
10-19 18:02:08.076 D/LocationManager( 7002): oe User location updated: -33.8943776, 151.2692477
10-19 18:02:08.076 D/LocationManager( 7002): --o Map available for sailplane overlay update, style=true
10-19 18:02:08.077 D/SailplaneLocationOverlay( 7002): ... Location updated: lat=-33.8943776, lon=151.2692477, track=0deg, magHeading=0deg, mode=NORTH_UP, iconRotation=0deg
10-19 18:02:08.079 D/LocationManager( 7002): " NORTH_UP: Camera following location at -33.8943776, 151.2692477
10-19 18:02:08.079 D/LocationManager( 7002): ... Custom sailplane overlay updated successfully (track=0.0deg)
10-19 18:02:08.083 W/Layer   ( 1950): gatherBufferInfo: Received unknown dataspace from gralloc
10-19 18:02:08.088 W/Layer   ( 1950): gatherBufferInfo: Received unknown dataspace from gralloc
10-19 18:02:08.095 D/FlightDataCalculator( 7002): [SLOW GPS 10Hz] PRIORITY2-50Hz(IMU+BARO)+TE: GPS alt=86m, Baro alt=79m, Raw V/S=0.00m/s, TE V/S=0.00m/s, Speed=0.0m/s, AGL=17m
10-19 18:02:08.095 D/ElevationCache( 7002): ... Cache HIT: 62m at (-33.8943776, 151.2692477) [hit rate: 84%]
10-19 18:02:08.095 D/SimpleAGL( 7002): ... AGL raw: 17m (Alt: 79m, Ground: 62m, Speed: 0m/s)
10-19 18:02:08.095 D/BaroCalc( 7002): > Calibration check: allowAuto=true, complete=false, gpsAlt=null, acc=null, fixed=false, lat=null, lon=null, samples=0/15
10-19 18:02:08.095 D/BaroCalc( 7002): > Skip sample: invalid gpsAltitude (null)
10-19 18:02:08.096 D/MapInitializer( 7002): "* Camera idle, zoom: 9.628437500000002
10-19 18:02:08.096 D/LocationManager( 7002): " GPS Data: fixed=RealTimeFlightData(latitude=-33.8943776, longitude=151.2692477, gpsAltitude=86.9000015258789, baroAltitude=79.57060624965786, agl=17.56368915902354, verticalSpeed=0.0, pressureAltitude=79.69014331676524, baroGpsDelta=-7.3293952762210495, baroConfidence=LOW, qnhCalibrationAgeSeconds=-1, groundSpeed=0.0, track=0.0, accuracy=88.54299926757812, satelliteCount=0, flightTime=00:00, timestamp=1760857328071, currentPressureHPa=1003.7128295898438, qnh=1013.25, isQNHCalibrated=false, windSpeed=0.0, windDirection=0.0, thermalAverage=0.0, currentLD=0.0, netto=0.0, varioOptimized=0.0, varioLegacy=0.0, varioRaw=0.0, varioGPS=0.0, varioComplementary=-1.8600721162492737, lastUpdateTime=1760857328073, calculationSource=GPS+BARO+COMPASS+IMU+TE+AGL+50Hz), lat=-33.8943776, lon=151.2692477, accuracy=88.54299926757812, gpsAlt=86.9000015258789m, speed=0.0kt, track=0.0deg
10-19 18:02:08.096 D/LocationManager( 7002): oe User location updated: -33.8943776, 151.2692477
10-19 18:02:08.096 D/LocationManager( 7002): --o Map available for sailplane overlay update, style=true
10-19 18:02:08.096 D/SailplaneLocationOverlay( 7002): ... Location updated: lat=-33.8943776, lon=151.2692477, track=0deg, magHeading=0deg, mode=NORTH_UP, iconRotation=0deg
10-19 18:02:08.096 W/Layer   ( 1950): gatherBufferInfo: Received unknown dataspace from gralloc
10-19 18:02:08.096 W/Layer   ( 1950): gatherBufferInfo: Received unknown dataspace from gralloc
10-19 18:02:08.096 D/LocationManager( 7002): " NORTH_UP: Camera following location at -33.8943776, 151.2692477
10-19 18:02:08.097 D/LocationManager( 7002): ... Custom sailplane overlay updated successfully (track=0.0deg)
10-19 18:02:08.097 D/FlightDataManager( 7002): Live flight data updated: GPS fixed=RealTimeFlightData(latitude=-33.8943776, longitude=151.2692477, gpsAltitude=86.9000015258789, baroAltitude=79.57686520484238, agl=17.570606249657857, verticalSpeed=0.0, pressureAltitude=79.59799229948158, baroGpsDelta=-7.323136321036529, baroConfidence=LOW, qnhCalibrationAgeSeconds=-1, groundSpeed=0.0, track=0.0, accuracy=88.54299926757812, satelliteCount=0, flightTime=00:00, timestamp=1760857328094, currentPressureHPa=1003.7238159179688, qnh=1013.25, isQNHCalibrated=false, windSpeed=0.0, windDirection=0.0, thermalAverage=0.0, currentLD=0.0, netto=0.0, varioOptimized=0.0, varioLegacy=0.0, varioRaw=-5.759438580229315, varioGPS=0.0, varioComplementary=-4.267100080542461, lastUpdateTime=1760857328097, calculationSource=GPS+BARO+COMPASS+IMU+TE+AGL+50Hz)
10-19 18:02:08.098 D/LocationManager( 7002): " GPS Data: fixed=RealTimeFlightData(latitude=-33.8943776, longitude=151.2692477, gpsAltitude=86.9000015258789, baroAltitude=79.57686520484238, agl=17.570606249657857, verticalSpeed=0.0, pressureAltitude=79.59799229948158, baroGpsDelta=-7.323136321036529, baroConfidence=LOW, qnhCalibrationAgeSeconds=-1, groundSpeed=0.0, track=0.0, accuracy=88.54299926757812, satelliteCount=0, flightTime=00:00, timestamp=1760857328094, currentPressureHPa=1003.7238159179688, qnh=1013.25, isQNHCalibrated=false, windSpeed=0.0, windDirection=0.0, thermalAverage=0.0, currentLD=0.0, netto=0.0, varioOptimized=0.0, varioLegacy=0.0, varioRaw=-5.759438580229315, varioGPS=0.0, varioComplementary=-4.267100080542461, lastUpdateTime=1760857328097, calculationSource=GPS+BARO+COMPASS+IMU+TE+AGL+50Hz), lat=-33.8943776, lon=151.2692477, accuracy=88.54299926757812, gpsAlt=86.9000015258789m, speed=0.0kt, track=0.0deg
10-19 18:02:08.098 D/LocationManager( 7002): oe User location updated: -33.8943776, 151.2692477
10-19 18:02:08.098 D/LocationManager( 7002): --o Map available for sailplane overlay update, style=true
10-19 18:02:08.098 D/SailplaneLocationOverlay( 7002): ... Location updated: lat=-33.8943776, lon=151.2692477, track=0deg, magHeading=0deg, mode=NORTH_UP, iconRotation=0deg
10-19 18:02:08.098 D/LocationManager( 7002): " NORTH_UP: Camera following location at -33.8943776, 151.2692477
10-19 18:02:08.098 D/LocationManager( 7002): ... Custom sailplane overlay updated successfully (track=0.0deg)
10-19 18:02:08.103 D/ElevationCache( 7002): ... Cache HIT: 62m at (-33.8943776, 151.2692477) [hit rate: 84%]
10-19 18:02:08.103 D/SimpleAGL( 7002): ... AGL raw: 17m (Alt: 79m, Ground: 62m, Speed: 0m/s)
10-19 18:02:08.104 D/MapInitializer( 7002): "* Camera idle, zoom: 9.628437500000002
10-19 18:02:08.104 D/FlightDataManager( 7002): Live flight data updated: GPS fixed=RealTimeFlightData(latitude=-33.8943776, longitude=151.2692477, gpsAltitude=86.9000015258789, baroAltitude=79.5825207683514, agl=17.576865204842377, verticalSpeed=0.0, pressureAltitude=79.59799229948158, baroGpsDelta=-7.317480757527505, baroConfidence=LOW, qnhCalibrationAgeSeconds=-1, groundSpeed=0.0, track=0.0, accuracy=88.54299926757812, satelliteCount=0, flightTime=00:00, timestamp=1760857328103, currentPressureHPa=1003.7238159179688, qnh=1013.25, isQNHCalibrated=false, windSpeed=0.0, windDirection=0.0, thermalAverage=0.0, currentLD=0.0, netto=0.0, varioOptimized=0.0, varioLegacy=0.0, varioRaw=0.0, varioGPS=0.0, varioComplementary=-1.2801300241627385, lastUpdateTime=1760857328104, calculationSource=GPS+BARO+COMPASS+IMU+TE+AGL+50Hz)
10-19 18:02:08.105 D/LocationManager( 7002): " GPS Data: fixed=RealTimeFlightData(latitude=-33.8943776, longitude=151.2692477, gpsAltitude=86.9000015258789, baroAltitude=79.5825207683514, agl=17.576865204842377, verticalSpeed=0.0, pressureAltitude=79.59799229948158, baroGpsDelta=-7.317480757527505, baroConfidence=LOW, qnhCalibrationAgeSeconds=-1, groundSpeed=0.0, track=0.0, accuracy=88.54299926757812, satelliteCount=0, flightTime=00:00, timestamp=1760857328103, currentPressureHPa=1003.7238159179688, qnh=1013.25, isQNHCalibrated=false, windSpeed=0.0, windDirection=0.0, thermalAverage=0.0, currentLD=0.0, netto=0.0, varioOptimized=0.0, varioLegacy=0.0, varioRaw=0.0, varioGPS=0.0, varioComplementary=-1.2801300241627385, lastUpdateTime=1760857328104, calculationSource=GPS+BARO+COMPASS+IMU+TE+AGL+50Hz), lat=-33.8943776, lon=151.2692477, accuracy=88.54299926757812, gpsAlt=86.9000015258789m, speed=0.0kt, track=0.0deg
10-19 18:02:08.105 D/LocationManager( 7002): oe User location updated: -33.8943776, 151.2692477
10-19 18:02:08.105 D/LocationManager( 7002): --o Map available for sailplane overlay update, style=true
10-19 18:02:08.105 W/Layer   ( 1950): gatherBufferInfo: Received unknown dataspace from gralloc
10-19 18:02:08.105 W/Layer   ( 1950): gatherBufferInfo: Received unknown dataspace from gralloc
10-19 18:02:08.105 D/SailplaneLocationOverlay( 7002): ... Location updated: lat=-33.8943776, lon=151.2692477, track=0deg, magHeading=0deg, mode=NORTH_UP, iconRotation=0deg
10-19 18:02:08.105 D/LocationManager( 7002): " NORTH_UP: Camera following location at -33.8943776, 151.2692477
10-19 18:02:08.105 D/LocationManager( 7002): ... Custom sailplane overlay updated successfully (track=0.0deg)
10-19 18:02:08.109 I/SoundAlive_SRC384 arch64( 1936): SoundAlive_SRC384: Instance 3866 Init(outFs 8, InFs 7, chnum 1, outBW 3, inBW 3)
10-19 18:02:08.109 I/Samsung_SoundAlive_SRC arch64( 1936): SRC384 version Samsung SoundAlive SRC ver320 arch64  2021.08.04 (Cppref for ARM64, ver.300.c 32bit 07_10_2016 based)
10-19 18:02:08.113 W/Layer   ( 1950): gatherBufferInfo: Received unknown dataspace from gralloc
10-19 18:02:08.113 W/Layer   ( 1950): gatherBufferInfo: Received unknown dataspace from gralloc
10-19 18:02:08.115 D/BaroCalc( 7002): > Skip sample: invalid gpsAltitude (null)
10-19 18:02:08.116 D/ElevationCache( 7002): ... Cache HIT: 62m at (-33.8943776, 151.2692477) [hit rate: 84%]
10-19 18:02:08.116 D/SimpleAGL( 7002): ... AGL raw: 17m (Alt: 79m, Ground: 62m, Speed: 0m/s)
10-19 18:02:08.117 D/MapInitializer( 7002): "* Camera idle, zoom: 9.628437500000002
10-19 18:02:08.117 D/FlightDataManager( 7002): Live flight data updated: GPS fixed=RealTimeFlightData(latitude=-33.8943776, longitude=151.2692477, gpsAltitude=86.9000015258789, baroAltitude=79.58761540497157, agl=17.5825207683514, verticalSpeed=0.0, pressureAltitude=79.59389671766843, baroGpsDelta=-7.312386120907334, baroConfidence=LOW, qnhCalibrationAgeSeconds=-1, groundSpeed=0.0, track=0.0, accuracy=88.54299926757812, satelliteCount=0, flightTime=00:00, timestamp=1760857328116, currentPressureHPa=1003.7243041992188, qnh=1013.25, isQNHCalibrated=false, windSpeed=0.0, windDirection=0.0, thermalAverage=0.0, currentLD=0.0, netto=0.0, varioOptimized=0.0, varioLegacy=0.0, varioRaw=-0.20477909065732547, varioGPS=0.0, varioComplementary=-0.5159167416321392, lastUpdateTime=1760857328117, calculationSource=GPS+BARO+COMPASS+IMU+TE+AGL+50Hz)
10-19 18:02:08.118 D/LocationManager( 7002): " GPS Data: fixed=RealTimeFlightData(latitude=-33.8943776, longitude=151.2692477, gpsAltitude=86.9000015258789, baroAltitude=79.58761540497157, agl=17.5825207683514, verticalSpeed=0.0, pressureAltitude=79.59389671766843, baroGpsDelta=-7.312386120907334, baroConfidence=LOW, qnhCalibrationAgeSeconds=-1, groundSpeed=0.0, track=0.0, accuracy=88.54299926757812, satelliteCount=0, flightTime=00:00, timestamp=1760857328116, currentPressureHPa=1003.7243041992188, qnh=1013.25, isQNHCalibrated=false, windSpeed=0.0, windDirection=0.0, thermalAverage=0.0, currentLD=0.0, netto=0.0, varioOptimized=0.0, varioLegacy=0.0, varioRaw=-0.20477909065732547, varioGPS=0.0, varioComplementary=-0.5159167416321392, lastUpdateTime=1760857328117, calculationSource=GPS+BARO+COMPASS+IMU+TE+AGL+50Hz), lat=-33.8943776, lon=151.2692477, accuracy=88.54299926757812, gpsAlt=86.9000015258789m, speed=0.0kt, track=0.0deg
10-19 18:02:08.118 D/LocationManager( 7002): oe User location updated: -33.8943776, 151.2692477
10-19 18:02:08.118 D/LocationManager( 7002): --o Map available for sailplane overlay update, style=true
10-19 18:02:08.118 D/SailplaneLocationOverlay( 7002): ... Location updated: lat=-33.8943776, lon=151.2692477, track=0deg, magHeading=0deg, mode=NORTH_UP, iconRotation=0deg
10-19 18:02:08.118 D/LocationManager( 7002): " NORTH_UP: Camera following location at -33.8943776, 151.2692477
10-19 18:02:08.118 D/LocationManager( 7002): ... Custom sailplane overlay updated successfully (track=0.0deg)
10-19 18:02:08.119 I/BWU@Recorder(24490): Ph_input stream available : 6400 ==> flush  [ForkJoinPool.commonPool-worker-22] 
10-19 18:02:08.121 W/Layer   ( 1950): gatherBufferInfo: Received unknown dataspace from gralloc
10-19 18:02:08.121 W/Layer   ( 1950): gatherBufferInfo: Received unknown dataspace from gralloc
10-19 18:02:08.122 I/ISG_Wakeup_Verify(24490): [KWD] Bargein - scores: [0.0390, 0.2441, t(620)], [0.0372, 0.2287, t(624)], [0.0779, 0.1234, t(628)], [0.1344, 0.0146, t(632)], [0.7357, 0.0033, t(636)], RMS: 546
10-19 18:02:08.124 D/MapInitializer( 7002): "* Camera idle, zoom: 9.628437500000002
10-19 18:02:08.129 D/BaroCalc( 7002): > Skip sample: invalid gpsAltitude (null)
10-19 18:02:08.130 W/Layer   ( 1950): gatherBufferInfo: Received unknown dataspace from gralloc
10-19 18:02:08.130 W/Layer   ( 1950): gatherBufferInfo: Received unknown dataspace from gralloc
10-19 18:02:08.136 D/ElevationCache( 7002): ... Cache HIT: 62m at (-33.8943776, 151.2692477) [hit rate: 84%]
10-19 18:02:08.136 D/SimpleAGL( 7002): ... AGL raw: 17m (Alt: 79m, Ground: 62m, Speed: 0m/s)
10-19 18:02:08.136 D/FlightDataManager( 7002): Live flight data updated: GPS fixed=RealTimeFlightData(latitude=-33.8943776, longitude=151.2692477, gpsAltitude=86.9000015258789, baroAltitude=79.5921974345494, agl=17.587615404971572, verticalSpeed=0.0, pressureAltitude=79.59389671766843, baroGpsDelta=-7.307804091329501, baroConfidence=LOW, qnhCalibrationAgeSeconds=-1, groundSpeed=0.0, track=0.0, accuracy=88.54299926757812, satelliteCount=0, flightTime=00:00, timestamp=1760857328136, currentPressureHPa=1003.7243041992188, qnh=1013.25, isQNHCalibrated=false, windSpeed=0.0, windDirection=0.0, thermalAverage=0.0, currentLD=0.0, netto=0.0, varioOptimized=0.0, varioLegacy=0.0, varioRaw=0.0, varioGPS=0.0, varioComplementary=-0.15477502248964178, lastUpdateTime=1760857328136, calculationSource=GPS+BARO+COMPASS+IMU+TE+AGL+50Hz)
10-19 18:02:08.137 D/LocationManager( 7002): " GPS Data: fixed=RealTimeFlightData(latitude=-33.8943776, longitude=151.2692477, gpsAltitude=86.9000015258789, baroAltitude=79.5921974345494, agl=17.587615404971572, verticalSpeed=0.0, pressureAltitude=79.59389671766843, baroGpsDelta=-7.307804091329501, baroConfidence=LOW, qnhCalibrationAgeSeconds=-1, groundSpeed=0.0, track=0.0, accuracy=88.54299926757812, satelliteCount=0, flightTime=00:00, timestamp=1760857328136, currentPressureHPa=1003.7243041992188, qnh=1013.25, isQNHCalibrated=false, windSpeed=0.0, windDirection=0.0, thermalAverage=0.0, currentLD=0.0, netto=0.0, varioOptimized=0.0, varioLegacy=0.0, varioRaw=0.0, varioGPS=0.0, varioComplementary=-0.15477502248964178, lastUpdateTime=1760857328136, calculationSource=GPS+BARO+COMPASS+IMU+TE+AGL+50Hz), lat=-33.8943776, lon=151.2692477, accuracy=88.54299926757812, gpsAlt=86.9000015258789m, speed=0.0kt, track=0.0deg
10-19 18:02:08.137 D/LocationManager( 7002): oe User location updated: -33.8943776, 151.2692477
10-19 18:02:08.137 D/LocationManager( 7002): --o Map available for sailplane overlay update, style=true
10-19 18:02:08.137 D/SailplaneLocationOverlay( 7002): ... Location updated: lat=-33.8943776, lon=151.2692477, track=0deg, magHeading=0deg, mode=NORTH_UP, iconRotation=0deg
10-19 18:02:08.138 D/LocationManager( 7002): " NORTH_UP: Camera following location at -33.8943776, 151.2692477
10-19 18:02:08.138 D/LocationManager( 7002): ... Custom sailplane overlay updated successfully (track=0.0deg)
10-19 18:02:08.138 W/Layer   ( 1950): gatherBufferInfo: Received unknown dataspace from gralloc
10-19 18:02:08.138 D/MapInitializer( 7002): "* Camera idle, zoom: 9.628437500000002
